

=====================================================================
== D:\DayZServers\TheCommunity_enochTest\EnochTestServer_x64.exe
== "D:\DayZServers\TheCommunity_enochTest\EnochTestServer_x64.exe"  -port=2442 "-mod=@CF;@Community-Online-Tools;@BuildAnywhere;@BaseBuildingLogs;@Trader;@BaseBuildingPlus;@Durable_Suppressors;@VanillaPlusPlusMap;@Ear-Plugs;@Catch_Rain;@DayZ-Expansion-Notifications;@DayZ-Expansion-Chat;@No_Shoe_Damage;@Airdrop-Upgraded;@Ammo_Making;@Banking;@Unlimited_Stamina;@BuilderItems;@Camosplus;@CannabisPlus;@CheckIdentity;@Code_Lock;@Dayz_Navigation;@FIDOv_PACK_4;@FlipTransport;@GoreZ;@IRP-Land-Rover-Defender-110;@KillFeed;@NoVehicleDamage;@PartyMe;@Modular_Vest_System;@MuchStuffPack;@Specialist_Weapon_Pack;" -config=D:\DayZServers\TheCommunity_enochTest\TheCommunityDZTest.cfg -profiles=TheEnochTestServer -BEPath=D:\DayZServers\TheCommunity_enochTest\battleye -filePatching -adminlog -netlog -freezecheck -scrAllowFileWrite
=====================================================================
Exe timestamp: 2020/03/14 00:03:02
Current time:  2020/04/04 11:26:05

Version 1.07.153006
11:26:05.508 [Inputs] Loading inputs default "bin/constants.xml"
11:26:05.508 [Inputs] Loading inputs default "bin/specific.xml"
11:26:05.508 !!! [Inputs] Invalid input name used "UAUIInspectItem" for context "ui" in "bin/specific.xml"
11:26:05.508 !!! [Inputs] Attempt to register duplicate Modded-Inputs file "VanillaPPMap/data/modded_Inputs.xml"
11:26:05.508 [Inputs] Loading inputs default "EarPlugs\data\inputs.xml"
11:26:05.508 [Inputs] Loading inputs default "JM/COT/scripts/Data/Inputs.xml"
11:26:05.508 [Inputs] Loading inputs default "KillFeed/inputs/Inputs.xml"
11:26:05.508 [Inputs] Loading inputs default "partyme/scripts/partyme_inputs.xml"
11:26:05.508 [Inputs] Loading inputs default "VanillaPPMap/data/modded_Inputs.xml"
11:26:05.508 [Inputs] Loading inputs default "BaseBuildingPlus/Scripts/Data/Inputs.xml"
11:26:05.508 [Inputs] Loading inputs default "VanillaPPMap/data/modded_Inputs.xml"
11:26:05.508 !!! [Inputs] Attempt to register duplicate input "UAOpenVPPMap"
11:26:05.508 !!! [Inputs] Attempt to register duplicate input "UAToggleVPPMap3DMarkers"
11:26:05.508 [Inputs] Loading inputs cfg "TheEnochTestServer\Users\Survivor\Server.core.xml"
11:26:05.523 [Inputs] Exporting inputs cfg "TheEnochTestServer\Users\Survivor\Server.core.xml"
11:26:05.945 !!! [Inputs] Attempt to register "PMHideShowTrackers" input twice
11:26:54.323 [CE][Hive] :: Initializing OFFLINE
11:26:54.323 [CE][Hive] :: Loading core data ... 
11:26:54.323 [CE][CoreData] :: 7 root classes, 19 defaults, 0 updaters...
11:26:59.526 [CE][RegisterBind] :: 0 classes binded...
11:26:59.526 [CE][RegisterConfig] :: 7377 config classes registered, 0 sub-counters...
11:26:59.526 [CE][Hive] :: Loading map data ... 
11:26:59.573 !!! [CE] :: Unknown category: 'vehicleparts'.
11:26:59.573 !!! [CE] :: Unknown category: 'vehicleparts'.
11:26:59.573 !!! [CE] :: Unknown category: 'vehicleparts'.
11:26:59.573 !!! [CE] :: Unknown category: 'vehicleparts'.
11:26:59.573 !!! [CE] :: Unknown category: 'vehicleparts'.
11:26:59.573 !!! [CE] :: Unknown category: 'vehicleparts'.
11:26:59.573 !!! [CE] :: Unknown category: 'vehicleparts'.
11:26:59.573 !!! [CE] :: Unknown category: 'vehicleparts'.
11:26:59.573 !!! [CE] :: Unknown category: 'vehicleparts'.
11:26:59.573 !!! [CE] :: Unknown category: 'vehicleparts'.
11:26:59.573 !!! [CE] :: Unknown category: 'vehicleparts'.
11:26:59.573 !!! [CE] :: Unknown category: 'vehicleparts'.
11:26:59.573 !!! [CE] :: Unknown category: 'vehicleparts'.
11:26:59.573 !!! [CE] :: Unknown category: 'vehicleparts'.
11:26:59.573 !!! [CE] :: Unknown category: 'vehicleparts'.
11:26:59.573 !!! [CE] :: Unknown category: 'vehicleparts'.
11:26:59.573 !!! [CE] :: Unknown category: 'vehicleparts'.
11:26:59.573 !!! [CE] :: Unknown category: 'vehicleparts'.
11:26:59.573 !!! [CE] :: Unknown category: 'vehicleparts'.
11:26:59.573 !!! [CE] :: Unknown category: 'vehicleparts'.
11:26:59.573 !!! [CE] :: Unknown category: 'vehicleparts'.
11:26:59.573 !!! [CE] :: Unknown category: 'vehicleparts'.
11:26:59.573 !!! [CE] :: Unknown category: 'vehicleparts'.
11:26:59.573 !!! [CE] :: Unknown category: 'vehicleparts'.
11:26:59.573 [CE][LoadPrototype] :: loaded 330 prototypes
11:26:59.573   702 containers, 9116 points
11:26:59.573   24 dispatches, 90 proxies
11:26:59.573 !!! [CE][LoadPrototype] 12 groups have no points...
11:26:59.573 !!![CE][LoadPrototype]  3 groups have wrong points...
11:26:59.573 [CE][LoadPrototype] :: last group name: Land_Lunapark_Autodrome...
11:26:59.573 [CE][LoadPrototype] :: loaded 0 prototypes
11:26:59.573   0 containers, 0 points
11:26:59.573   0 dispatches, 0 proxies
11:26:59.573 [CE][LoadPrototype] :: last group name: PathD_7100...
11:26:59.901 [CE][LoadMap] "Group" :: loaded 5086 groups, largest group range: 26.9
11:26:59.901 [CE][LoadMap] "Dirt" :: loaded 0 groups, largest group range: 26.9
11:27:00.10 [CE][Links] found 354 total links between groups, of 5086
11:27:00.10 [CE][LoadClusters] "Cluster" :: Loading files...
11:27:00.198 [CE][LoadClusters] :: file: "mapgroupcluster.xml", 4 types, 50000 instances
11:27:00.417 [CE][LoadClusters] :: file: "mapgroupcluster01", 4 types, 50000 instances
11:27:00.635 [CE][LoadClusters] :: file: "mapgroupcluster02", 4 types, 50000 instances
11:27:00.838 [CE][LoadClusters] :: file: "mapgroupcluster03", 4 types, 50000 instances
11:27:00.932 [CE][LoadClusters] :: file: "mapgroupcluster04", 4 types, 21297 instances
11:27:00.948 [CE][Storage] ver:21 stamp:28106, valid:yes, name:"mpmissions\TheCommunity.enoch\storage_666\data\types.bin"
11:27:00.948 [CE][Storage] ver:21 stamp:28105, valid:yes, name:"mpmissions\TheCommunity.enoch\storage_666\data\types.001"
11:27:00.948 [CE][Storage] ver:21 stamp:28103, valid:yes, name:"mpmissions\TheCommunity.enoch\storage_666\data\types.002"
11:27:00.948 [CE][Storage] Restoring file "mpmissions\TheCommunity.enoch\storage_666\data\types.bin".
11:27:01.42 [CE][offlineDB] :: Loaded 33 dynamic events 215 total types 0 total positions.
11:27:01.73 !!! [CE][offlineDB] :: Failed to read 'db/types.xml' file.
11:27:01.73 [CE][Storage] ver:21 stamp:28106, valid:yes, name:"mpmissions\TheCommunity.enoch\storage_666\data\events.bin"
11:27:01.73 [CE][Storage] ver:21 stamp:28105, valid:yes, name:"mpmissions\TheCommunity.enoch\storage_666\data\events.001"
11:27:01.73 [CE][Storage] ver:21 stamp:28103, valid:yes, name:"mpmissions\TheCommunity.enoch\storage_666\data\events.002"
11:27:01.73 [CE][Storage] Restoring file "mpmissions\TheCommunity.enoch\storage_666\data\events.bin".
11:27:01.73 [CE][DynamicEvent] Load  Events:[33] Primary spawners: 33 Secondary spawners: 1
11:27:01.73 [CE][Storage] ver:24 stamp:28106, valid:yes, name:"mpmissions\TheCommunity.enoch\storage_666\data\vehicles.bin"
11:27:01.73 [CE][Storage] ver:24 stamp:28105, valid:yes, name:"mpmissions\TheCommunity.enoch\storage_666\data\vehicles.001"
11:27:01.73 [CE][Storage] ver:24 stamp:28103, valid:yes, name:"mpmissions\TheCommunity.enoch\storage_666\data\vehicles.002"
11:27:01.73 [CE][Storage] Restoring file "mpmissions\TheCommunity.enoch\storage_666\data\vehicles.bin" 27 items.
11:27:01.135   27 items loaded.
11:27:01.135 [CE][Storage] ver:0 stamp:0, valid:NO, name:"mpmissions\TheCommunity.enoch\storage_666\data\dynamic_000.bin"
11:27:01.135 [CE][Storage] ver:24 stamp:28105, valid:yes, name:"mpmissions\TheCommunity.enoch\storage_666\data\dynamic_000.001"
11:27:01.151 [CE][Storage] ver:24 stamp:28103, valid:yes, name:"mpmissions\TheCommunity.enoch\storage_666\data\dynamic_000.002"
11:27:01.151 [CE][Storage] Restoring file "mpmissions\TheCommunity.enoch\storage_666\data\dynamic_000.001" 10 items.
11:27:01.151   10 items loaded.
11:27:01.151 [CE][Storage] ver:0 stamp:0, valid:NO, name:"mpmissions\TheCommunity.enoch\storage_666\data\dynamic_001.bin"
11:27:01.151 [CE][Storage] ver:24 stamp:28105, valid:yes, name:"mpmissions\TheCommunity.enoch\storage_666\data\dynamic_001.001"
11:27:01.151 [CE][Storage] ver:24 stamp:28103, valid:yes, name:"mpmissions\TheCommunity.enoch\storage_666\data\dynamic_001.002"
11:27:01.151 [CE][Storage] Restoring file "mpmissions\TheCommunity.enoch\storage_666\data\dynamic_001.001" 98 items.
11:27:01.385   98 items loaded.
11:27:01.385 [CE][Storage] ver:0 stamp:0, valid:NO, name:"mpmissions\TheCommunity.enoch\storage_666\data\dynamic_002.bin"
11:27:01.385 [CE][Storage] ver:24 stamp:28105, valid:yes, name:"mpmissions\TheCommunity.enoch\storage_666\data\dynamic_002.001"
11:27:01.385 [CE][Storage] ver:24 stamp:28103, valid:yes, name:"mpmissions\TheCommunity.enoch\storage_666\data\dynamic_002.002"
11:27:01.385 [CE][Storage] Restoring file "mpmissions\TheCommunity.enoch\storage_666\data\dynamic_002.001" 24 items.
11:27:01.385   24 items loaded.
11:27:01.385 [CE][Storage] ver:0 stamp:0, valid:NO, name:"mpmissions\TheCommunity.enoch\storage_666\data\dynamic_003.bin"
11:27:01.385 [CE][Storage] ver:24 stamp:28105, valid:yes, name:"mpmissions\TheCommunity.enoch\storage_666\data\dynamic_003.001"
11:27:01.385 [CE][Storage] ver:24 stamp:28106, valid:yes, name:"mpmissions\TheCommunity.enoch\storage_666\data\dynamic_003.002"
11:27:01.385 [CE][Storage] Restoring file "mpmissions\TheCommunity.enoch\storage_666\data\dynamic_003.002" 57 items.
11:27:01.401   57 items loaded.
11:27:01.401 [CE][Storage] ver:0 stamp:0, valid:NO, name:"mpmissions\TheCommunity.enoch\storage_666\data\dynamic_004.bin"
11:27:01.401 [CE][Storage] ver:24 stamp:28105, valid:yes, name:"mpmissions\TheCommunity.enoch\storage_666\data\dynamic_004.001"
11:27:01.401 [CE][Storage] ver:24 stamp:28106, valid:yes, name:"mpmissions\TheCommunity.enoch\storage_666\data\dynamic_004.002"
11:27:01.401 [CE][Storage] Restoring file "mpmissions\TheCommunity.enoch\storage_666\data\dynamic_004.002" 51 items.
11:27:01.417   51 items loaded.
11:27:01.417 [CE][Storage] ver:0 stamp:0, valid:NO, name:"mpmissions\TheCommunity.enoch\storage_666\data\dynamic_005.bin"
11:27:01.417 [CE][Storage] ver:24 stamp:28105, valid:yes, name:"mpmissions\TheCommunity.enoch\storage_666\data\dynamic_005.001"
11:27:01.417 [CE][Storage] ver:24 stamp:28106, valid:yes, name:"mpmissions\TheCommunity.enoch\storage_666\data\dynamic_005.002"
11:27:01.417 [CE][Storage] Restoring file "mpmissions\TheCommunity.enoch\storage_666\data\dynamic_005.002" 64 items.
11:27:01.432   64 items loaded.
11:27:01.432 [CE][Storage] ver:0 stamp:0, valid:NO, name:"mpmissions\TheCommunity.enoch\storage_666\data\dynamic_006.bin"
11:27:01.432 [CE][Storage] ver:24 stamp:28105, valid:yes, name:"mpmissions\TheCommunity.enoch\storage_666\data\dynamic_006.001"
11:27:01.432 [CE][Storage] ver:24 stamp:28106, valid:yes, name:"mpmissions\TheCommunity.enoch\storage_666\data\dynamic_006.002"
11:27:01.432 [CE][Storage] Restoring file "mpmissions\TheCommunity.enoch\storage_666\data\dynamic_006.002" 54 items.
11:27:01.463   54 items loaded.
11:27:01.463 [CE][Storage] ver:0 stamp:0, valid:NO, name:"mpmissions\TheCommunity.enoch\storage_666\data\dynamic_007.bin"
11:27:01.463 [CE][Storage] ver:24 stamp:28105, valid:yes, name:"mpmissions\TheCommunity.enoch\storage_666\data\dynamic_007.001"
11:27:01.463 [CE][Storage] ver:24 stamp:28106, valid:yes, name:"mpmissions\TheCommunity.enoch\storage_666\data\dynamic_007.002"
11:27:01.463 [CE][Storage] Restoring file "mpmissions\TheCommunity.enoch\storage_666\data\dynamic_007.002" 36 items.
11:27:01.463   36 items loaded.
11:27:01.463 [CE][Storage] ver:0 stamp:0, valid:NO, name:"mpmissions\TheCommunity.enoch\storage_666\data\dynamic_008.bin"
11:27:01.479 [CE][Storage] ver:24 stamp:28105, valid:yes, name:"mpmissions\TheCommunity.enoch\storage_666\data\dynamic_008.001"
11:27:01.479 [CE][Storage] ver:24 stamp:28106, valid:yes, name:"mpmissions\TheCommunity.enoch\storage_666\data\dynamic_008.002"
11:27:01.479 [CE][Storage] Restoring file "mpmissions\TheCommunity.enoch\storage_666\data\dynamic_008.002" 33 items.
11:27:01.479   33 items loaded.
11:27:01.479 [CE][Storage] ver:0 stamp:0, valid:NO, name:"mpmissions\TheCommunity.enoch\storage_666\data\dynamic_009.bin"
11:27:01.479 [CE][Storage] ver:24 stamp:28105, valid:yes, name:"mpmissions\TheCommunity.enoch\storage_666\data\dynamic_009.001"
11:27:01.479 [CE][Storage] ver:24 stamp:28106, valid:yes, name:"mpmissions\TheCommunity.enoch\storage_666\data\dynamic_009.002"
11:27:01.479 [CE][Storage] Restoring file "mpmissions\TheCommunity.enoch\storage_666\data\dynamic_009.002" 22 items.
11:27:01.495   22 items loaded.
11:27:01.495 [CE][Storage] ver:0 stamp:0, valid:NO, name:"mpmissions\TheCommunity.enoch\storage_666\data\dynamic_010.bin"
11:27:01.495 [CE][Storage] ver:24 stamp:28105, valid:yes, name:"mpmissions\TheCommunity.enoch\storage_666\data\dynamic_010.001"
11:27:01.495 [CE][Storage] ver:24 stamp:28106, valid:yes, name:"mpmissions\TheCommunity.enoch\storage_666\data\dynamic_010.002"
11:27:01.495 [CE][Storage] Restoring file "mpmissions\TheCommunity.enoch\storage_666\data\dynamic_010.002" 124 items.
11:27:01.526   124 items loaded.
11:27:01.526 [CE][Storage] ver:0 stamp:0, valid:NO, name:"mpmissions\TheCommunity.enoch\storage_666\data\dynamic_011.bin"
11:27:01.526 [CE][Storage] ver:24 stamp:28105, valid:yes, name:"mpmissions\TheCommunity.enoch\storage_666\data\dynamic_011.001"
11:27:01.526 [CE][Storage] ver:24 stamp:28106, valid:yes, name:"mpmissions\TheCommunity.enoch\storage_666\data\dynamic_011.002"
11:27:01.526 [CE][Storage] Restoring file "mpmissions\TheCommunity.enoch\storage_666\data\dynamic_011.002" 18 items.
11:27:01.526   18 items loaded.
11:27:01.557 [CE][Hive] :: Storage load took:0.49 seconds, recovery stamp:28106
11:27:01.557   entity: 821, building: 0
11:27:01.557   no lifetime: 27
11:27:01.557 [CE][Hive] :: Initializing ... 
11:27:01.557 [CE][InitializeMap] :: initialized: 0
11:27:01.557 [CE][Hive] :: Initializing spawners ... 
11:27:01.557 [CE][DynEvent] :: 33 types
11:27:01.557 [00] AmbientHen
11:27:01.557   Primary Spawner: "Ambient", active: yes, repeat: 1
11:27:01.557 [01] AnimalBear
11:27:01.557   Primary Spawner: "Animal", active: yes, repeat: 1
11:27:01.557 [02] AnimalCow
11:27:01.557   Primary Spawner: "Animal", active: yes, repeat: 1
11:27:01.557 [03] AnimalDeer
11:27:01.557   Primary Spawner: "Animal", active: yes, repeat: 1
11:27:01.557 [04] AnimalGoat
11:27:01.557   Primary Spawner: "Animal", active: yes, repeat: 1
11:27:01.557 [05] AnimalPig
11:27:01.557   Primary Spawner: "Animal", active: yes, repeat: 1
11:27:01.557 [06] AnimalRoeDeer
11:27:01.557   Primary Spawner: "Animal", active: yes, repeat: 1
11:27:01.557 [07] AnimalSheep
11:27:01.557   Primary Spawner: "Animal", active: yes, repeat: 1
11:27:01.557 [08] AnimalWildBoar
11:27:01.557   Primary Spawner: "Animal", active: yes, repeat: 1
11:27:01.557 [09] AnimalWolf
11:27:01.557   Primary Spawner: "Animal", active: yes, repeat: 1
11:27:01.557 [10] InfectedArmy
11:27:01.557   Primary Spawner: "Infected", active: yes, repeat: 1
11:27:01.557 [11] InfectedCity
11:27:01.557   Primary Spawner: "Infected", active: yes, repeat: 1
11:27:01.557 [12] InfectedFirefighter
11:27:01.557   Primary Spawner: "Infected", active: yes, repeat: 1
11:27:01.557 [13] InfectedIndustrial
11:27:01.557   Primary Spawner: "Infected", active: yes, repeat: 1
11:27:01.557 [14] InfectedMedic
11:27:01.557   Primary Spawner: "Infected", active: yes, repeat: 1
11:27:01.557 [15] InfectedPolice
11:27:01.557   Primary Spawner: "Infected", active: yes, repeat: 1
11:27:01.557 [16] InfectedPrisoner
11:27:01.557   Primary Spawner: "Infected", active: yes, repeat: 1
11:27:01.557 [17] InfectedReligious
11:27:01.557   Primary Spawner: "Infected", active: yes, repeat: 1
11:27:01.557 [18] InfectedSolitude
11:27:01.557   Primary Spawner: "Infected", active: yes, repeat: 1
11:27:01.557 [19] InfectedVillage
11:27:01.557   Primary Spawner: "Infected", active: yes, repeat: 1
11:27:01.557 [20] ItemPlanks
11:27:01.557   Primary Spawner: "Item", active: yes, repeat: 1
11:27:01.557 [21] Loot
11:27:01.557   Primary Spawner: "Loot", active: yes, repeat: 2
11:27:01.557 [22] StaticHeliCrash
11:27:01.557   Primary Spawner: "Vehicle", active: yes, repeat: 1
11:27:01.557   Secondary Spawner: "Infected", active: yes, repeat: 1
11:27:01.557 [23] StaticPoliceCar
11:27:01.557   Primary Spawner: "Vehicle", active: yes, repeat: 1
11:27:01.557 [24] TrajectoryConiferous
11:27:01.557   Primary Spawner: "Trajectory", active: yes, repeat: 1
11:27:01.557 [25] TrajectoryDeciduous
11:27:01.557   Primary Spawner: "Trajectory", active: yes, repeat: 1
11:27:01.557 [26] TrajectoryHumus
