

=====================================================================
== D:\DayZServers\TheCommunity_enochTest\EnochTestServer_x64.exe
== "D:\DayZServers\TheCommunity_enochTest\EnochTestServer_x64.exe"  -port=2442 "-mod=@CF;@Community-Online-Tools;@BuildAnywhere;@BaseBuildingLogs;@Trader;@BaseBuildingPlus;@Durable_Suppressors;@VanillaPlusPlusMap;@Ear-Plugs;@Catch_Rain;@DayZ-Expansion-Notifications;@DayZ-Expansion-Chat;@No_Shoe_Damage;@Airdrop-Upgraded;@Ammo_Making;@Banking;@Unlimited_Stamina;@BuilderItems;@Camosplus;@CannabisPlus;@CheckIdentity;@Code_Lock;@Dayz_Navigation;@FIDOv_PACK_4;@FlipTransport;@GoreZ;@IRP-Land-Rover-Defender-110;@KillFeed;@NoVehicleDamage;@PartyMe;@Modular_Vest_System;@MuchStuffPack;@Specialist_Weapon_Pack;" -config=D:\DayZServers\TheCommunity_enochTest\TheCommunityDZTest.cfg -profiles=TheEnochTestServer -BEPath=D:\DayZServers\TheCommunity_enochTest\battleye -filePatching -adminlog -netlog -freezecheck -scrAllowFileWrite
=====================================================================
Exe timestamp: 2020/03/14 00:03:02
Current time:  2020/04/04 18:43:36

Version 1.07.153006
18:43:36.856 [Inputs] Loading inputs default "bin/constants.xml"
18:43:36.872 [Inputs] Loading inputs default "bin/specific.xml"
18:43:36.872 !!! [Inputs] Invalid input name used "UAUIInspectItem" for context "ui" in "bin/specific.xml"
18:43:36.872 !!! [Inputs] Attempt to register duplicate Modded-Inputs file "VanillaPPMap/data/modded_Inputs.xml"
18:43:36.872 [Inputs] Loading inputs default "EarPlugs\data\inputs.xml"
18:43:36.872 [Inputs] Loading inputs default "JM/COT/scripts/Data/Inputs.xml"
18:43:36.872 [Inputs] Loading inputs default "KillFeed/inputs/Inputs.xml"
18:43:36.872 [Inputs] Loading inputs default "partyme/scripts/partyme_inputs.xml"
18:43:36.872 [Inputs] Loading inputs default "VanillaPPMap/data/modded_Inputs.xml"
18:43:36.872 [Inputs] Loading inputs default "BaseBuildingPlus/Scripts/Data/Inputs.xml"
18:43:36.872 [Inputs] Loading inputs default "VanillaPPMap/data/modded_Inputs.xml"
18:43:36.872 !!! [Inputs] Attempt to register duplicate input "UAOpenVPPMap"
18:43:36.872 !!! [Inputs] Attempt to register duplicate input "UAToggleVPPMap3DMarkers"
18:43:36.872 [Inputs] Loading inputs cfg "TheEnochTestServer\Users\Survivor\Server.core.xml"
18:43:36.872 [Inputs] Exporting inputs cfg "TheEnochTestServer\Users\Survivor\Server.core.xml"
18:43:37.294 !!! [Inputs] Attempt to register "PMHideShowTrackers" input twice
18:44:30.484 [CE][Hive] :: Initializing OFFLINE
18:44:30.484 [CE][Hive] :: Loading core data ... 
18:44:30.484 [CE][CoreData] :: 7 root classes, 19 defaults, 0 updaters...
18:44:41.625 [CE][RegisterBind] :: 0 classes binded...
18:44:41.625 [CE][RegisterConfig] :: 7377 config classes registered, 0 sub-counters...
18:44:41.625 [CE][Hive] :: Loading map data ... 
18:44:41.672 !!! [CE] :: Unknown category: 'vehicleparts'.
18:44:41.672 !!! [CE] :: Unknown category: 'vehicleparts'.
18:44:41.672 !!! [CE] :: Unknown category: 'vehicleparts'.
18:44:41.672 !!! [CE] :: Unknown category: 'vehicleparts'.
18:44:41.672 !!! [CE] :: Unknown category: 'vehicleparts'.
18:44:41.672 !!! [CE] :: Unknown category: 'vehicleparts'.
18:44:41.672 !!! [CE] :: Unknown category: 'vehicleparts'.
18:44:41.672 !!! [CE] :: Unknown category: 'vehicleparts'.
18:44:41.672 !!! [CE] :: Unknown category: 'vehicleparts'.
18:44:41.672 !!! [CE] :: Unknown category: 'vehicleparts'.
18:44:41.672 !!! [CE] :: Unknown category: 'vehicleparts'.
18:44:41.672 !!! [CE] :: Unknown category: 'vehicleparts'.
18:44:41.672 !!! [CE] :: Unknown category: 'vehicleparts'.
18:44:41.672 !!! [CE] :: Unknown category: 'vehicleparts'.
18:44:41.672 !!! [CE] :: Unknown category: 'vehicleparts'.
18:44:41.672 !!! [CE] :: Unknown category: 'vehicleparts'.
18:44:41.672 !!! [CE] :: Unknown category: 'vehicleparts'.
18:44:41.672 !!! [CE] :: Unknown category: 'vehicleparts'.
18:44:41.672 !!! [CE] :: Unknown category: 'vehicleparts'.
18:44:41.672 !!! [CE] :: Unknown category: 'vehicleparts'.
18:44:41.672 !!! [CE] :: Unknown category: 'vehicleparts'.
18:44:41.672 !!! [CE] :: Unknown category: 'vehicleparts'.
18:44:41.672 !!! [CE] :: Unknown category: 'vehicleparts'.
18:44:41.672 !!! [CE] :: Unknown category: 'vehicleparts'.
18:44:41.672 [CE][LoadPrototype] :: loaded 330 prototypes
18:44:41.672   702 containers, 9116 points
18:44:41.672   24 dispatches, 90 proxies
18:44:41.672 !!! [CE][LoadPrototype] 12 groups have no points...
18:44:41.672 !!![CE][LoadPrototype]  3 groups have wrong points...
18:44:41.672 [CE][LoadPrototype] :: last group name: Land_Lunapark_Autodrome...
18:44:41.672 [CE][LoadPrototype] :: loaded 0 prototypes
18:44:41.672   0 containers, 0 points
18:44:41.672   0 dispatches, 0 proxies
18:44:41.672 [CE][LoadPrototype] :: last group name: PathD_7100...
18:44:42.00 [CE][LoadMap] "Group" :: loaded 5086 groups, largest group range: 26.9
18:44:42.00 [CE][LoadMap] "Dirt" :: loaded 0 groups, largest group range: 26.9
18:44:42.109 [CE][Links] found 354 total links between groups, of 5086
18:44:42.109 [CE][LoadClusters] "Cluster" :: Loading files...
18:44:42.312 [CE][LoadClusters] :: file: "mapgroupcluster.xml", 4 types, 50000 instances
18:44:42.516 [CE][LoadClusters] :: file: "mapgroupcluster01", 4 types, 50000 instances
18:44:42.734 [CE][LoadClusters] :: file: "mapgroupcluster02", 4 types, 50000 instances
18:44:42.953 [CE][LoadClusters] :: file: "mapgroupcluster03", 4 types, 50000 instances
18:44:43.47 [CE][LoadClusters] :: file: "mapgroupcluster04", 4 types, 21297 instances
18:44:43.62 [CE][Storage] ver:21 stamp:28872, valid:yes, name:"mpmissions\TheCommunity.enoch\storage_666\data\types.bin"
18:44:43.62 [CE][Storage] ver:21 stamp:28870, valid:yes, name:"mpmissions\TheCommunity.enoch\storage_666\data\types.001"
18:44:43.62 [CE][Storage] ver:21 stamp:28871, valid:yes, name:"mpmissions\TheCommunity.enoch\storage_666\data\types.002"
18:44:43.62 [CE][Storage] Restoring file "mpmissions\TheCommunity.enoch\storage_666\data\types.bin".
18:44:43.141 [CE][offlineDB] :: Loaded 33 dynamic events 215 total types 0 total positions.
18:44:43.172 !!! [CE][offlineDB] :: Failed to read 'db/types.xml' file.
18:44:43.172 [CE][Storage] ver:21 stamp:28872, valid:yes, name:"mpmissions\TheCommunity.enoch\storage_666\data\events.bin"
18:44:43.172 [CE][Storage] ver:21 stamp:28870, valid:yes, name:"mpmissions\TheCommunity.enoch\storage_666\data\events.001"
18:44:43.172 [CE][Storage] ver:21 stamp:28871, valid:yes, name:"mpmissions\TheCommunity.enoch\storage_666\data\events.002"
18:44:43.172 [CE][Storage] Restoring file "mpmissions\TheCommunity.enoch\storage_666\data\events.bin".
18:44:43.172 [CE][DynamicEvent] Load  Events:[33] Primary spawners: 33 Secondary spawners: 1
18:44:43.187 [CE][Storage] ver:24 stamp:28872, valid:yes, name:"mpmissions\TheCommunity.enoch\storage_666\data\vehicles.bin"
18:44:43.187 [CE][Storage] ver:24 stamp:28870, valid:yes, name:"mpmissions\TheCommunity.enoch\storage_666\data\vehicles.001"
18:44:43.187 [CE][Storage] ver:24 stamp:28871, valid:yes, name:"mpmissions\TheCommunity.enoch\storage_666\data\vehicles.002"
18:44:43.187 [CE][Storage] Restoring file "mpmissions\TheCommunity.enoch\storage_666\data\vehicles.bin" 27 items.
18:44:43.250   27 items loaded.
18:44:43.250 [CE][Storage] ver:0 stamp:0, valid:NO, name:"mpmissions\TheCommunity.enoch\storage_666\data\dynamic_000.bin"
18:44:43.250 [CE][Storage] ver:24 stamp:28870, valid:yes, name:"mpmissions\TheCommunity.enoch\storage_666\data\dynamic_000.001"
18:44:43.250 [CE][Storage] ver:24 stamp:28871, valid:yes, name:"mpmissions\TheCommunity.enoch\storage_666\data\dynamic_000.002"
18:44:43.250 [CE][Storage] Restoring file "mpmissions\TheCommunity.enoch\storage_666\data\dynamic_000.002" 10 items.
18:44:43.250   10 items loaded.
18:44:43.250 [CE][Storage] ver:0 stamp:0, valid:NO, name:"mpmissions\TheCommunity.enoch\storage_666\data\dynamic_001.bin"
18:44:43.250 [CE][Storage] ver:24 stamp:28870, valid:yes, name:"mpmissions\TheCommunity.enoch\storage_666\data\dynamic_001.001"
18:44:43.250 [CE][Storage] ver:24 stamp:28871, valid:yes, name:"mpmissions\TheCommunity.enoch\storage_666\data\dynamic_001.002"
18:44:43.250 [CE][Storage] Restoring file "mpmissions\TheCommunity.enoch\storage_666\data\dynamic_001.002" 96 items.
18:44:43.281   96 items loaded.
18:44:43.281 [CE][Storage] ver:0 stamp:0, valid:NO, name:"mpmissions\TheCommunity.enoch\storage_666\data\dynamic_002.bin"
18:44:43.281 [CE][Storage] ver:24 stamp:28870, valid:yes, name:"mpmissions\TheCommunity.enoch\storage_666\data\dynamic_002.001"
18:44:43.281 [CE][Storage] ver:24 stamp:28871, valid:yes, name:"mpmissions\TheCommunity.enoch\storage_666\data\dynamic_002.002"
18:44:43.281 [CE][Storage] Restoring file "mpmissions\TheCommunity.enoch\storage_666\data\dynamic_002.002" 24 items.
18:44:43.297   24 items loaded.
18:44:43.297 [CE][Storage] ver:0 stamp:0, valid:NO, name:"mpmissions\TheCommunity.enoch\storage_666\data\dynamic_003.bin"
18:44:43.297 [CE][Storage] ver:24 stamp:28870, valid:yes, name:"mpmissions\TheCommunity.enoch\storage_666\data\dynamic_003.001"
18:44:43.297 [CE][Storage] ver:24 stamp:28871, valid:yes, name:"mpmissions\TheCommunity.enoch\storage_666\data\dynamic_003.002"
18:44:43.297 [CE][Storage] Restoring file "mpmissions\TheCommunity.enoch\storage_666\data\dynamic_003.002" 56 items.
18:44:43.312   56 items loaded.
18:44:43.312 [CE][Storage] ver:0 stamp:0, valid:NO, name:"mpmissions\TheCommunity.enoch\storage_666\data\dynamic_004.bin"
18:44:43.312 [CE][Storage] ver:24 stamp:28870, valid:yes, name:"mpmissions\TheCommunity.enoch\storage_666\data\dynamic_004.001"
18:44:43.312 [CE][Storage] ver:24 stamp:28871, valid:yes, name:"mpmissions\TheCommunity.enoch\storage_666\data\dynamic_004.002"
18:44:43.312 [CE][Storage] Restoring file "mpmissions\TheCommunity.enoch\storage_666\data\dynamic_004.002" 51 items.
18:44:43.328   51 items loaded.
18:44:43.328 [CE][Storage] ver:0 stamp:0, valid:NO, name:"mpmissions\TheCommunity.enoch\storage_666\data\dynamic_005.bin"
18:44:43.328 [CE][Storage] ver:24 stamp:28870, valid:yes, name:"mpmissions\TheCommunity.enoch\storage_666\data\dynamic_005.001"
18:44:43.344 [CE][Storage] ver:24 stamp:28871, valid:yes, name:"mpmissions\TheCommunity.enoch\storage_666\data\dynamic_005.002"
18:44:43.344 [CE][Storage] Restoring file "mpmissions\TheCommunity.enoch\storage_666\data\dynamic_005.002" 62 items.
18:44:43.359   62 items loaded.
18:44:43.359 [CE][Storage] ver:0 stamp:0, valid:NO, name:"mpmissions\TheCommunity.enoch\storage_666\data\dynamic_006.bin"
18:44:43.359 [CE][Storage] ver:24 stamp:28870, valid:yes, name:"mpmissions\TheCommunity.enoch\storage_666\data\dynamic_006.001"
18:44:43.359 [CE][Storage] ver:24 stamp:28871, valid:yes, name:"mpmissions\TheCommunity.enoch\storage_666\data\dynamic_006.002"
18:44:43.359 [CE][Storage] Restoring file "mpmissions\TheCommunity.enoch\storage_666\data\dynamic_006.002" 54 items.
18:44:43.375   54 items loaded.
18:44:43.375 [CE][Storage] ver:0 stamp:0, valid:NO, name:"mpmissions\TheCommunity.enoch\storage_666\data\dynamic_007.bin"
18:44:43.375 [CE][Storage] ver:24 stamp:28870, valid:yes, name:"mpmissions\TheCommunity.enoch\storage_666\data\dynamic_007.001"
18:44:43.375 [CE][Storage] ver:24 stamp:28871, valid:yes, name:"mpmissions\TheCommunity.enoch\storage_666\data\dynamic_007.002"
18:44:43.375 [CE][Storage] Restoring file "mpmissions\TheCommunity.enoch\storage_666\data\dynamic_007.002" 36 items.
18:44:43.391   36 items loaded.
18:44:43.391 [CE][Storage] ver:0 stamp:0, valid:NO, name:"mpmissions\TheCommunity.enoch\storage_666\data\dynamic_008.bin"
18:44:43.391 [CE][Storage] ver:24 stamp:28870, valid:yes, name:"mpmissions\TheCommunity.enoch\storage_666\data\dynamic_008.001"
18:44:43.391 [CE][Storage] ver:24 stamp:28871, valid:yes, name:"mpmissions\TheCommunity.enoch\storage_666\data\dynamic_008.002"
18:44:43.391 [CE][Storage] Restoring file "mpmissions\TheCommunity.enoch\storage_666\data\dynamic_008.002" 31 items.
18:44:43.406   31 items loaded.
18:44:43.406 [CE][Storage] ver:0 stamp:0, valid:NO, name:"mpmissions\TheCommunity.enoch\storage_666\data\dynamic_009.bin"
18:44:43.406 [CE][Storage] ver:24 stamp:28870, valid:yes, name:"mpmissions\TheCommunity.enoch\storage_666\data\dynamic_009.001"
18:44:43.406 [CE][Storage] ver:24 stamp:28871, valid:yes, name:"mpmissions\TheCommunity.enoch\storage_666\data\dynamic_009.002"
18:44:43.406 [CE][Storage] Restoring file "mpmissions\TheCommunity.enoch\storage_666\data\dynamic_009.002" 22 items.
18:44:43.422   22 items loaded.
18:44:43.422 [CE][Storage] ver:0 stamp:0, valid:NO, name:"mpmissions\TheCommunity.enoch\storage_666\data\dynamic_010.bin"
18:44:43.422 [CE][Storage] ver:24 stamp:28870, valid:yes, name:"mpmissions\TheCommunity.enoch\storage_666\data\dynamic_010.001"
18:44:43.422 [CE][Storage] ver:24 stamp:28871, valid:yes, name:"mpmissions\TheCommunity.enoch\storage_666\data\dynamic_010.002"
18:44:43.422 [CE][Storage] Restoring file "mpmissions\TheCommunity.enoch\storage_666\data\dynamic_010.002" 122 items.
18:44:43.453   122 items loaded.
18:44:43.453 [CE][Storage] ver:0 stamp:0, valid:NO, name:"mpmissions\TheCommunity.enoch\storage_666\data\dynamic_011.bin"
18:44:43.453 [CE][Storage] ver:24 stamp:28870, valid:yes, name:"mpmissions\TheCommunity.enoch\storage_666\data\dynamic_011.001"
18:44:43.453 [CE][Storage] ver:24 stamp:28871, valid:yes, name:"mpmissions\TheCommunity.enoch\storage_666\data\dynamic_011.002"
18:44:43.453 [CE][Storage] Restoring file "mpmissions\TheCommunity.enoch\storage_666\data\dynamic_011.002" 18 items.
18:44:43.453   18 items loaded.
18:44:43.469 [CE][Hive] :: Storage load took:0.30 seconds, recovery stamp:28872
18:44:43.469   entity: 812, building: 0
18:44:43.469   no lifetime: 27
18:44:43.469 [CE][Hive] :: Initializing ... 
18:44:43.484 [CE][InitializeMap] :: initialized: 0
18:44:43.484 [CE][Hive] :: Initializing spawners ... 
18:44:43.484 [CE][DynEvent] :: 33 types
18:44:43.484 [00] AmbientHen
18:44:43.484   Primary Spawner: "Ambient", active: yes, repeat: 1
18:44:43.484 [01] AnimalBear
18:44:43.484   Primary Spawner: "Animal", active: yes, repeat: 1
18:44:43.484 [02] AnimalCow
18:44:43.484   Primary Spawner: "Animal", active: yes, repeat: 1
18:44:43.484 [03] AnimalDeer
18:44:43.484   Primary Spawner: "Animal", active: yes, repeat: 1
18:44:43.484 [04] AnimalGoat
18:44:43.484   Primary Spawner: "Animal", active: yes, repeat: 1
18:44:43.484 [05] AnimalPig
18:44:43.484   Primary Spawner: "Animal", active: yes, repeat: 1
18:44:43.484 [06] AnimalRoeDeer
18:44:43.484   Primary Spawner: "Animal", active: yes, repeat: 1
18:44:43.484 [07] AnimalSheep
18:44:43.484   Primary Spawner: "Animal", active: yes, repeat: 1
18:44:43.484 [08] AnimalWildBoar
18:44:43.484   Primary Spawner: "Animal", active: yes, repeat: 1
18:44:43.484 [09] AnimalWolf
18:44:43.484   Primary Spawner: "Animal", active: yes, repeat: 1
18:44:43.484 [10] InfectedArmy
18:44:43.484   Primary Spawner: "Infected", active: yes, repeat: 1
18:44:43.484 [11] InfectedCity
18:44:43.484   Primary Spawner: "Infected", active: yes, repeat: 1
18:44:43.484 [12] InfectedFirefighter
18:44:43.484   Primary Spawner: "Infected", active: yes, repeat: 1
18:44:43.484 [13] InfectedIndustrial
18:44:43.484   Primary Spawner: "Infected", active: yes, repeat: 1
18:44:43.484 [14] InfectedMedic
18:44:43.484   Primary Spawner: "Infected", active: yes, repeat: 1
18:44:43.484 [15] InfectedPolice
18:44:43.484   Primary Spawner: "Infected", active: yes, repeat: 1
18:44:43.484 [16] InfectedPrisoner
18:44:43.484   Primary Spawner: "Infected", active: yes, repeat: 1
18:44:43.484 [17] InfectedReligious
18:44:43.484   Primary Spawner: "Infected", active: yes, repeat: 1
18:44:43.484 [18] InfectedSolitude
18:44:43.484   Primary Spawner: "Infected", active: yes, repeat: 1
18:44:43.484 [19] InfectedVillage
18:44:43.484   Primary Spawner: "Infected", active: yes, repeat: 1
18:44:43.484 [20] ItemPlanks
18:44:43.484   Primary Spawner: "Item", active: yes, repeat: 1
18:44:43.484 [21] Loot
18:44:43.484   Primary Spawner: "Loot", active: yes, repeat: 2
18:44:43.484 [22] StaticHeliCrash
18:44:43.484   Primary Spawner: "Vehicle", active: yes, repeat: 1
18:44:43.484   Secondary Spawner: "Infected", active: yes, repeat: 1
18:44:43.484 [23] StaticPoliceCar
18:44:43.484   Primary Spawner: "Vehicle", active: yes, repeat: 1
18:44:43.484 [24] TrajectoryConiferous
18:44:43.484   Primary Spawner: "Trajectory", active: yes, repeat: 1
18:44:43.484 [25] TrajectoryDeciduous
18:44:43.484   Primary Spawner: "Trajectory", active: yes, repeat: 1
18:44:43.484 [26] TrajectoryHumus
18:44:43.484   Primary Spawner: "Trajectory", active: yes, repeat: 1
18:44:43.484 [27] TrajectoryStones
18:44:43.484   Primary Spawner: "Trajectory", active: yes, repeat: 1
18:44:43.484 [28] VehicleCivilianSedan
18:44:43.484   Primary Spawner: "Vehicle", active: yes, repeat: 1
18:44:43.484 [29] VehicleHatchback02
18:44:43.484   Primary Spawner: "Vehicle", active: yes, repeat: 1
18:44:43.484 [30] VehicleOffroadHatchback
18:44:43.484   Primary Spawner: "Vehicle", active: yes, repeat: 1
18:44:43.484 [31] VehicleSedan02
18:44:43.484   Primary Spawner: "Vehicle", active: yes, repeat: 1
18:44:43.484 [32] VehicleCrSk_Land_Rover_Defender_110
18:44:43.484   Primary Spawner: "Vehicle", active: yes, repeat: 1
18:44:43.484 [CE][Hive] :: Initializing of spawners done.
18:44:43.484 [CE][Hive] :: Init sequence finished.
18:44:43.484 Player connect enabled
18:44:43.766 Average server FPS: 0.06 (measured interval: 30 s)
18:44:43.766 Used memory: 1185699 KB
18:44:43.766 Players: 0 in total
18:45:13.798 Average server FPS: 3847.02 (measured interval: 30 s)
18:45:13.798 Used memory: 1246204 KB
18:45:13.798 Players: 0 in total
18:45:43.956 Average server FPS: 2917.05 (measured interval: 30 s)
18:45:43.956 Used memory: 1249239 KB
18:45:43.956 Players: 0 in total
18:46:14.04 Average server FPS: 4119.94 (measured interval: 30 s)
18:46:14.04 Used memory: 1263583 KB
18:46:14.04 Players: 0 in total
18:46:44.131 Average server FPS: 4209.79 (measured interval: 30 s)
18:46:44.131 Used memory: 1273358 KB
18:46:44.131 Players: 0 in total
18:47:14.116 Average server FPS: 4167.40 (measured interval: 30 s)
18:47:14.116 Used memory: 1286164 KB
18:47:14.116 Players: 0 in total
18:47:44.305 Average server FPS: 4111.52 (measured interval: 30 s)
18:47:44.305 Used memory: 1292799 KB
18:47:44.305 Players: 0 in total
18:48:14.291 Average server FPS: 4194.23 (measured interval: 30 s)
18:48:14.291 Used memory: 1305576 KB
18:48:14.291 Players: 0 in total
18:48:44.449 Average server FPS: 4279.91 (measured interval: 30 s)
18:48:44.449 Used memory: 1311475 KB
18:48:44.449 Players: 0 in total
18:49:14.450 Average server FPS: 4070.17 (measured interval: 30 s)
18:49:14.450 Used memory: 1320811 KB
18:49:14.450 Players: 0 in total
18:49:44.451 Average server FPS: 4148.10 (measured interval: 30 s)
18:49:44.451 Used memory: 1326944 KB
18:49:44.451 Players: 0 in total
18:50:14.593 Average server FPS: 6228.83 (measured interval: 30 s)
18:50:14.593 Used memory: 1328375 KB
18:50:14.593 Players: 0 in total
18:50:44.579 Average server FPS: 9821.07 (measured interval: 30 s)
18:50:44.579 Used memory: 1328396 KB
18:50:44.579 Players: 0 in total
18:51:14.580 Average server FPS: 11846.63 (measured interval: 30 s)
18:51:14.580 Used memory: 1328395 KB
18:51:14.580 Players: 0 in total
18:51:44.582 Average server FPS: 11833.63 (measured interval: 30 s)
18:51:44.582 Used memory: 1328396 KB
18:51:44.582 Players: 0 in total
18:52:14.583 Average server FPS: 11755.67 (measured interval: 30 s)
18:52:14.583 Used memory: 1328396 KB
18:52:14.583 Players: 0 in total
18:52:44.584 Average server FPS: 11858.10 (measured interval: 30 s)
18:52:44.584 Used memory: 1328396 KB
18:52:44.584 Players: 0 in total
18:53:14.586 Average server FPS: 11822.10 (measured interval: 30 s)
18:53:14.586 Used memory: 1328396 KB
18:53:14.586 Players: 0 in total
18:53:44.587 Average server FPS: 11860.97 (measured interval: 30 s)
18:53:44.587 Used memory: 1328396 KB
18:53:44.587 Players: 0 in total
18:54:14.589 Average server FPS: 11863.37 (measured interval: 30 s)
18:54:14.589 Used memory: 1328396 KB
18:54:14.589 Players: 0 in total
18:54:47.387 Average server FPS: 9678.29 (measured interval: 30 s)
18:54:47.387 Used memory: 1328396 KB
18:54:47.387 Players: 0 in total
18:55:17.373 Average server FPS: 10228.17 (measured interval: 30 s)
18:55:17.373 Used memory: 1328389 KB
18:55:17.373 Players: 0 in total
18:55:47.374 Average server FPS: 11858.63 (measured interval: 30 s)
18:55:47.374 Used memory: 1328389 KB
18:55:47.374 Players: 0 in total
18:56:17.375 Average server FPS: 11848.13 (measured interval: 30 s)
18:56:17.375 Used memory: 1328389 KB
18:56:17.375 Players: 0 in total
18:56:47.377 Average server FPS: 11850.50 (measured interval: 30 s)
18:56:47.377 Used memory: 1328389 KB
18:56:47.377 Players: 0 in total
18:57:17.378 Average server FPS: 11689.90 (measured interval: 30 s)
18:57:17.378 Used memory: 1328389 KB
18:57:17.378 Players: 0 in total
18:57:48.20 Average server FPS: 11416.40 (measured interval: 30 s)
18:57:48.20 Used memory: 1328389 KB
18:57:48.20 Players: 0 in total
18:58:18.06 Average server FPS: 11836.13 (measured interval: 30 s)
18:58:18.06 Used memory: 1328389 KB
18:58:18.06 Players: 0 in total
18:58:48.07 Average server FPS: 11839.73 (measured interval: 30 s)
18:58:48.07 Used memory: 1328389 KB
18:58:48.07 Players: 0 in total
18:59:18.09 Average server FPS: 11849.97 (measured interval: 30 s)
18:59:18.09 Used memory: 1328389 KB
18:59:18.09 Players: 0 in total
18:59:48.10 Average server FPS: 11849.70 (measured interval: 30 s)
18:59:48.10 Used memory: 1328389 KB
18:59:48.10 Players: 0 in total
19:00:18.11 Average server FPS: 11856.20 (measured interval: 30 s)
19:00:18.11 Used memory: 1328389 KB
19:00:18.11 Players: 0 in total
19:00:48.44 Average server FPS: 11839.12 (measured interval: 30 s)
19:00:48.44 Used memory: 1328389 KB
19:00:48.44 Players: 0 in total
19:01:18.30 Average server FPS: 11449.60 (measured interval: 30 s)
19:01:18.30 Used memory: 1328389 KB
19:01:18.30 Players: 0 in total
19:01:48.31 Average server FPS: 11855.87 (measured interval: 30 s)
19:01:48.31 Used memory: 1328389 KB
19:01:48.31 Players: 0 in total
19:02:18.33 Average server FPS: 11739.27 (measured interval: 30 s)
19:02:18.33 Used memory: 1328389 KB
19:02:18.33 Players: 0 in total
19:02:48.34 Average server FPS: 11861.90 (measured interval: 30 s)
19:02:48.34 Used memory: 1328389 KB
19:02:48.34 Players: 0 in total
19:03:18.35 Average server FPS: 11864.17 (measured interval: 30 s)
19:03:18.35 Used memory: 1328382 KB
19:03:18.35 Players: 0 in total
19:03:48.37 Average server FPS: 11861.03 (measured interval: 30 s)
19:03:48.37 Used memory: 1328382 KB
19:03:48.37 Players: 0 in total
19:04:18.38 Average server FPS: 11863.93 (measured interval: 30 s)
19:04:18.38 Used memory: 1328382 KB
19:04:18.38 Players: 0 in total
19:04:48.39 Average server FPS: 11872.40 (measured interval: 30 s)
19:04:48.39 Used memory: 1328382 KB
19:04:48.39 Players: 0 in total
19:05:18.41 Average server FPS: 11853.97 (measured interval: 30 s)
19:05:18.41 Used memory: 1328374 KB
19:05:18.41 Players: 0 in total
19:05:48.42 Average server FPS: 7935.73 (measured interval: 30 s)
19:05:48.42 Used memory: 1328375 KB
19:05:48.42 Players: 0 in total
19:06:18.44 Average server FPS: 11857.93 (measured interval: 30 s)
19:06:18.44 Used memory: 1328375 KB
19:06:18.44 Players: 0 in total
19:06:48.29 Average server FPS: 11867.37 (measured interval: 30 s)
19:06:48.29 Used memory: 1328375 KB
19:06:48.29 Players: 0 in total
19:07:18.31 Average server FPS: 11850.13 (measured interval: 30 s)
19:07:18.31 Used memory: 1328375 KB
19:07:18.31 Players: 0 in total
19:07:48.32 Average server FPS: 11878.43 (measured interval: 30 s)
19:07:48.32 Used memory: 1328374 KB
19:07:48.32 Players: 0 in total
19:08:18.33 Average server FPS: 12102.03 (measured interval: 30 s)
19:08:18.33 Used memory: 1328374 KB
19:08:18.33 Players: 0 in total
19:08:48.35 Average server FPS: 12308.53 (measured interval: 30 s)
19:08:48.35 Used memory: 1328374 KB
19:08:48.35 Players: 0 in total
19:09:18.36 Average server FPS: 12350.40 (measured interval: 30 s)
19:09:18.36 Used memory: 1328375 KB
19:09:18.36 Players: 0 in total
19:09:48.38 Average server FPS: 12362.27 (measured interval: 30 s)
19:09:48.38 Used memory: 1328375 KB
19:09:48.38 Players: 0 in total
19:10:18.39 Average server FPS: 12394.87 (measured interval: 30 s)
19:10:18.39 Used memory: 1328375 KB
19:10:18.39 Players: 0 in total
19:10:48.40 Average server FPS: 12406.43 (measured interval: 30 s)
19:10:48.40 Used memory: 1328374 KB
19:10:48.40 Players: 0 in total
19:11:18.42 Average server FPS: 12252.20 (measured interval: 30 s)
19:11:18.42 Used memory: 1328368 KB
19:11:18.42 Players: 0 in total
19:11:48.43 Average server FPS: 10846.83 (measured interval: 30 s)
19:11:48.43 Used memory: 1328368 KB
19:11:48.43 Players: 0 in total
19:12:18.29 Average server FPS: 11210.37 (measured interval: 30 s)
19:12:18.29 Used memory: 1328362 KB
19:12:18.29 Players: 0 in total
19:12:48.30 Average server FPS: 11441.37 (measured interval: 30 s)
19:12:48.30 Used memory: 1328362 KB
19:12:48.30 Players: 0 in total
19:13:18.32 Average server FPS: 10981.27 (measured interval: 30 s)
19:13:18.32 Used memory: 1328362 KB
19:13:18.32 Players: 0 in total
19:13:50.02  --- Termination successfully completed --- 
