

=====================================================================
== D:\DayZServers\TheCommunity_enochTest\EnochTestServer_x64.exe
== "D:\DayZServers\TheCommunity_enochTest\EnochTestServer_x64.exe"  -port=2442 "-mod=@CF;@Community-Online-Tools;@BuildAnywhere;@BaseBuildingLogs;@Trader;@BaseBuildingPlus;@Durable_Suppressors;@VanillaPlusPlusMap;@Ear-Plugs;@Catch_Rain;@DayZ-Expansion-Notifications;@DayZ-Expansion-Chat;@No_Shoe_Damage;@Airdrop-Upgraded;@Ammo_Making;@Banking;@Unlimited_Stamina;@BuilderItems;@Camosplus;@CannabisPlus;@CheckIdentity;@Code_Lock;@Dayz_Navigation;@FIDOv_PACK_4;@FlipTransport;@GoreZ;@IRP-Land-Rover-Defender-110;@KillFeed;@NoVehicleDamage;@PartyMe;@Modular_Vest_System;@MuchStuffPack;@Specialist_Weapon_Pack;" -config=D:\DayZServers\TheCommunity_enochTest\TheCommunityDZTest.cfg -profiles=TheEnochTestServer -BEPath=D:\DayZServers\TheCommunity_enochTest\battleye -filePatching -adminlog -netlog -freezecheck -scrAllowFileWrite
=====================================================================
Exe timestamp: 2020/03/14 00:03:02
Current time:  2020/04/05 18:52:18

Version 1.07.153006
18:52:18.408 [Inputs] Loading inputs default "bin/constants.xml"
18:52:18.424 [Inputs] Loading inputs default "bin/specific.xml"
18:52:18.424 !!! [Inputs] Invalid input name used "UAUIInspectItem" for context "ui" in "bin/specific.xml"
18:52:18.424 !!! [Inputs] Attempt to register duplicate Modded-Inputs file "VanillaPPMap/data/modded_Inputs.xml"
18:52:18.424 [Inputs] Loading inputs default "EarPlugs\data\inputs.xml"
18:52:18.424 [Inputs] Loading inputs default "JM/COT/scripts/Data/Inputs.xml"
18:52:18.424 [Inputs] Loading inputs default "KillFeed/inputs/Inputs.xml"
18:52:18.424 [Inputs] Loading inputs default "partyme/scripts/partyme_inputs.xml"
18:52:18.424 [Inputs] Loading inputs default "VanillaPPMap/data/modded_Inputs.xml"
18:52:18.424 [Inputs] Loading inputs default "BaseBuildingPlus/Scripts/Data/Inputs.xml"
18:52:18.424 [Inputs] Loading inputs default "VanillaPPMap/data/modded_Inputs.xml"
18:52:18.424 !!! [Inputs] Attempt to register duplicate input "UAOpenVPPMap"
18:52:18.424 !!! [Inputs] Attempt to register duplicate input "UAToggleVPPMap3DMarkers"
18:52:18.424 [Inputs] Loading inputs cfg "TheEnochTestServer\Users\Survivor\Server.core.xml"
18:52:18.424 [Inputs] Exporting inputs cfg "TheEnochTestServer\Users\Survivor\Server.core.xml"
18:52:18.861 !!! [Inputs] Attempt to register "PMHideShowTrackers" input twice
18:53:07.694 [CE][Hive] :: Initializing OFFLINE
18:53:07.694 [CE][Hive] :: Loading core data ... 
18:53:07.694 [CE][CoreData] :: 7 root classes, 19 defaults, 0 updaters...
18:53:15.907 [CE][RegisterBind] :: 0 classes binded...
18:53:15.907 [CE][RegisterConfig] :: 7390 config classes registered, 0 sub-counters...
18:53:15.907 [CE][Hive] :: Loading map data ... 
18:53:15.985 !!! [CE] :: Unknown category: 'vehicleparts'.
18:53:15.985 [CE][LoadPrototype] :: loaded 330 prototypes
18:53:15.985   702 containers, 9116 points
18:53:15.985   24 dispatches, 90 proxies
18:53:15.985 !!! [CE][LoadPrototype] 12 groups have no points...
18:53:15.985 !!![CE][LoadPrototype]  3 groups have wrong points...
18:53:15.985 [CE][LoadPrototype] :: last group name: Land_Lunapark_Autodrome...
18:53:15.985 [CE][LoadPrototype] :: loaded 0 prototypes
18:53:15.985   0 containers, 0 points
18:53:15.985   0 dispatches, 0 proxies
18:53:15.985 [CE][LoadPrototype] :: last group name: PathD_7100...
18:53:16.425 [CE][LoadMap] "Group" :: loaded 5086 groups, largest group range: 26.9
18:53:16.425 [CE][LoadMap] "Dirt" :: loaded 0 groups, largest group range: 26.9
18:53:16.566 [CE][Links] found 354 total links between groups, of 5086
18:53:16.566 [CE][LoadClusters] "Cluster" :: Loading files...
18:53:16.769 [CE][LoadClusters] :: file: "mapgroupcluster.xml", 4 types, 50000 instances
18:53:16.987 [CE][LoadClusters] :: file: "mapgroupcluster01", 4 types, 50000 instances
18:53:17.191 [CE][LoadClusters] :: file: "mapgroupcluster02", 4 types, 50000 instances
18:53:17.394 [CE][LoadClusters] :: file: "mapgroupcluster03", 4 types, 50000 instances
18:53:17.487 [CE][LoadClusters] :: file: "mapgroupcluster04", 4 types, 21297 instances
18:53:17.503 [CE][Storage] ver:21 stamp:259, valid:yes, name:"mpmissions\TheCommunity.enoch\storage_666\data\types.bin"
18:53:17.503 [CE][Storage] ver:21 stamp:258, valid:yes, name:"mpmissions\TheCommunity.enoch\storage_666\data\types.001"
18:53:17.503 [CE][Storage] ver:21 stamp:256, valid:yes, name:"mpmissions\TheCommunity.enoch\storage_666\data\types.002"
18:53:17.503 [CE][Storage] Restoring file "mpmissions\TheCommunity.enoch\storage_666\data\types.bin".
18:53:17.581 [CE][offlineDB] :: Loaded 33 dynamic events 215 total types 0 total positions.
18:53:17.628 [CE][Storage] ver:21 stamp:259, valid:yes, name:"mpmissions\TheCommunity.enoch\storage_666\data\events.bin"
18:53:17.628 [CE][Storage] ver:21 stamp:258, valid:yes, name:"mpmissions\TheCommunity.enoch\storage_666\data\events.001"
18:53:17.628 [CE][Storage] ver:21 stamp:256, valid:yes, name:"mpmissions\TheCommunity.enoch\storage_666\data\events.002"
18:53:17.628 [CE][Storage] Restoring file "mpmissions\TheCommunity.enoch\storage_666\data\events.bin".
18:53:17.628 [CE][DynamicEvent] Load  Events:[33] Primary spawners: 33 Secondary spawners: 1
18:53:17.628 [CE][Storage] ver:24 stamp:259, valid:yes, name:"mpmissions\TheCommunity.enoch\storage_666\data\vehicles.bin"
18:53:17.628 [CE][Storage] ver:24 stamp:258, valid:yes, name:"mpmissions\TheCommunity.enoch\storage_666\data\vehicles.001"
18:53:17.628 [CE][Storage] ver:24 stamp:256, valid:yes, name:"mpmissions\TheCommunity.enoch\storage_666\data\vehicles.002"
18:53:17.628 [CE][Storage] Restoring file "mpmissions\TheCommunity.enoch\storage_666\data\vehicles.bin" 67 items.
18:53:17.675   67 items loaded.
18:53:17.675 [CE][Storage] ver:0 stamp:0, valid:NO, name:"mpmissions\TheCommunity.enoch\storage_666\data\dynamic_000.bin"
18:53:17.675 [CE][Storage] ver:24 stamp:258, valid:yes, name:"mpmissions\TheCommunity.enoch\storage_666\data\dynamic_000.001"
18:53:17.675 [CE][Storage] ver:24 stamp:256, valid:yes, name:"mpmissions\TheCommunity.enoch\storage_666\data\dynamic_000.002"
18:53:17.675 [CE][Storage] Restoring file "mpmissions\TheCommunity.enoch\storage_666\data\dynamic_000.001" 346 items.
18:53:17.894   346 items loaded.
18:53:17.894 [CE][Storage] ver:0 stamp:0, valid:NO, name:"mpmissions\TheCommunity.enoch\storage_666\data\dynamic_001.bin"
18:53:17.894 [CE][Storage] ver:24 stamp:258, valid:yes, name:"mpmissions\TheCommunity.enoch\storage_666\data\dynamic_001.001"
18:53:17.894 [CE][Storage] ver:24 stamp:256, valid:yes, name:"mpmissions\TheCommunity.enoch\storage_666\data\dynamic_001.002"
18:53:17.894 [CE][Storage] Restoring file "mpmissions\TheCommunity.enoch\storage_666\data\dynamic_001.001" 2369 items.
18:53:18.519   2369 items loaded.
18:53:18.519 [CE][Storage] ver:0 stamp:0, valid:NO, name:"mpmissions\TheCommunity.enoch\storage_666\data\dynamic_002.bin"
18:53:18.519 [CE][Storage] ver:24 stamp:258, valid:yes, name:"mpmissions\TheCommunity.enoch\storage_666\data\dynamic_002.001"
18:53:18.519 [CE][Storage] ver:24 stamp:256, valid:yes, name:"mpmissions\TheCommunity.enoch\storage_666\data\dynamic_002.002"
18:53:18.519 [CE][Storage] Restoring file "mpmissions\TheCommunity.enoch\storage_666\data\dynamic_002.001" 668 items.
18:53:18.691   668 items loaded.
18:53:18.691 [CE][Storage] ver:0 stamp:0, valid:NO, name:"mpmissions\TheCommunity.enoch\storage_666\data\dynamic_003.bin"
18:53:18.691 [CE][Storage] ver:24 stamp:258, valid:yes, name:"mpmissions\TheCommunity.enoch\storage_666\data\dynamic_003.001"
18:53:18.691 [CE][Storage] ver:24 stamp:256, valid:yes, name:"mpmissions\TheCommunity.enoch\storage_666\data\dynamic_003.002"
18:53:18.691 [CE][Storage] Restoring file "mpmissions\TheCommunity.enoch\storage_666\data\dynamic_003.001" 1215 items.
18:53:18.972   1215 items loaded.
18:53:18.972 [CE][Storage] ver:0 stamp:0, valid:NO, name:"mpmissions\TheCommunity.enoch\storage_666\data\dynamic_004.bin"
18:53:18.972 [CE][Storage] ver:24 stamp:258, valid:yes, name:"mpmissions\TheCommunity.enoch\storage_666\data\dynamic_004.001"
18:53:18.972 [CE][Storage] ver:24 stamp:256, valid:yes, name:"mpmissions\TheCommunity.enoch\storage_666\data\dynamic_004.002"
18:53:18.972 [CE][Storage] Restoring file "mpmissions\TheCommunity.enoch\storage_666\data\dynamic_004.001" 1621 items.
18:53:19.409   1621 items loaded.
18:53:19.409 [CE][Storage] ver:0 stamp:0, valid:NO, name:"mpmissions\TheCommunity.enoch\storage_666\data\dynamic_005.bin"
18:53:19.409 [CE][Storage] ver:24 stamp:258, valid:yes, name:"mpmissions\TheCommunity.enoch\storage_666\data\dynamic_005.001"
18:53:19.409 [CE][Storage] ver:24 stamp:256, valid:yes, name:"mpmissions\TheCommunity.enoch\storage_666\data\dynamic_005.002"
18:53:19.425 [CE][Storage] Restoring file "mpmissions\TheCommunity.enoch\storage_666\data\dynamic_005.001" 1933 items.
18:53:19.882   1933 items loaded.
18:53:19.882 [CE][Storage] ver:0 stamp:0, valid:NO, name:"mpmissions\TheCommunity.enoch\storage_666\data\dynamic_006.bin"
18:53:19.882 [CE][Storage] ver:24 stamp:258, valid:yes, name:"mpmissions\TheCommunity.enoch\storage_666\data\dynamic_006.001"
18:53:19.882 [CE][Storage] ver:24 stamp:256, valid:yes, name:"mpmissions\TheCommunity.enoch\storage_666\data\dynamic_006.002"
18:53:19.882 [CE][Storage] Restoring file "mpmissions\TheCommunity.enoch\storage_666\data\dynamic_006.001" 1014 items.
18:53:20.147   1014 items loaded.
18:53:20.147 [CE][Storage] ver:0 stamp:0, valid:NO, name:"mpmissions\TheCommunity.enoch\storage_666\data\dynamic_007.bin"
18:53:20.147 [CE][Storage] ver:24 stamp:258, valid:yes, name:"mpmissions\TheCommunity.enoch\storage_666\data\dynamic_007.001"
18:53:20.147 [CE][Storage] ver:24 stamp:256, valid:yes, name:"mpmissions\TheCommunity.enoch\storage_666\data\dynamic_007.002"
18:53:20.147 [CE][Storage] Restoring file "mpmissions\TheCommunity.enoch\storage_666\data\dynamic_007.001" 1334 items.
18:53:20.476   1334 items loaded.
18:53:20.476 [CE][Storage] ver:0 stamp:0, valid:NO, name:"mpmissions\TheCommunity.enoch\storage_666\data\dynamic_008.bin"
18:53:20.476 [CE][Storage] ver:24 stamp:258, valid:yes, name:"mpmissions\TheCommunity.enoch\storage_666\data\dynamic_008.001"
18:53:20.476 [CE][Storage] ver:24 stamp:256, valid:yes, name:"mpmissions\TheCommunity.enoch\storage_666\data\dynamic_008.002"
18:53:20.476 [CE][Storage] Restoring file "mpmissions\TheCommunity.enoch\storage_666\data\dynamic_008.001" 1138 items.
18:53:20.741   1138 items loaded.
18:53:20.741 [CE][Storage] ver:0 stamp:0, valid:NO, name:"mpmissions\TheCommunity.enoch\storage_666\data\dynamic_009.bin"
18:53:20.741 [CE][Storage] ver:24 stamp:258, valid:yes, name:"mpmissions\TheCommunity.enoch\storage_666\data\dynamic_009.001"
18:53:20.741 [CE][Storage] ver:24 stamp:256, valid:yes, name:"mpmissions\TheCommunity.enoch\storage_666\data\dynamic_009.002"
18:53:20.741 [CE][Storage] Restoring file "mpmissions\TheCommunity.enoch\storage_666\data\dynamic_009.001" 1077 items.
18:53:21.22   1077 items loaded.
18:53:21.22 [CE][Storage] ver:0 stamp:0, valid:NO, name:"mpmissions\TheCommunity.enoch\storage_666\data\dynamic_010.bin"
18:53:21.22 [CE][Storage] ver:24 stamp:258, valid:yes, name:"mpmissions\TheCommunity.enoch\storage_666\data\dynamic_010.001"
18:53:21.22 !!! [CE][Storage] Failed to read [Storage] data file "mpmissions\TheCommunity.enoch\storage_666\data\dynamic_010.002".
18:53:21.22   File not closed...
18:53:21.22 [CE][Storage] ver:24 stamp:259, valid:NO, name:"mpmissions\TheCommunity.enoch\storage_666\data\dynamic_010.002"
18:53:21.22 [CE][Storage] Restoring file "mpmissions\TheCommunity.enoch\storage_666\data\dynamic_010.001" 2633 items.
18:53:21.616   2633 items loaded.
18:53:21.616 [CE][Storage] ver:0 stamp:0, valid:NO, name:"mpmissions\TheCommunity.enoch\storage_666\data\dynamic_011.bin"
18:53:21.616 [CE][Storage] ver:24 stamp:258, valid:yes, name:"mpmissions\TheCommunity.enoch\storage_666\data\dynamic_011.001"
18:53:21.616 [CE][Storage] ver:24 stamp:259, valid:yes, name:"mpmissions\TheCommunity.enoch\storage_666\data\dynamic_011.002"
18:53:21.616 [CE][Storage] Restoring file "mpmissions\TheCommunity.enoch\storage_666\data\dynamic_011.002" 353 items.
18:53:21.694   353 items loaded.
18:53:21.726 [CE][Hive] :: Storage load took:4.09 seconds, recovery stamp:259
18:53:21.726   entity: 15768, building: 0
18:53:21.726   no lifetime: 40
18:53:21.726 [CE][Hive] :: Initializing ... 
18:53:21.726 [CE][InitializeMap] :: initialized: 0
18:53:21.726 [CE][Hive] :: Initializing spawners ... 
18:53:24.85 [CE][LootRespawner] (PRIDummy) :: Item [0] causing search overtime: "Glock_18"
18:53:24.85 [CE][LootRespawner] (PRIDummy) :: Item [1] causing search overtime: "Glock_18"
18:53:24.85 [CE][LootRespawner] (PRIDummy) :: Item [2] causing search overtime: "Glock_18"
18:53:24.85 [CE][LootRespawner] (PRIDummy) :: Item [3] causing search overtime: "Glock_18"
18:53:24.85 [CE][LootRespawner] (PRIDummy) :: Item [4] causing search overtime: "Glock_18"
18:53:24.85 [CE][LootRespawner] (PRIDummy) :: Item [5] causing search overtime: "Glock_18"
18:53:24.85 [CE][LootRespawner] (PRIDummy) :: Item [6] causing search overtime: "Glock_18"
18:53:24.85 [CE][LootRespawner] (PRIDummy) :: Item [7] causing search overtime: "Glock_18"
18:53:24.85 [CE][LootRespawner] (PRIDummy) :: Item [8] causing search overtime: "Glock_18"
18:53:24.85 [CE][LootRespawner] (PRIDummy) :: Item [9] causing search overtime: "AmmoBox_9x39_20Rnd_Tracer"
18:53:24.85 [CE][LootRespawner] (PRIDummy) :: Item [10] causing search overtime: "AmmoBox_9x39_20Rnd_Tracer"
18:53:24.85 [CE][LootRespawner] (PRIDummy) :: Item [11] causing search overtime: "AmmoBox_9x39_20Rnd_Tracer"
18:53:24.85 [CE][LootRespawner] (PRIDummy) :: Item [12] causing search overtime: "AmmoBox_9x39_20Rnd_Tracer"
18:53:24.85 [CE][LootRespawner] (PRIDummy) :: Item [13] causing search overtime: "AmmoBox_9x39_20Rnd_Tracer"
18:53:24.85 [CE][LootRespawner] (PRIDummy) :: Item [14] causing search overtime: "AmmoBox_9x39_20Rnd_Tracer"
18:53:24.85 [CE][LootRespawner] (PRIDummy) :: Item [15] causing search overtime: "AmmoBox_9x39_20Rnd_Tracer"
18:53:24.85 [CE][LootRespawner] (PRIDummy) :: Item [16] causing search overtime: "AmmoBox_9x39_20Rnd_Tracer"
18:53:24.85 [CE][LootRespawner] (PRIDummy) :: Item [17] causing search overtime: "AmmoBox_9x39_20Rnd_Tracer"
18:53:24.85 [CE][LootRespawner] (PRIDummy) :: Item [18] causing search overtime: "AmmoBox_9x39_20Rnd_Tracer"
18:53:24.85 [CE][LootRespawner] (PRIDummy) :: Item [19] causing search overtime: "AmmoBox_9x39_20Rnd_Tracer"
18:53:24.288 [CE][LootRespawner] (PRIDummy) :: Item [0] is hard to place, performance drops: "ZmijovkaCap_Black"
18:53:24.632 [CE][LootRespawner] (PRIDummy) :: Initially (re)spawned:131, Nominal:22572, Total in Map: 15939 at 0 (sec)
18:53:24.632   tests:132, repeats:0 fails:1, overtime:6620
18:53:24.632 [CE][DynEvent] :: 33 types
18:53:24.632 [00] AmbientHen
18:53:24.632   Primary Spawner: "Ambient", active: yes, repeat: 1
18:53:24.632 [01] AnimalBear
18:53:24.632   Primary Spawner: "Animal", active: yes, repeat: 1
18:53:24.632 [02] AnimalCow
18:53:24.632   Primary Spawner: "Animal", active: yes, repeat: 1
18:53:24.632 [03] AnimalDeer
18:53:24.632   Primary Spawner: "Animal", active: yes, repeat: 1
18:53:24.632 [04] AnimalGoat
18:53:24.632   Primary Spawner: "Animal", active: yes, repeat: 1
18:53:24.632 [05] AnimalPig
18:53:24.632   Primary Spawner: "Animal", active: yes, repeat: 1
18:53:24.632 [06] AnimalRoeDeer
18:53:24.632   Primary Spawner: "Animal", active: yes, repeat: 1
18:53:24.632 [07] AnimalSheep
18:53:24.632   Primary Spawner: "Animal", active: yes, repeat: 1
18:53:24.632 [08] AnimalWildBoar
18:53:24.632   Primary Spawner: "Animal", active: yes, repeat: 1
18:53:24.632 [09] AnimalWolf
18:53:24.632   Primary Spawner: "Animal", active: yes, repeat: 1
18:53:24.632 [10] InfectedArmy
18:53:24.632   Primary Spawner: "Infected", active: yes, repeat: 1
18:53:24.632 [11] InfectedCity
18:53:24.632   Primary Spawner: "Infected", active: yes, repeat: 1
18:53:24.632 [12] InfectedFirefighter
18:53:24.632   Primary Spawner: "Infected", active: yes, repeat: 1
18:53:24.632 [13] InfectedIndustrial
18:53:24.632   Primary Spawner: "Infected", active: yes, repeat: 1
18:53:24.632 [14] InfectedMedic
18:53:24.632   Primary Spawner: "Infected", active: yes, repeat: 1
18:53:24.632 [15] InfectedPolice
18:53:24.632   Primary Spawner: "Infected", active: yes, repeat: 1
18:53:24.632 [16] InfectedPrisoner
18:53:24.632   Primary Spawner: "Infected", active: yes, repeat: 1
18:53:24.632 [17] InfectedReligious
18:53:24.632   Primary Spawner: "Infected", active: yes, repeat: 1
18:53:24.632 [18] InfectedSolitude
18:53:24.632   Primary Spawner: "Infected", active: yes, repeat: 1
18:53:24.632 [19] InfectedVillage
18:53:24.632   Primary Spawner: "Infected", active: yes, repeat: 1
18:53:24.632 [20] ItemPlanks
18:53:24.632   Primary Spawner: "Item", active: yes, repeat: 1
18:53:24.632 [21] Loot
18:53:24.632   Primary Spawner: "Loot", active: yes, repeat: 2
18:53:24.632 [22] StaticHeliCrash
18:53:24.632   Primary Spawner: "Vehicle", active: yes, repeat: 1
18:53:24.632   Secondary Spawner: "Infected", active: yes, repeat: 1
18:53:24.632 [23] StaticPoliceCar
18:53:24.632   Primary Spawner: "Vehicle", active: yes, repeat: 1
18:53:24.632 [24] TrajectoryConiferous
18:53:24.632   Primary Spawner: "Trajectory", active: yes, repeat: 1
18:53:24.632 [25] TrajectoryDeciduous
18:53:24.632   Primary Spawner: "Trajectory", active: yes, repeat: 1
18:53:24.632 [26] TrajectoryHumus
18:53:24.632   Primary Spawner: "Trajectory", active: yes, repeat: 1
18:53:24.632 [27] TrajectoryStones
18:53:24.632   Primary Spawner: "Trajectory", active: yes, repeat: 1
18:53:24.632 [28] VehicleCivilianSedan
18:53:24.632   Primary Spawner: "Vehicle", active: yes, repeat: 1
18:53:24.632 [29] VehicleHatchback02
18:53:24.632   Primary Spawner: "Vehicle", active: yes, repeat: 1
18:53:24.632 [30] VehicleOffroadHatchback
18:53:24.632   Primary Spawner: "Vehicle", active: yes, repeat: 1
18:53:24.632 [31] VehicleSedan02
18:53:24.632   Primary Spawner: "Vehicle", active: yes, repeat: 1
18:53:24.632 [32] VehicleCrSk_Land_Rover_Defender_110
18:53:24.632   Primary Spawner: "Vehicle", active: yes, repeat: 1
18:53:24.632 [CE][Hive] :: Initializing of spawners done.
18:53:24.648 [CE][Hive] :: Init sequence finished.
18:53:24.648 Player connect enabled
18:53:25.07 Average server FPS: 0.06 (measured interval: 30 s)
18:53:25.07 Used memory: 1367449 KB
18:53:25.07 Players: 0 in total
18:53:55.09 Average server FPS: 2080.70 (measured interval: 30 s)
18:53:55.09 Used memory: 1474982 KB
18:53:55.09 Players: 0 in total
18:54:25.151 Average server FPS: 3367.41 (measured interval: 30 s)
18:54:25.151 Used memory: 1488174 KB
18:54:25.151 Players: 0 in total
18:54:55.137 Average server FPS: 3469.53 (measured interval: 30 s)
18:54:55.137 Used memory: 1499588 KB
18:54:55.137 Players: 0 in total
18:55:25.138 Average server FPS: 3340.83 (measured interval: 30 s)
18:55:25.138 Used memory: 1502015 KB
18:55:25.138 Players: 0 in total
18:55:55.218 Average server FPS: 3130.18 (measured interval: 30 s)
18:55:55.218 Used memory: 1514432 KB
18:55:55.218 Players: 0 in total
18:56:25.219 Average server FPS: 3171.03 (measured interval: 30 s)
18:56:25.219 Used memory: 1521298 KB
18:56:25.219 Players: 0 in total
18:56:55.298 Average server FPS: 3245.10 (measured interval: 30 s)
18:56:55.298 Used memory: 1527305 KB
18:56:55.298 Players: 0 in total
18:57:25.284 Average server FPS: 3058.33 (measured interval: 30 s)
18:57:25.284 Used memory: 1540905 KB
18:57:25.284 Players: 0 in total
18:57:55.301 Average server FPS: 3122.34 (measured interval: 30 s)
18:57:55.301 Used memory: 1547195 KB
18:57:55.301 Players: 0 in total
18:58:25.302 Average server FPS: 3410.90 (measured interval: 30 s)
18:58:25.302 Used memory: 1553026 KB
18:58:25.302 Players: 0 in total
18:58:55.335 Average server FPS: 3071.43 (measured interval: 30 s)
18:58:55.335 Used memory: 1559633 KB
18:58:55.335 Players: 0 in total
18:59:25.356 Average server FPS: 3166.11 (measured interval: 30 s)
18:59:25.356 Used memory: 1566324 KB
18:59:25.356 Players: 0 in total
18:59:55.341 Average server FPS: 3337.03 (measured interval: 30 s)
18:59:55.341 Used memory: 1567883 KB
18:59:55.341 Players: 0 in total
19:00:25.343 Average server FPS: 6820.07 (measured interval: 30 s)
19:00:25.343 Used memory: 1567183 KB
19:00:25.343 Players: 0 in total
19:00:55.344 Average server FPS: 7784.87 (measured interval: 30 s)
19:00:55.344 Used memory: 1567159 KB
19:00:55.344 Players: 0 in total
19:01:25.346 Average server FPS: 7607.60 (measured interval: 30 s)
19:01:25.346 Used memory: 1568243 KB
19:01:25.346 Players: 0 in total
19:01:55.347 Average server FPS: 7949.94 (measured interval: 30 s)
19:01:55.347 Used memory: 1568841 KB
19:01:55.347 Players: 0 in total
19:02:25.348 Average server FPS: 7798.25 (measured interval: 30 s)
19:02:25.348 Used memory: 1569300 KB
19:02:25.348 Players: 0 in total
19:02:55.365 Average server FPS: 8450.51 (measured interval: 30 s)
19:02:55.365 Used memory: 1569288 KB
19:02:55.365 Players: 0 in total
19:03:25.367 Average server FPS: 8429.22 (measured interval: 30 s)
19:03:25.367 Used memory: 1569295 KB
19:03:25.367 Players: 0 in total
19:03:55.368 Average server FPS: 8439.33 (measured interval: 30 s)
19:03:55.368 Used memory: 1569255 KB
19:03:55.368 Players: 0 in total
19:04:25.369 Average server FPS: 8105.58 (measured interval: 30 s)
19:04:25.369 Used memory: 1570688 KB
19:04:25.369 Players: 0 in total
19:04:33.635 [CE][LootRespawner] (PRIDummy) :: Item [1] is hard to place, performance drops: "CargoPants_LES"
19:04:55.386 Average server FPS: 8427.91 (measured interval: 30 s)
19:04:55.386 Used memory: 1570568 KB
19:04:55.386 Players: 0 in total
19:05:00.543 [CE][LootRespawner] (PRIDummy) :: Item [2] is hard to place, performance drops: "RadarCap_Brown"
19:05:25.388 Average server FPS: 8420.73 (measured interval: 30 s)
19:05:25.388 Used memory: 1570568 KB
19:05:25.388 Players: 0 in total
19:05:54.436 [CE][LootRespawner] (PRIDummy) :: Item [3] is hard to place, performance drops: "FP4_Detectiv_hat"
19:05:55.389 Average server FPS: 8382.15 (measured interval: 30 s)
19:05:55.389 Used memory: 1570943 KB
19:05:55.389 Players: 0 in total
19:06:25.391 Average server FPS: 8446.86 (measured interval: 30 s)
19:06:25.391 Used memory: 1570994 KB
19:06:25.391 Players: 0 in total
19:06:55.392 Average server FPS: 8430.66 (measured interval: 30 s)
19:06:55.392 Used memory: 1571024 KB
19:06:55.392 Players: 0 in total
19:07:13.440 [CE][LootRespawner] (PRIDummy) :: Item [4] is hard to place, performance drops: "BaseballCap_CMMG_Pink"
19:07:25.409 Average server FPS: 8372.47 (measured interval: 30 s)
19:07:25.409 Used memory: 1570960 KB
19:07:25.409 Players: 0 in total
19:07:55.410 Average server FPS: 8366.63 (measured interval: 30 s)
19:07:55.410 Used memory: 1570951 KB
19:07:55.410 Players: 0 in total
19:08:25.412 Average server FPS: 8439.94 (measured interval: 30 s)
19:08:25.412 Used memory: 1570902 KB
19:08:25.412 Players: 0 in total
19:08:55.413 Average server FPS: 8458.12 (measured interval: 30 s)
19:08:55.413 Used memory: 1570795 KB
19:08:55.413 Players: 0 in total
19:09:25.430 Average server FPS: 8467.27 (measured interval: 30 s)
19:09:25.430 Used memory: 1570759 KB
19:09:25.430 Players: 0 in total
19:09:55.431 Average server FPS: 8445.77 (measured interval: 30 s)
19:09:55.431 Used memory: 1570804 KB
19:09:55.431 Players: 0 in total
19:10:25.433 Average server FPS: 8480.07 (measured interval: 30 s)
19:10:25.433 Used memory: 1570861 KB
19:10:25.433 Players: 0 in total
19:10:55.434 Average server FPS: 8444.69 (measured interval: 30 s)
19:10:55.434 Used memory: 1570828 KB
19:10:55.434 Players: 0 in total
19:11:17.341 [CE][LootRespawner] (PRIDummy) :: Item [5] is hard to place, performance drops: "Defender110_dver_1_2_Red"
19:11:17.341 [CE][LootRespawner] (PRIDummy) :: Item [6] is hard to place, performance drops: "Defender110_dver_1_2_Red"
19:11:17.341 [CE][LootRespawner] (PRIDummy) :: Item [7] is hard to place, performance drops: "Defender110_dver_1_2_Red"
19:11:25.451 Average server FPS: 8488.74 (measured interval: 30 s)
19:11:25.451 Used memory: 1570829 KB
19:11:25.451 Players: 0 in total
19:11:55.452 Average server FPS: 8460.69 (measured interval: 30 s)
19:11:55.452 Used memory: 1570734 KB
19:11:55.452 Players: 0 in total
19:12:25.454 Average server FPS: 8467.87 (measured interval: 30 s)
19:12:25.454 Used memory: 1570624 KB
19:12:25.454 Players: 0 in total
19:12:55.455 Average server FPS: 8448.36 (measured interval: 30 s)
19:12:55.455 Used memory: 1570641 KB
19:12:55.455 Players: 0 in total
19:13:25.457 Average server FPS: 8399.28 (measured interval: 30 s)
19:13:25.457 Used memory: 1570592 KB
19:13:25.457 Players: 0 in total
19:13:30.161 [CE][LootRespawner] (PRIDummy) :: Item [8] is hard to place, performance drops: "Defender110_dver_2_1_UN"
19:13:30.161 [CE][LootRespawner] (PRIDummy) :: Item [9] is hard to place, performance drops: "Defender110_dver_2_1_UN"
19:13:30.161 [CE][LootRespawner] (PRIDummy) :: Item [10] is hard to place, performance drops: "Defender110_dver_2_1_UN"
19:13:55.474 Average server FPS: 8289.39 (measured interval: 30 s)
19:13:55.474 Used memory: 1570656 KB