

=====================================================================
== D:\DayZServers\TheCommunity_enochTest\EnochTestServer_x64.exe
== "D:\DayZServers\TheCommunity_enochTest\EnochTestServer_x64.exe"  -port=2442 "-mod=@CF;@Community-Online-Tools;@BuildAnywhere;@BaseBuildingLogs;@Trader;@BaseBuildingPlus;@Durable_Suppressors;@VanillaPlusPlusMap;@Ear-Plugs;@Catch_Rain;@DayZ-Expansion-Notifications;@DayZ-Expansion-Chat;@No_Shoe_Damage;@Airdrop-Upgraded;@Ammo_Making;@Banking;@Unlimited_Stamina;@BuilderItems;@Camosplus;@CannabisPlus;@CheckIdentity;@Code_Lock;@Dayz_Navigation;@FIDOv_PACK_4;@FlipTransport;@GoreZ;@IRP-Land-Rover-Defender-110;@KillFeed;@NoVehicleDamage;@PartyMe;@Modular_Vest_System;@MuchStuffPack;@Specialist_Weapon_Pack;" -config=D:\DayZServers\TheCommunity_enochTest\TheCommunityDZTest.cfg -profiles=TheEnochTestServer -BEPath=D:\DayZServers\TheCommunity_enochTest\battleye -filePatching -adminlog -netlog -freezecheck -scrAllowFileWrite
=====================================================================
Exe timestamp: 2020/03/14 00:03:02
Current time:  2020/04/06 19:41:47

Version 1.07.153006
19:41:47.701 [Inputs] Loading inputs default "bin/constants.xml"
19:41:47.701 [Inputs] Loading inputs default "bin/specific.xml"
19:41:47.701 !!! [Inputs] Invalid input name used "UAUIInspectItem" for context "ui" in "bin/specific.xml"
19:41:47.701 !!! [Inputs] Attempt to register duplicate Modded-Inputs file "VanillaPPMap/data/modded_Inputs.xml"
19:41:47.701 [Inputs] Loading inputs default "EarPlugs\data\inputs.xml"
19:41:47.701 [Inputs] Loading inputs default "JM/COT/scripts/Data/Inputs.xml"
19:41:47.701 [Inputs] Loading inputs default "KillFeed/inputs/Inputs.xml"
19:41:47.701 [Inputs] Loading inputs default "partyme/scripts/partyme_inputs.xml"
19:41:47.701 [Inputs] Loading inputs default "VanillaPPMap/data/modded_Inputs.xml"
19:41:47.701 [Inputs] Loading inputs default "BaseBuildingPlus/Scripts/Data/Inputs.xml"
19:41:47.701 [Inputs] Loading inputs default "VanillaPPMap/data/modded_Inputs.xml"
19:41:47.701 !!! [Inputs] Attempt to register duplicate input "UAOpenVPPMap"
19:41:47.701 !!! [Inputs] Attempt to register duplicate input "UAToggleVPPMap3DMarkers"
19:41:47.701 [Inputs] Loading inputs cfg "TheEnochTestServer\Users\Survivor\Server.core.xml"
19:41:47.717 [Inputs] Exporting inputs cfg "TheEnochTestServer\Users\Survivor\Server.core.xml"
19:41:48.139 !!! [Inputs] Attempt to register "PMHideShowTrackers" input twice
19:42:36.766 [CE][Hive] :: Initializing OFFLINE
19:42:36.766 [CE][Hive] :: Loading core data ... 
19:42:36.766 [CE][CoreData] :: 7 root classes, 19 defaults, 0 updaters...
19:42:42.48 [CE][RegisterBind] :: 0 classes binded...
19:42:42.48 [CE][RegisterConfig] :: 7403 config classes registered, 0 sub-counters...
19:42:42.48 [CE][Hive] :: Loading map data ... 
19:42:42.110 !!! [CE] :: Unknown category: 'vehicleparts'.
19:42:42.110 [CE][LoadPrototype] :: loaded 330 prototypes
19:42:42.110   702 containers, 9116 points
19:42:42.110   24 dispatches, 90 proxies
19:42:42.110 !!! [CE][LoadPrototype] 12 groups have no points...
19:42:42.110 !!![CE][LoadPrototype]  3 groups have wrong points...
19:42:42.110 [CE][LoadPrototype] :: last group name: Land_Lunapark_Autodrome...
19:42:42.110 [CE][LoadPrototype] :: loaded 0 prototypes
19:42:42.110   0 containers, 0 points
19:42:42.110   0 dispatches, 0 proxies
19:42:42.110 [CE][LoadPrototype] :: last group name: PathD_7100...
19:42:42.438 [CE][LoadMap] "Group" :: loaded 5086 groups, largest group range: 26.9
19:42:42.438 [CE][LoadMap] "Dirt" :: loaded 0 groups, largest group range: 26.9
19:42:42.532 [CE][Links] found 354 total links between groups, of 5086
19:42:42.532 [CE][LoadClusters] "Cluster" :: Loading files...
19:42:42.735 [CE][LoadClusters] :: file: "mapgroupcluster.xml", 4 types, 50000 instances
19:42:42.954 [CE][LoadClusters] :: file: "mapgroupcluster01", 4 types, 50000 instances
19:42:43.157 [CE][LoadClusters] :: file: "mapgroupcluster02", 4 types, 50000 instances
19:42:43.376 [CE][LoadClusters] :: file: "mapgroupcluster03", 4 types, 50000 instances
19:42:43.469 [CE][LoadClusters] :: file: "mapgroupcluster04", 4 types, 21297 instances
19:42:43.485 [CE][Storage] ver:21 stamp:2695, valid:yes, name:"mpmissions\TheCommunity.enoch\storage_666\data\types.bin"
19:42:43.485 [CE][Storage] ver:21 stamp:2694, valid:yes, name:"mpmissions\TheCommunity.enoch\storage_666\data\types.001"
19:42:43.485 [CE][Storage] ver:21 stamp:2692, valid:yes, name:"mpmissions\TheCommunity.enoch\storage_666\data\types.002"
19:42:43.485 [CE][Storage] Restoring file "mpmissions\TheCommunity.enoch\storage_666\data\types.bin".
19:42:43.579 [CE][offlineDB] :: Loaded 33 dynamic events 215 total types 0 total positions.
19:42:43.610 [CE][Storage] ver:21 stamp:2695, valid:yes, name:"mpmissions\TheCommunity.enoch\storage_666\data\events.bin"
19:42:43.610 [CE][Storage] ver:21 stamp:2694, valid:yes, name:"mpmissions\TheCommunity.enoch\storage_666\data\events.001"
19:42:43.610 [CE][Storage] ver:21 stamp:2692, valid:yes, name:"mpmissions\TheCommunity.enoch\storage_666\data\events.002"
19:42:43.610 [CE][Storage] Restoring file "mpmissions\TheCommunity.enoch\storage_666\data\events.bin".
19:42:43.610 [CE][DynamicEvent] Load  Events:[33] Primary spawners: 33 Secondary spawners: 1
19:42:43.610 [CE][Storage] ver:24 stamp:2695, valid:yes, name:"mpmissions\TheCommunity.enoch\storage_666\data\vehicles.bin"
19:42:43.610 [CE][Storage] ver:24 stamp:2694, valid:yes, name:"mpmissions\TheCommunity.enoch\storage_666\data\vehicles.001"
19:42:43.610 [CE][Storage] ver:24 stamp:2692, valid:yes, name:"mpmissions\TheCommunity.enoch\storage_666\data\vehicles.002"
19:42:43.610 [CE][Storage] Restoring file "mpmissions\TheCommunity.enoch\storage_666\data\vehicles.bin" 130 items.
19:42:43.751   130 items loaded.
19:42:43.751 [CE][Storage] ver:0 stamp:0, valid:NO, name:"mpmissions\TheCommunity.enoch\storage_666\data\dynamic_000.bin"
19:42:43.766 [CE][Storage] ver:24 stamp:2694, valid:yes, name:"mpmissions\TheCommunity.enoch\storage_666\data\dynamic_000.001"
19:42:43.766 [CE][Storage] ver:24 stamp:2692, valid:yes, name:"mpmissions\TheCommunity.enoch\storage_666\data\dynamic_000.002"
19:42:43.766 [CE][Storage] Restoring file "mpmissions\TheCommunity.enoch\storage_666\data\dynamic_000.001" 414 items.
19:42:43.954   414 items loaded.
19:42:43.954 [CE][Storage] ver:0 stamp:0, valid:NO, name:"mpmissions\TheCommunity.enoch\storage_666\data\dynamic_001.bin"
19:42:43.954 [CE][Storage] ver:24 stamp:2694, valid:yes, name:"mpmissions\TheCommunity.enoch\storage_666\data\dynamic_001.001"
19:42:43.954 [CE][Storage] ver:24 stamp:2692, valid:yes, name:"mpmissions\TheCommunity.enoch\storage_666\data\dynamic_001.002"
19:42:43.954 [CE][Storage] Restoring file "mpmissions\TheCommunity.enoch\storage_666\data\dynamic_001.001" 1946 items.
19:42:44.579   1946 items loaded.
19:42:44.579 [CE][Storage] ver:0 stamp:0, valid:NO, name:"mpmissions\TheCommunity.enoch\storage_666\data\dynamic_002.bin"
19:42:44.579 [CE][Storage] ver:24 stamp:2694, valid:yes, name:"mpmissions\TheCommunity.enoch\storage_666\data\dynamic_002.001"
19:42:44.579 [CE][Storage] ver:24 stamp:2692, valid:yes, name:"mpmissions\TheCommunity.enoch\storage_666\data\dynamic_002.002"
19:42:44.579 [CE][Storage] Restoring file "mpmissions\TheCommunity.enoch\storage_666\data\dynamic_002.001" 577 items.
19:42:44.782   577 items loaded.
19:42:44.782 [CE][Storage] ver:0 stamp:0, valid:NO, name:"mpmissions\TheCommunity.enoch\storage_666\data\dynamic_003.bin"
19:42:44.782 [CE][Storage] ver:24 stamp:2694, valid:yes, name:"mpmissions\TheCommunity.enoch\storage_666\data\dynamic_003.001"
19:42:44.782 [CE][Storage] ver:24 stamp:2692, valid:yes, name:"mpmissions\TheCommunity.enoch\storage_666\data\dynamic_003.002"
19:42:44.782 [CE][Storage] Restoring file "mpmissions\TheCommunity.enoch\storage_666\data\dynamic_003.001" 1058 items.
19:42:45.79   1058 items loaded.
19:42:45.79 [CE][Storage] ver:0 stamp:0, valid:NO, name:"mpmissions\TheCommunity.enoch\storage_666\data\dynamic_004.bin"
19:42:45.79 [CE][Storage] ver:24 stamp:2694, valid:yes, name:"mpmissions\TheCommunity.enoch\storage_666\data\dynamic_004.001"
19:42:45.79 [CE][Storage] ver:24 stamp:2692, valid:yes, name:"mpmissions\TheCommunity.enoch\storage_666\data\dynamic_004.002"
19:42:45.79 [CE][Storage] Restoring file "mpmissions\TheCommunity.enoch\storage_666\data\dynamic_004.001" 1439 items.
19:42:45.563   1439 items loaded.
19:42:45.563 [CE][Storage] ver:0 stamp:0, valid:NO, name:"mpmissions\TheCommunity.enoch\storage_666\data\dynamic_005.bin"
19:42:45.563 [CE][Storage] ver:24 stamp:2694, valid:yes, name:"mpmissions\TheCommunity.enoch\storage_666\data\dynamic_005.001"
19:42:45.563 [CE][Storage] ver:24 stamp:2692, valid:yes, name:"mpmissions\TheCommunity.enoch\storage_666\data\dynamic_005.002"
19:42:45.563 [CE][Storage] Restoring file "mpmissions\TheCommunity.enoch\storage_666\data\dynamic_005.001" 1763 items.
19:42:46.63   1763 items loaded.
19:42:46.63 [CE][Storage] ver:0 stamp:0, valid:NO, name:"mpmissions\TheCommunity.enoch\storage_666\data\dynamic_006.bin"
19:42:46.63 [CE][Storage] ver:24 stamp:2694, valid:yes, name:"mpmissions\TheCommunity.enoch\storage_666\data\dynamic_006.001"
19:42:46.63 [CE][Storage] ver:24 stamp:2692, valid:yes, name:"mpmissions\TheCommunity.enoch\storage_666\data\dynamic_006.002"
19:42:46.63 [CE][Storage] Restoring file "mpmissions\TheCommunity.enoch\storage_666\data\dynamic_006.001" 970 items.
19:42:46.391   970 items loaded.
19:42:46.391 [CE][Storage] ver:0 stamp:0, valid:NO, name:"mpmissions\TheCommunity.enoch\storage_666\data\dynamic_007.bin"
19:42:46.391 [CE][Storage] ver:24 stamp:2694, valid:yes, name:"mpmissions\TheCommunity.enoch\storage_666\data\dynamic_007.001"
19:42:46.391 [CE][Storage] ver:24 stamp:2692, valid:yes, name:"mpmissions\TheCommunity.enoch\storage_666\data\dynamic_007.002"
19:42:46.391 [CE][Storage] Restoring file "mpmissions\TheCommunity.enoch\storage_666\data\dynamic_007.001" 1309 items.
19:42:46.813   1309 items loaded.
19:42:46.813 [CE][Storage] ver:0 stamp:0, valid:NO, name:"mpmissions\TheCommunity.enoch\storage_666\data\dynamic_008.bin"
19:42:46.813 [CE][Storage] ver:24 stamp:2694, valid:yes, name:"mpmissions\TheCommunity.enoch\storage_666\data\dynamic_008.001"
19:42:46.813 [CE][Storage] ver:24 stamp:2692, valid:yes, name:"mpmissions\TheCommunity.enoch\storage_666\data\dynamic_008.002"
19:42:46.813 [CE][Storage] Restoring file "mpmissions\TheCommunity.enoch\storage_666\data\dynamic_008.001" 995 items.
19:42:47.79   995 items loaded.
19:42:47.79 [CE][Storage] ver:0 stamp:0, valid:NO, name:"mpmissions\TheCommunity.enoch\storage_666\data\dynamic_009.bin"
19:42:47.79 [CE][Storage] ver:24 stamp:2694, valid:yes, name:"mpmissions\TheCommunity.enoch\storage_666\data\dynamic_009.001"
19:42:47.79 [CE][Storage] ver:24 stamp:2692, valid:yes, name:"mpmissions\TheCommunity.enoch\storage_666\data\dynamic_009.002"
19:42:47.79 [CE][Storage] Restoring file "mpmissions\TheCommunity.enoch\storage_666\data\dynamic_009.001" 1006 items.
19:42:47.376   1006 items loaded.
19:42:47.376 [CE][Storage] ver:0 stamp:0, valid:NO, name:"mpmissions\TheCommunity.enoch\storage_666\data\dynamic_010.bin"
19:42:47.376 [CE][Storage] ver:24 stamp:2694, valid:yes, name:"mpmissions\TheCommunity.enoch\storage_666\data\dynamic_010.001"
19:42:47.376 [CE][Storage] ver:24 stamp:2692, valid:yes, name:"mpmissions\TheCommunity.enoch\storage_666\data\dynamic_010.002"
19:42:47.376 [CE][Storage] Restoring file "mpmissions\TheCommunity.enoch\storage_666\data\dynamic_010.001" 2160 items.
19:42:47.923   2160 items loaded.
19:42:47.923 [CE][Storage] ver:0 stamp:0, valid:NO, name:"mpmissions\TheCommunity.enoch\storage_666\data\dynamic_011.bin"
19:42:47.923 [CE][Storage] ver:24 stamp:2694, valid:yes, name:"mpmissions\TheCommunity.enoch\storage_666\data\dynamic_011.001"
19:42:47.923 [CE][Storage] ver:24 stamp:2692, valid:yes, name:"mpmissions\TheCommunity.enoch\storage_666\data\dynamic_011.002"
19:42:47.923 [CE][Storage] Restoring file "mpmissions\TheCommunity.enoch\storage_666\data\dynamic_011.001" 293 items.
19:42:48.01   293 items loaded.
19:42:48.32 [CE][Hive] :: Storage load took:4.42 seconds, recovery stamp:2695
19:42:48.32   entity: 14060, building: 0
19:42:48.32   no lifetime: 64
19:42:48.32 [CE][Hive] :: Initializing ... 
19:42:48.48 [CE][InitializeMap] :: initialized: 0
19:42:48.48 [CE][Hive] :: Initializing spawners ... 
19:42:50.454 [CE][LootRespawner] (PRIDummy) :: Item [0] causing search overtime: "Mag_Nailgun_50n"
19:42:50.454 [CE][LootRespawner] (PRIDummy) :: Item [1] causing search overtime: "Mag_Nailgun_50n"
19:42:50.454 [CE][LootRespawner] (PRIDummy) :: Item [2] causing search overtime: "Mag_Nailgun_50n"
19:42:50.454 [CE][LootRespawner] (PRIDummy) :: Item [3] causing search overtime: "Mag_Nailgun_50n"
19:42:50.454 [CE][LootRespawner] (PRIDummy) :: Item [4] causing search overtime: "Mag_Nailgun_50n"
19:42:50.454 [CE][LootRespawner] (PRIDummy) :: Item [5] causing search overtime: "Mag_Nailgun_50n"
19:42:50.454 [CE][LootRespawner] (PRIDummy) :: Item [6] causing search overtime: "Mag_Nailgun_50n"
19:42:50.454 [CE][LootRespawner] (PRIDummy) :: Item [7] causing search overtime: "Mag_Nailgun_50n"
19:42:50.454 [CE][LootRespawner] (PRIDummy) :: Item [8] causing search overtime: "Mag_Nailgun_50n"
19:42:50.454 [CE][LootRespawner] (PRIDummy) :: Item [9] causing search overtime: "Mag_Nailgun_50n"
19:42:50.454 [CE][LootRespawner] (PRIDummy) :: Item [10] causing search overtime: "Mag_Nailgun_50n"
19:42:50.454 [CE][LootRespawner] (PRIDummy) :: Item [11] causing search overtime: "Mag_Nailgun_50n"
19:42:50.454 [CE][LootRespawner] (PRIDummy) :: Item [12] causing search overtime: "Mag_Nailgun_50n"
19:42:50.454 [CE][LootRespawner] (PRIDummy) :: Item [13] causing search overtime: "Mag_Nailgun_50n"
19:42:50.454 [CE][LootRespawner] (PRIDummy) :: Item [14] causing search overtime: "Mag_Nailgun_50n"
19:42:50.454 [CE][LootRespawner] (PRIDummy) :: Item [15] causing search overtime: "AmmoBox_762x25_25Rnd"
19:42:50.454 [CE][LootRespawner] (PRIDummy) :: Item [16] causing search overtime: "AmmoBox_762x25_25Rnd"
19:42:50.454 [CE][LootRespawner] (PRIDummy) :: Item [17] causing search overtime: "AmmoBox_762x25_25Rnd"
19:42:50.454 [CE][LootRespawner] (PRIDummy) :: Item [18] causing search overtime: "AmmoBox_762x25_25Rnd"
19:42:50.454 [CE][LootRespawner] (PRIDummy) :: Item [19] causing search overtime: "AmmoBox_762x25_25Rnd"
19:42:50.485 [CE][LootRespawner] (PRIDummy) :: Item [0] is hard to place, performance drops: "HighCapacityVest_Olive"
19:42:50.704 [CE][LootRespawner] (PRIDummy) :: Item [1] is hard to place, performance drops: "Hatchback_02_Door_1_1_RedRust"
19:42:50.720 [CE][LootRespawner] (PRIDummy) :: Item [2] is hard to place, performance drops: "Defender110_kapot_Red"
19:42:50.751 [CE][LootRespawner] (PRIDummy) :: Item [3] is hard to place, performance drops: "SmershVest"
19:42:50.767 [CE][LootRespawner] (PRIDummy) :: Item [4] is hard to place, performance drops: "Sedan_02_Hood_RedRust"
19:42:50.782 [CE][LootRespawner] (PRIDummy) :: Item [5] is hard to place, performance drops: "Breeches_Browncheck"
19:42:50.814 [CE][LootRespawner] (PRIDummy) :: Item [6] is hard to place, performance drops: "Lockpick"
19:42:50.814 [CE][LootRespawner] (PRIDummy) :: Item [7] is hard to place, performance drops: "Lockpick"
19:42:50.954 [CE][LootRespawner] (PRIDummy) :: Item [8] is hard to place, performance drops: "HatchbackTrunk_GreenRust"
19:42:50.954 [CE][LootRespawner] (PRIDummy) :: Item [9] is hard to place, performance drops: "HatchbackTrunk_GreenRust"
19:42:50.954 [CE][LootRespawner] (PRIDummy) :: Item [10] is hard to place, performance drops: "HatchbackTrunk_GreenRust"
19:42:50.954 [CE][LootRespawner] (PRIDummy) :: Item [11] is hard to place, performance drops: "HatchbackTrunk_GreenRust"
19:42:50.954 [CE][LootRespawner] (PRIDummy) :: Item [12] is hard to place, performance drops: "HikingJacket_Green"
19:42:50.970 [CE][LootRespawner] (PRIDummy) :: Initially (re)spawned:238, Nominal:22572, Total in Map: 14360 at 0 (sec)
19:42:50.970   tests:251, repeats:0 fails:13, overtime:5588
19:42:50.970 [CE][DynEvent] :: 33 types
19:42:50.970 [00] AmbientHen
19:42:50.970   Primary Spawner: "Ambient", active: yes, repeat: 1
19:42:50.970 [01] AnimalBear
19:42:50.970   Primary Spawner: "Animal", active: yes, repeat: 1
19:42:50.970 [02] AnimalCow
19:42:50.970   Primary Spawner: "Animal", active: yes, repeat: 1
19:42:50.970 [03] AnimalDeer
19:42:50.970   Primary Spawner: "Animal", active: yes, repeat: 1
19:42:50.970 [04] AnimalGoat
19:42:50.970   Primary Spawner: "Animal", active: yes, repeat: 1
19:42:50.970 [05] AnimalPig
19:42:50.970   Primary Spawner: "Animal", active: yes, repeat: 1
19:42:50.970 [06] AnimalRoeDeer
19:42:50.970   Primary Spawner: "Animal", active: yes, repeat: 1
19:42:50.970 [07] AnimalSheep
19:42:50.970   Primary Spawner: "Animal", active: yes, repeat: 1
19:42:50.970 [08] AnimalWildBoar
19:42:50.970   Primary Spawner: "Animal", active: yes, repeat: 1
19:42:50.970 [09] AnimalWolf
19:42:50.970   Primary Spawner: "Animal", active: yes, repeat: 1
19:42:50.970 [10] InfectedArmy
19:42:50.970   Primary Spawner: "Infected", active: yes, repeat: 1
19:42:50.970 [11] InfectedCity
19:42:50.970   Primary Spawner: "Infected", active: yes, repeat: 1
19:42:50.970 [12] InfectedFirefighter
19:42:50.970   Primary Spawner: "Infected", active: yes, repeat: 1
19:42:50.970 [13] InfectedIndustrial
19:42:50.970   Primary Spawner: "Infected", active: yes, repeat: 1
19:42:50.970 [14] InfectedMedic
19:42:50.970   Primary Spawner: "Infected", active: yes, repeat: 1
19:42:50.970 [15] InfectedPolice
19:42:50.970   Primary Spawner: "Infected", active: yes, repeat: 1
19:42:50.970 [16] InfectedPrisoner
19:42:50.970   Primary Spawner: "Infected", active: yes, repeat: 1
19:42:50.970 [17] InfectedReligious
19:42:50.970   Primary Spawner: "Infected", active: yes, repeat: 1
19:42:50.970 [18] InfectedSolitude
19:42:50.970   Primary Spawner: "Infected", active: yes, repeat: 1
19:42:50.970 [19] InfectedVillage
19:42:50.970   Primary Spawner: "Infected", active: yes, repeat: 1
19:42:50.970 [20] ItemPlanks
19:42:50.970   Primary Spawner: "Item", active: yes, repeat: 1
19:42:50.970 [21] Loot
