

=====================================================================
== D:\DayZServers\TheCommunity_enochTest\EnochTestServer_x64.exe
== "D:\DayZServers\TheCommunity_enochTest\EnochTestServer_x64.exe"  -port=2442 "-mod=@CF;@Community-Online-Tools;@BuildAnywhere;@BaseBuildingLogs;@Trader;@BaseBuildingPlus;" -config=D:\DayZServers\TheCommunity_enochTest\TheCommunityDZTest.cfg -profiles=TheEnochTestServer -BEPath=D:\DayZServers\TheCommunity_enochTest\battleye -filePatching -adminlog -netlog -freezecheck -scrAllowFileWrite
=====================================================================
Exe timestamp: 2020/03/14 00:03:02
Current time:  2020/03/21 03:38:41

Version 1.07.153006
 3:38:41.521 [Inputs] Loading inputs default "bin/constants.xml"
 3:38:41.521 [Inputs] Loading inputs default "bin/specific.xml"
 3:38:41.521 !!! [Inputs] Invalid input name used "UAUIInspectItem" for context "ui" in "bin/specific.xml"
 3:38:41.521 [Inputs] Loading inputs default "JM/COT/scripts/Data/Inputs.xml"
 3:38:41.521 [Inputs] Loading inputs default "BaseBuildingPlus/Scripts/Data/Inputs.xml"
 3:38:41.521 [Inputs] Loading inputs cfg "TheEnochTestServer\Users\Survivor\Server.core.xml"
 3:38:41.536 [Inputs] Exporting inputs cfg "TheEnochTestServer\Users\Survivor\Server.core.xml"
 3:39:27.733 [CE][Hive] :: Initializing OFFLINE
 3:39:27.733 [CE][Hive] :: Loading core data ... 
 3:39:27.733 [CE][CoreData] :: 7 root classes, 19 defaults, 0 updaters...
 3:39:31.876 [CE] :: WARNING :: Preset map "optics" is EMPTY.
 3:39:31.876 [CE][TypeSetup] :: 408 classes setuped...
 3:39:32.79 [CE][RegisterBind] :: 0 classes binded...
 3:39:32.79 [CE][RegisterConfig] :: 3115 config classes registered, 1 sub-counters...
 3:39:32.79 [CE][Hive] :: Loading map data ... 
 3:39:32.157 !!! [CE] :: Unknown category: 'vehicleparts'.
 3:39:32.157 !!! [CE] :: Unknown category: 'vehicleparts'.
 3:39:32.157 !!! [CE] :: Unknown category: 'vehicleparts'.
 3:39:32.157 !!! [CE] :: Unknown category: 'vehicleparts'.
 3:39:32.157 !!! [CE] :: Unknown category: 'vehicleparts'.
 3:39:32.157 !!! [CE] :: Unknown category: 'vehicleparts'.
 3:39:32.157 !!! [CE] :: Unknown category: 'vehicleparts'.
 3:39:32.157 !!! [CE] :: Unknown category: 'vehicleparts'.
 3:39:32.157 !!! [CE] :: Unknown category: 'vehicleparts'.
 3:39:32.157 !!! [CE] :: Unknown category: 'vehicleparts'.
 3:39:32.157 !!! [CE] :: Unknown category: 'vehicleparts'.
 3:39:32.157 !!! [CE] :: Unknown category: 'vehicleparts'.
 3:39:32.157 !!! [CE] :: Unknown category: 'vehicleparts'.
 3:39:32.157 !!! [CE] :: Unknown category: 'vehicleparts'.
 3:39:32.157 !!! [CE] :: Unknown category: 'vehicleparts'.
 3:39:32.157 !!! [CE] :: Unknown category: 'vehicleparts'.
 3:39:32.157 !!! [CE] :: Unknown category: 'vehicleparts'.
 3:39:32.157 !!! [CE] :: Unknown category: 'vehicleparts'.
 3:39:32.157 !!! [CE] :: Unknown category: 'vehicleparts'.
 3:39:32.157 !!! [CE] :: Unknown category: 'vehicleparts'.
 3:39:32.157 !!! [CE] :: Unknown category: 'vehicleparts'.
 3:39:32.157 !!! [CE] :: Unknown category: 'vehicleparts'.
 3:39:32.157 !!! [CE] :: Unknown category: 'vehicleparts'.
 3:39:32.157 !!! [CE] :: Unknown category: 'vehicleparts'.
 3:39:32.157 [CE][LoadPrototype] :: loaded 330 prototypes
 3:39:32.157   702 containers, 9116 points
 3:39:32.157   24 dispatches, 90 proxies
 3:39:32.157 !!! [CE][LoadPrototype] 12 groups have no points...
 3:39:32.157 !!![CE][LoadPrototype]  3 groups have wrong points...
 3:39:32.157 [CE][LoadPrototype] :: last group name: Land_Lunapark_Autodrome...
 3:39:32.157 [CE][LoadPrototype] :: loaded 0 prototypes
 3:39:32.157   0 containers, 0 points
 3:39:32.157   0 dispatches, 0 proxies
 3:39:32.157 [CE][LoadPrototype] :: last group name: PathD_7100...
 3:39:32.786 [CE][LoadMap] "Group" :: loaded 5086 groups, largest group range: 26.9
 3:39:32.786 [CE][LoadMap] "Dirt" :: loaded 0 groups, largest group range: 26.9
 3:39:32.974 [CE][Links] found 354 total links between groups, of 5086
 3:39:32.974 [CE][LoadClusters] "Cluster" :: Loading files...
 3:39:33.255 [CE][LoadClusters] :: file: "mapgroupcluster.xml", 4 types, 50000 instances
 3:39:33.489 [CE][LoadClusters] :: file: "mapgroupcluster01", 4 types, 50000 instances
 3:39:33.708 [CE][LoadClusters] :: file: "mapgroupcluster02", 4 types, 50000 instances
 3:39:33.911 [CE][LoadClusters] :: file: "mapgroupcluster03", 4 types, 50000 instances
 3:39:34.05 [CE][LoadClusters] :: file: "mapgroupcluster04", 4 types, 21297 instances
 3:39:34.05 [CE][Storage] ver:21 stamp:876, valid:yes, name:"mpmissions\TheCommunity.enoch\storage_666\data\types.bin"
 3:39:34.05 [CE][Storage] ver:21 stamp:875, valid:yes, name:"mpmissions\TheCommunity.enoch\storage_666\data\types.001"
 3:39:34.05 [CE][Storage] ver:21 stamp:876, valid:yes, name:"mpmissions\TheCommunity.enoch\storage_666\data\types.002"
 3:39:34.05 [CE][Storage] Restoring file "mpmissions\TheCommunity.enoch\storage_666\data\types.bin".
 3:39:34.36 [CE][offlineDB] :: Loaded 32 dynamic events 211 total types 0 total positions.
 3:39:34.52 [CE][Storage] ver:21 stamp:876, valid:yes, name:"mpmissions\TheCommunity.enoch\storage_666\data\events.bin"
 3:39:34.52 [CE][Storage] ver:21 stamp:875, valid:yes, name:"mpmissions\TheCommunity.enoch\storage_666\data\events.001"
 3:39:34.52 [CE][Storage] ver:21 stamp:876, valid:yes, name:"mpmissions\TheCommunity.enoch\storage_666\data\events.002"
 3:39:34.52 [CE][Storage] Restoring file "mpmissions\TheCommunity.enoch\storage_666\data\events.bin".
 3:39:34.52 [CE][DynamicEvent] Load  Events:[32] Primary spawners: 32 Secondary spawners: 1
 3:39:34.52 [CE][Storage] ver:24 stamp:876, valid:yes, name:"mpmissions\TheCommunity.enoch\storage_666\data\vehicles.bin"
 3:39:34.52 [CE][Storage] ver:24 stamp:875, valid:yes, name:"mpmissions\TheCommunity.enoch\storage_666\data\vehicles.001"
 3:39:34.52 [CE][Storage] ver:24 stamp:876, valid:yes, name:"mpmissions\TheCommunity.enoch\storage_666\data\vehicles.002"
 3:39:34.52 [CE][Storage] Restoring file "mpmissions\TheCommunity.enoch\storage_666\data\vehicles.bin" 85 items.
 3:39:34.146   85 items loaded.
 3:39:34.146 [CE][Storage] ver:0 stamp:0, valid:NO, name:"mpmissions\TheCommunity.enoch\storage_666\data\dynamic_000.bin"
 3:39:34.146 [CE][Storage] ver:24 stamp:875, valid:yes, name:"mpmissions\TheCommunity.enoch\storage_666\data\dynamic_000.001"
 3:39:34.146 [CE][Storage] ver:24 stamp:876, valid:yes, name:"mpmissions\TheCommunity.enoch\storage_666\data\dynamic_000.002"
 3:39:34.161 [CE][Storage] Restoring file "mpmissions\TheCommunity.enoch\storage_666\data\dynamic_000.002" 248 items.
 3:39:34.411   248 items loaded.
 3:39:34.411 [CE][Storage] ver:0 stamp:0, valid:NO, name:"mpmissions\TheCommunity.enoch\storage_666\data\dynamic_001.bin"
 3:39:34.411 [CE][Storage] ver:24 stamp:875, valid:yes, name:"mpmissions\TheCommunity.enoch\storage_666\data\dynamic_001.001"
 3:39:34.411 [CE][Storage] ver:24 stamp:876, valid:yes, name:"mpmissions\TheCommunity.enoch\storage_666\data\dynamic_001.002"
 3:39:34.411 [CE][Storage] Restoring file "mpmissions\TheCommunity.enoch\storage_666\data\dynamic_001.002" 1523 items.
 3:39:35.68   1523 items loaded.
 3:39:35.68 [CE][Storage] ver:0 stamp:0, valid:NO, name:"mpmissions\TheCommunity.enoch\storage_666\data\dynamic_002.bin"
 3:39:35.68 [CE][Storage] ver:24 stamp:875, valid:yes, name:"mpmissions\TheCommunity.enoch\storage_666\data\dynamic_002.001"
 3:39:35.68 [CE][Storage] ver:24 stamp:876, valid:yes, name:"mpmissions\TheCommunity.enoch\storage_666\data\dynamic_002.002"
 3:39:35.68 [CE][Storage] Restoring file "mpmissions\TheCommunity.enoch\storage_666\data\dynamic_002.002" 412 items.
 3:39:35.208   412 items loaded.
 3:39:35.208 [CE][Storage] ver:0 stamp:0, valid:NO, name:"mpmissions\TheCommunity.enoch\storage_666\data\dynamic_003.bin"
 3:39:35.208 [CE][Storage] ver:24 stamp:875, valid:yes, name:"mpmissions\TheCommunity.enoch\storage_666\data\dynamic_003.001"
 3:39:35.208 [CE][Storage] ver:24 stamp:876, valid:yes, name:"mpmissions\TheCommunity.enoch\storage_666\data\dynamic_003.002"
 3:39:35.208 [CE][Storage] Restoring file "mpmissions\TheCommunity.enoch\storage_666\data\dynamic_003.002" 814 items.
 3:39:35.444   814 items loaded.
 3:39:35.444 [CE][Storage] ver:0 stamp:0, valid:NO, name:"mpmissions\TheCommunity.enoch\storage_666\data\dynamic_004.bin"
 3:39:35.444 [CE][Storage] ver:24 stamp:875, valid:yes, name:"mpmissions\TheCommunity.enoch\storage_666\data\dynamic_004.001"
 3:39:35.444 [CE][Storage] ver:24 stamp:876, valid:yes, name:"mpmissions\TheCommunity.enoch\storage_666\data\dynamic_004.002"
 3:39:35.444 [CE][Storage] Restoring file "mpmissions\TheCommunity.enoch\storage_666\data\dynamic_004.002" 916 items.
 3:39:35.663   916 items loaded.
 3:39:35.663 [CE][Storage] ver:0 stamp:0, valid:NO, name:"mpmissions\TheCommunity.enoch\storage_666\data\dynamic_005.bin"
 3:39:35.663 [CE][Storage] ver:24 stamp:875, valid:yes, name:"mpmissions\TheCommunity.enoch\storage_666\data\dynamic_005.001"
 3:39:35.663 [CE][Storage] ver:24 stamp:876, valid:yes, name:"mpmissions\TheCommunity.enoch\storage_666\data\dynamic_005.002"
 3:39:35.663 [CE][Storage] Restoring file "mpmissions\TheCommunity.enoch\storage_666\data\dynamic_005.002" 1117 items.
 3:39:35.897   1117 items loaded.
 3:39:35.897 [CE][Storage] ver:0 stamp:0, valid:NO, name:"mpmissions\TheCommunity.enoch\storage_666\data\dynamic_006.bin"
 3:39:35.897 [CE][Storage] ver:24 stamp:875, valid:yes, name:"mpmissions\TheCommunity.enoch\storage_666\data\dynamic_006.001"
 3:39:35.897 [CE][Storage] ver:24 stamp:876, valid:yes, name:"mpmissions\TheCommunity.enoch\storage_666\data\dynamic_006.002"
 3:39:35.897 [CE][Storage] Restoring file "mpmissions\TheCommunity.enoch\storage_666\data\dynamic_006.002" 584 items.
 3:39:36.07   584 items loaded.
 3:39:36.07 [CE][Storage] ver:0 stamp:0, valid:NO, name:"mpmissions\TheCommunity.enoch\storage_666\data\dynamic_007.bin"
 3:39:36.07 [CE][Storage] ver:24 stamp:875, valid:yes, name:"mpmissions\TheCommunity.enoch\storage_666\data\dynamic_007.001"
 3:39:36.07 [CE][Storage] ver:24 stamp:876, valid:yes, name:"mpmissions\TheCommunity.enoch\storage_666\data\dynamic_007.002"
 3:39:36.07 [CE][Storage] Restoring file "mpmissions\TheCommunity.enoch\storage_666\data\dynamic_007.002" 677 items.
 3:39:36.147   677 items loaded.
 3:39:36.147 [CE][Storage] ver:0 stamp:0, valid:NO, name:"mpmissions\TheCommunity.enoch\storage_666\data\dynamic_008.bin"
 3:39:36.147 [CE][Storage] ver:24 stamp:875, valid:yes, name:"mpmissions\TheCommunity.enoch\storage_666\data\dynamic_008.001"
 3:39:36.147 [CE][Storage] ver:24 stamp:876, valid:yes, name:"mpmissions\TheCommunity.enoch\storage_666\data\dynamic_008.002"
 3:39:36.147 [CE][Storage] Restoring file "mpmissions\TheCommunity.enoch\storage_666\data\dynamic_008.002" 639 items.
 3:39:36.288   639 items loaded.
 3:39:36.288 [CE][Storage] ver:0 stamp:0, valid:NO, name:"mpmissions\TheCommunity.enoch\storage_666\data\dynamic_009.bin"
 3:39:36.288 [CE][Storage] ver:24 stamp:875, valid:yes, name:"mpmissions\TheCommunity.enoch\storage_666\data\dynamic_009.001"
 3:39:36.288 [CE][Storage] ver:24 stamp:876, valid:yes, name:"mpmissions\TheCommunity.enoch\storage_666\data\dynamic_009.002"
 3:39:36.288 [CE][Storage] Restoring file "mpmissions\TheCommunity.enoch\storage_666\data\dynamic_009.002" 571 items.
 3:39:36.413   571 items loaded.
 3:39:36.413 [CE][Storage] ver:0 stamp:0, valid:NO, name:"mpmissions\TheCommunity.enoch\storage_666\data\dynamic_010.bin"
 3:39:36.413 [CE][Storage] ver:24 stamp:875, valid:yes, name:"mpmissions\TheCommunity.enoch\storage_666\data\dynamic_010.001"
 3:39:36.413 [CE][Storage] ver:24 stamp:876, valid:yes, name:"mpmissions\TheCommunity.enoch\storage_666\data\dynamic_010.002"
 3:39:36.413 [CE][Storage] Restoring file "mpmissions\TheCommunity.enoch\storage_666\data\dynamic_010.002" 1672 items.
 3:39:36.725   1672 items loaded.
 3:39:36.725 [CE][Storage] ver:0 stamp:0, valid:NO, name:"mpmissions\TheCommunity.enoch\storage_666\data\dynamic_011.bin"
 3:39:36.725 [CE][Storage] ver:24 stamp:875, valid:yes, name:"mpmissions\TheCommunity.enoch\storage_666\data\dynamic_011.001"
 3:39:36.725 [CE][Storage] ver:24 stamp:876, valid:yes, name:"mpmissions\TheCommunity.enoch\storage_666\data\dynamic_011.002"
 3:39:36.725 [CE][Storage] Restoring file "mpmissions\TheCommunity.enoch\storage_666\data\dynamic_011.002" 239 items.
 3:39:36.819   239 items loaded.
 3:39:36.850 [CE][Hive] :: Storage load took:2.81 seconds, recovery stamp:876
 3:39:36.850   entity: 10205, building: 0
 3:39:36.850   no lifetime: 40
 3:39:36.850 [CE][Hive] :: Initializing ... 
 3:39:36.866 [CE][InitializeMap] :: initialized: 0
 3:39:36.866 [CE][Hive] :: Initializing spawners ... 
 3:39:38.757 [CE][LootRespawner] (PRIDummy) :: Item [0] causing search overtime: "CivSedanHood_Wine"
 3:39:38.757 [CE][LootRespawner] (PRIDummy) :: Item [1] causing search overtime: "CivSedanHood_Wine"
 3:39:38.757 [CE][LootRespawner] (PRIDummy) :: Item [2] causing search overtime: "CivSedanHood_Wine"
 3:39:38.757 [CE][LootRespawner] (PRIDummy) :: Item [3] causing search overtime: "CivSedanHood_Wine"
 3:39:38.757 [CE][LootRespawner] (PRIDummy) :: Item [4] causing search overtime: "CivSedanHood_Wine"
 3:39:38.757 [CE][LootRespawner] (PRIDummy) :: Item [5] causing search overtime: "CivSedanHood_Wine"
 3:39:38.757 [CE][LootRespawner] (PRIDummy) :: Item [6] causing search overtime: "CivSedanHood_Wine"
 3:39:38.757 [CE][LootRespawner] (PRIDummy) :: Item [7] causing search overtime: "CivSedanHood_Wine"
 3:39:38.757 [CE][LootRespawner] (PRIDummy) :: Item [8] causing search overtime: "CivSedanHood_Wine"
 3:39:38.757 [CE][LootRespawner] (PRIDummy) :: Item [9] causing search overtime: "CivSedanHood_Wine"
 3:39:38.757 [CE][LootRespawner] (PRIDummy) :: Item [10] causing search overtime: "Sedan_02_Trunk_Grey"
 3:39:38.757 [CE][LootRespawner] (PRIDummy) :: Item [11] causing search overtime: "Sedan_02_Trunk_Grey"
 3:39:38.757 [CE][LootRespawner] (PRIDummy) :: Item [12] causing search overtime: "Sedan_02_Trunk_Grey"
 3:39:38.757 [CE][LootRespawner] (PRIDummy) :: Item [13] causing search overtime: "Sedan_02_Trunk_Grey"
 3:39:38.757 [CE][LootRespawner] (PRIDummy) :: Item [14] causing search overtime: "Sedan_02_Trunk_Grey"
 3:39:38.757 [CE][LootRespawner] (PRIDummy) :: Item [15] causing search overtime: "Sedan_02_Trunk_Grey"
 3:39:38.757 [CE][LootRespawner] (PRIDummy) :: Item [16] causing search overtime: "Sedan_02_Trunk_Grey"
 3:39:38.757 [CE][LootRespawner] (PRIDummy) :: Item [17] causing search overtime: "Sedan_02_Trunk_Grey"
 3:39:38.757 [CE][LootRespawner] (PRIDummy) :: Item [18] causing search overtime: "Sedan_02_Trunk_Grey"
 3:39:38.757 [CE][LootRespawner] (PRIDummy) :: Item [19] causing search overtime: "Sedan_02_Trunk_Grey"
 3:39:38.975 [CE][LootRespawner] (PRIDummy) :: Initially (re)spawned:146, Nominal:12429, Total in Map: 9661 at 0 (sec)
 3:39:38.975   tests:146, repeats:0 fails:0, overtime:499
 3:39:38.975 [CE][DynEvent] :: 32 types
 3:39:38.975 [00] AmbientHen
 3:39:38.975   Primary Spawner: "Ambient", active: yes, repeat: 1
 3:39:38.975 [01] AnimalBear
 3:39:38.975   Primary Spawner: "Animal", active: yes, repeat: 1
 3:39:38.975 [02] AnimalCow
 3:39:38.975   Primary Spawner: "Animal", active: yes, repeat: 1
 3:39:38.975 [03] AnimalDeer
 3:39:38.975   Primary Spawner: "Animal", active: yes, repeat: 1
 3:39:38.975 [04] AnimalGoat
 3:39:38.975   Primary Spawner: "Animal", active: yes, repeat: 1
 3:39:38.975 [05] AnimalPig
 3:39:38.975   Primary Spawner: "Animal", active: yes, repeat: 1
 3:39:38.975 [06] AnimalRoeDeer
 3:39:38.975   Primary Spawner: "Animal", active: yes, repeat: 1
 3:39:38.975 [07] AnimalSheep
 3:39:38.975   Primary Spawner: "Animal", active: yes, repeat: 1
 3:39:38.975 [08] AnimalWildBoar
 3:39:38.975   Primary Spawner: "Animal", active: yes, repeat: 1
 3:39:38.975 [09] AnimalWolf
 3:39:38.975   Primary Spawner: "Animal", active: yes, repeat: 1
 3:39:38.975 [10] InfectedArmy
 3:39:38.975   Primary Spawner: "Infected", active: yes, repeat: 1
 3:39:38.975 [11] InfectedCity
 3:39:38.975   Primary Spawner: "Infected", active: yes, repeat: 1
 3:39:38.975 [12] InfectedFirefighter
 3:39:38.975   Primary Spawner: "Infected", active: yes, repeat: 1
 3:39:38.975 [13] InfectedIndustrial
 3:39:38.975   Primary Spawner: "Infected", active: yes, repeat: 1
 3:39:38.975 [14] InfectedMedic
 3:39:38.975   Primary Spawner: "Infected", active: yes, repeat: 1
 3:39:38.975 [15] InfectedPolice
 3:39:38.975   Primary Spawner: "Infected", active: yes, repeat: 1
 3:39:38.975 [16] InfectedPrisoner
 3:39:38.975   Primary Spawner: "Infected", active: yes, repeat: 1
 3:39:38.975 [17] InfectedReligious
 3:39:38.975   Primary Spawner: "Infected", active: yes, repeat: 1
 3:39:38.975 [18] InfectedSolitude
 3:39:38.975   Primary Spawner: "Infected", active: yes, repeat: 1
 3:39:38.975 [19] InfectedVillage
 3:39:38.975   Primary Spawner: "Infected", active: yes, repeat: 1
 3:39:38.975 [20] ItemPlanks
 3:39:38.975   Primary Spawner: "Item", active: yes, repeat: 1
 3:39:38.975 [21] Loot
 3:39:38.975   Primary Spawner: "Loot", active: yes, repeat: 2
 3:39:38.975 [22] StaticHeliCrash
 3:39:38.975   Primary Spawner: "Vehicle", active: yes, repeat: 1
 3:39:38.975   Secondary Spawner: "Infected", active: yes, repeat: 1
 3:39:38.975 [23] StaticPoliceCar
 3:39:38.975   Primary Spawner: "Vehicle", active: yes, repeat: 1
 3:39:38.975 [24] TrajectoryConiferous
 3:39:38.975   Primary Spawner: "Trajectory", active: yes, repeat: 1
 3:39:38.975 [25] TrajectoryDeciduous
 3:39:38.975   Primary Spawner: "Trajectory", active: yes, repeat: 1
 3:39:38.975 [26] TrajectoryHumus
 3:39:38.975   Primary Spawner: "Trajectory", active: yes, repeat: 1
 3:39:38.975 [27] TrajectoryStones
 3:39:38.975   Primary Spawner: "Trajectory", active: yes, repeat: 1
 3:39:38.975 [28] VehicleCivilianSedan
 3:39:38.975   Primary Spawner: "Vehicle", active: yes, repeat: 1
 3:39:38.975 [29] VehicleHatchback02
 3:39:38.975   Primary Spawner: "Vehicle", active: yes, repeat: 1
 3:39:38.975 [30] VehicleOffroadHatchback
 3:39:38.975   Primary Spawner: "Vehicle", active: yes, repeat: 1
 3:39:38.975 [31] VehicleSedan02
 3:39:38.975   Primary Spawner: "Vehicle", active: yes, repeat: 1
 3:39:38.975 [CE][Hive] :: Initializing of spawners done.
 3:39:38.991 [CE][Hive] :: Init sequence finished.
 3:39:38.991 Player connect enabled
 3:39:39.319 Average server FPS: 0.07 (measured interval: 30 s)
 3:39:39.319 Used memory: 1144372 KB
 3:39:39.319 Players: 0 in total
 3:40:09.307 Average server FPS: 6450.80 (measured interval: 30 s)
 3:40:09.307 Used memory: 1260869 KB
 3:40:09.307 Players: 0 in total
 3:40:31.636 [CE][Links] found 0 total links between groups, of 1
 3:40:31.636 [CE][SpawnRandomLoot] (StaticHeliCrash) :: ChildType: Wreck_UH1Y, lootmin: 10, lootmax: 20, wanted: 19
 3:40:31.652 [CE][Links] found 0 total links between groups, of 2
 3:40:31.652 [CE][SpawnRandomLoot] (StaticHeliCrash) :: ChildType: Wreck_Mi8, lootmin: 10, lootmax: 20, wanted: 11
 3:40:31.652 [CE][Links] found 0 total links between groups, of 3
 3:40:31.652 [CE][SpawnRandomLoot] (StaticHeliCrash) :: ChildType: Wreck_UH1Y, lootmin: 10, lootmax: 20, wanted: 11
 3:40:31.933 [CE][Links] found 0 total links between groups, of 4
 3:40:31.933 [CE][SpawnRandomLoot] (StaticPoliceCar) :: ChildType: Land_Wreck_Volha_Police, lootmin: 3, lootmax: 5, wanted: 4
 3:40:39.324 Average server FPS: 7346.35 (measured interval: 30 s)
 3:40:39.324 Used memory: 1277576 KB
 3:40:39.324 Players: 0 in total
 3:41:09.326 Average server FPS: 7815.67 (measured interval: 30 s)
 3:41:09.326 Used memory: 1294894 KB
 3:41:09.326 Players: 0 in total
 3:41:39.317 Average server FPS: 6218.07 (measured interval: 30 s)
 3:41:39.317 Used memory: 1308892 KB
 3:41:39.317 Players: 0 in total
 3:42:09.321 Average server FPS: 7957.94 (measured interval: 30 s)
 3:42:09.321 Used memory: 1324528 KB
 3:42:09.321 Players: 0 in total
 3:42:39.322 Average server FPS: 8685.07 (measured interval: 30 s)
 3:42:39.322 Used memory: 1329477 KB
 3:42:39.322 Players: 0 in total
 3:43:09.324 Average server FPS: 9659.33 (measured interval: 30 s)
 3:43:09.324 Used memory: 1329520 KB
 3:43:09.324 Players: 0 in total
 3:43:39.325 Average server FPS: 9276.30 (measured interval: 30 s)
 3:43:39.325 Used memory: 1329540 KB
 3:43:39.325 Players: 0 in total
 3:44:09.327 Average server FPS: 9237.47 (measured interval: 30 s)
 3:44:09.327 Used memory: 1329464 KB
 3:44:09.327 Players: 0 in total
 3:44:39.328 Average server FPS: 9320.80 (measured interval: 30 s)
 3:44:39.328 Used memory: 1329241 KB
 3:44:39.328 Players: 0 in total
 3:45:09.314 Average server FPS: 9426.50 (measured interval: 30 s)
 3:45:09.314 Used memory: 1329401 KB
 3:45:09.314 Players: 0 in total
 3:45:39.315 Average server FPS: 8615.97 (measured interval: 30 s)
 3:45:39.315 Used memory: 1330579 KB
 3:45:39.315 Players: 0 in total
 3:46:03.285 [CE][LootRespawner] (PRIDummy) :: Item [0] is hard to place, performance drops: "PressVest_Blue"
 3:46:03.285 [CE][LootRespawner] (PRIDummy) :: Item [1] is hard to place, performance drops: "PressVest_Blue"
 3:46:09.317 Average server FPS: 9283.67 (measured interval: 30 s)
 3:46:09.317 Used memory: 1330959 KB
 3:46:09.317 Players: 0 in total
 3:46:39.318 Average server FPS: 9438.00 (measured interval: 30 s)
 3:46:39.318 Used memory: 1330886 KB
 3:46:39.318 Players: 0 in total
 3:47:09.320 Average server FPS: 9370.27 (measured interval: 30 s)
 3:47:09.320 Used memory: 1330631 KB
 3:47:09.320 Players: 0 in total
 3:47:39.321 Average server FPS: 9469.67 (measured interval: 30 s)
 3:47:39.321 Used memory: 1330734 KB
 3:47:39.321 Players: 0 in total
 3:47:50.493 [CE][LootRespawner] (PRIDummy) :: Item [2] is hard to place, performance drops: "PolicePants"
 3:48:09.322 Average server FPS: 9210.50 (measured interval: 30 s)
 3:48:09.322 Used memory: 1331244 KB
 3:48:09.322 Players: 0 in total
 3:48:39.324 Average server FPS: 9466.10 (measured interval: 30 s)
 3:48:39.324 Used memory: 1331196 KB
 3:48:39.324 Players: 0 in total
 3:49:09.325 Average server FPS: 9389.27 (measured interval: 30 s)
 3:49:09.325 Used memory: 1331181 KB
 3:49:09.325 Players: 0 in total
 3:49:12.122 [CE][LootRespawner] (PRIDummy) :: Item [3] is hard to place, performance drops: "Epinephrine"
 3:49:39.327 Average server FPS: 9351.23 (measured interval: 30 s)
 3:49:39.327 Used memory: 1331287 KB
 3:49:39.327 Players: 0 in total
 3:50:09.328 Average server FPS: 9494.87 (measured interval: 30 s)
 3:50:09.328 Used memory: 1331204 KB
 3:50:09.328 Players: 0 in total
 3:50:39.314 Average server FPS: 6611.90 (measured interval: 30 s)
 3:50:39.314 Used memory: 1331871 KB
 3:50:39.314 Players: 0 in total
 3:51:09.315 Average server FPS: 9311.67 (measured interval: 30 s)
 3:51:09.315 Used memory: 1331442 KB
 3:51:09.315 Players: 0 in total
 3:51:39.318 Average server FPS: 9338.90 (measured interval: 30 s)
 3:51:39.318 Used memory: 1331451 KB
 3:51:39.318 Players: 0 in total
 3:52:09.319 Average server FPS: 9104.27 (measured interval: 30 s)
 3:52:09.319 Used memory: 1331617 KB
 3:52:09.319 Players: 0 in total
 3:52:39.321 Average server FPS: 9239.20 (measured interval: 30 s)
 3:52:39.321 Used memory: 1331457 KB
 3:52:39.321 Players: 0 in total
 3:53:09.323 Average server FPS: 9405.27 (measured interval: 30 s)
 3:53:09.323 Used memory: 1331281 KB
 3:53:09.323 Players: 0 in total
 3:53:39.324 Average server FPS: 9362.67 (measured interval: 30 s)
 3:53:39.324 Used memory: 1332054 KB
 3:53:39.324 Players: 0 in total
 3:54:09.325 Average server FPS: 9458.43 (measured interval: 30 s)
 3:54:09.325 Used memory: 1332387 KB
 3:54:09.325 Players: 0 in total
 3:54:39.327 Average server FPS: 9245.63 (measured interval: 30 s)
 3:54:39.327 Used memory: 1332253 KB
 3:54:39.327 Players: 0 in total
 3:55:09.328 Average server FPS: 9424.60 (measured interval: 30 s)
 3:55:09.328 Used memory: 1333315 KB
 3:55:09.328 Players: 0 in total
 3:55:39.316 Average server FPS: 9330.80 (measured interval: 30 s)
 3:55:39.316 Used memory: 1333213 KB
 3:55:39.316 Players: 0 in total
 3:56:09.318 Average server FPS: 9403.47 (measured interval: 30 s)
 3:56:09.318 Used memory: 1333058 KB
 3:56:09.318 Players: 0 in total
 3:56:39.319 Average server FPS: 9320.90 (measured interval: 30 s)
 3:56:39.319 Used memory: 1332980 KB
 3:56:39.319 Players: 0 in total
 3:57:09.321 Average server FPS: 9292.03 (measured interval: 30 s)
 3:57:09.321 Used memory: 1332967 KB
 3:57:09.321 Players: 0 in total
 3:57:39.322 Average server FPS: 9225.40 (measured interval: 30 s)
 3:57:39.322 Used memory: 1333381 KB
 3:57:39.322 Players: 0 in total
 3:58:09.323 Average server FPS: 9340.93 (measured interval: 30 s)
 3:58:09.323 Used memory: 1333342 KB
 3:58:09.323 Players: 0 in total
 3:58:39.325 Average server FPS: 9422.37 (measured interval: 30 s)
 3:58:39.325 Used memory: 1333463 KB
 3:58:39.325 Players: 0 in total
 3:59:09.326 Average server FPS: 9018.47 (measured interval: 30 s)
 3:59:09.326 Used memory: 1333844 KB
 3:59:09.326 Players: 0 in total
 3:59:39.328 Average server FPS: 8957.50 (measured interval: 30 s)
 3:59:39.328 Used memory: 1333677 KB
 3:59:39.328 Players: 0 in total
 4:00:09.314 Average server FPS: 9323.57 (measured interval: 30 s)
 4:00:09.314 Used memory: 1333332 KB
 4:00:09.314 Players: 0 in total
 4:00:25.517 [CE][LootRespawner] (PRIDummy) :: Item [4] is hard to place, performance drops: "PressVest_LightBlue"
 4:00:25.517 [CE][LootRespawner] (PRIDummy) :: Item [5] is hard to place, performance drops: "PressVest_LightBlue"
 4:00:39.331 Average server FPS: 9306.22 (measured interval: 30 s)
 4:00:39.331 Used memory: 1333344 KB
 4:00:39.331 Players: 0 in total
 4:01:09.332 Average server FPS: 9274.78 (measured interval: 30 s)
 4:01:09.332 Used memory: 1333550 KB
 4:01:09.332 Players: 0 in total
 4:01:39.333 Average server FPS: 9491.58 (measured interval: 30 s)
 4:01:39.333 Used memory: 1333473 KB
 4:01:39.333 Players: 0 in total
 4:02:09.335 Average server FPS: 9292.79 (measured interval: 30 s)
 4:02:09.335 Used memory: 1333314 KB
 4:02:09.335 Players: 0 in total
 4:02:39.336 Average server FPS: 9423.84 (measured interval: 30 s)
 4:02:39.336 Used memory: 1333629 KB
 4:02:39.336 Players: 0 in total
 4:03:09.353 Average server FPS: 9183.83 (measured interval: 30 s)
 4:03:09.353 Used memory: 1333516 KB
 4:03:09.353 Players: 0 in total
 4:03:39.355 Average server FPS: 8825.56 (measured interval: 30 s)
 4:03:39.355 Used memory: 1334521 KB
 4:03:39.355 Players: 0 in total
 4:04:09.356 Average server FPS: 9337.38 (measured interval: 30 s)
 4:04:09.356 Used memory: 1334324 KB
 4:04:09.356 Players: 0 in total
 4:04:39.358 Average server FPS: 8877.85 (measured interval: 30 s)
 4:04:39.358 Used memory: 1334361 KB
 4:04:39.358 Players: 0 in total
 4:05:09.375 Average server FPS: 9224.86 (measured interval: 30 s)
 4:05:09.375 Used memory: 1334308 KB
 4:05:09.375 Players: 0 in total
 4:05:39.376 Average server FPS: 9393.70 (measured interval: 30 s)
 4:05:39.376 Used memory: 1334153 KB
 4:05:39.376 Players: 0 in total
 4:06:09.378 Average server FPS: 9423.10 (measured interval: 30 s)
 4:06:09.378 Used memory: 1334156 KB
 4:06:09.378 Players: 0 in total
 4:06:39.379 Average server FPS: 9232.30 (measured interval: 30 s)
 4:06:39.379 Used memory: 1334451 KB
 4:06:39.379 Players: 0 in total
 4:07:09.380 Average server FPS: 9025.03 (measured interval: 30 s)
 4:07:09.380 Used memory: 1334481 KB
 4:07:09.380 Players: 0 in total
 4:07:39.397 Average server FPS: 9441.41 (measured interval: 30 s)
 4:07:39.397 Used memory: 1334336 KB
 4:07:39.397 Players: 0 in total
 4:08:09.399 Average server FPS: 9259.91 (measured interval: 30 s)
 4:08:09.399 Used memory: 1334484 KB
 4:08:09.399 Players: 0 in total
 4:08:39.400 Average server FPS: 9399.50 (measured interval: 30 s)
 4:08:39.400 Used memory: 1334419 KB
 4:08:39.400 Players: 0 in total
 4:09:06.75  --- Termination successfully completed --- 
