

=====================================================================
== D:\DayZServers\TheCommunity_enochTest\EnochTestServer_x64.exe
== "D:\DayZServers\TheCommunity_enochTest\EnochTestServer_x64.exe"  -port=2442 "-mod=@CF;@Community-Online-Tools;@BuildAnywhere;@BaseBuildingLogs;@Trader;@BaseBuildingPlus;@Durable_Suppressors;@VanillaPlusPlusMap;@Ear-Plugs;@Catch_Rain;@DayZ-Expansion-Notifications;@DayZ-Expansion-Chat;@No_Shoe_Damage;@Airdrop-Upgraded;@Ammo_Making;@Banking;@Unlimited_Stamina;@BuilderItems;@Camosplus;@CannabisPlus;@CheckIdentity;@Code_Lock;@Dayz_Navigation;@FIDOv_PACK_4;@FlipTransport;@GoreZ;@IRP-Land-Rover-Defender-110;@KillFeed;@NoVehicleDamage;@PartyMe;@Modular_Vest_System;@MuchStuffPack;@Specialist_Weapon_Pack;" -config=D:\DayZServers\TheCommunity_enochTest\TheCommunityDZTest.cfg -profiles=TheEnochTestServer -BEPath=D:\DayZServers\TheCommunity_enochTest\battleye -filePatching -adminlog -netlog -freezecheck -scrAllowFileWrite
=====================================================================
Exe timestamp: 2020/03/14 00:03:02
Current time:  2020/04/06 09:33:40

Version 1.07.153006
 9:33:40.314 [Inputs] Loading inputs default "bin/constants.xml"
 9:33:40.314 [Inputs] Loading inputs default "bin/specific.xml"
 9:33:40.314 !!! [Inputs] Invalid input name used "UAUIInspectItem" for context "ui" in "bin/specific.xml"
 9:33:40.314 !!! [Inputs] Attempt to register duplicate Modded-Inputs file "VanillaPPMap/data/modded_Inputs.xml"
 9:33:40.314 [Inputs] Loading inputs default "EarPlugs\data\inputs.xml"
 9:33:40.314 [Inputs] Loading inputs default "JM/COT/scripts/Data/Inputs.xml"
 9:33:40.314 [Inputs] Loading inputs default "KillFeed/inputs/Inputs.xml"
 9:33:40.330 [Inputs] Loading inputs default "partyme/scripts/partyme_inputs.xml"
 9:33:40.330 [Inputs] Loading inputs default "VanillaPPMap/data/modded_Inputs.xml"
 9:33:40.330 [Inputs] Loading inputs default "BaseBuildingPlus/Scripts/Data/Inputs.xml"
 9:33:40.330 [Inputs] Loading inputs default "VanillaPPMap/data/modded_Inputs.xml"
 9:33:40.330 !!! [Inputs] Attempt to register duplicate input "UAOpenVPPMap"
 9:33:40.330 !!! [Inputs] Attempt to register duplicate input "UAToggleVPPMap3DMarkers"
 9:33:40.330 [Inputs] Loading inputs cfg "TheEnochTestServer\Users\Survivor\Server.core.xml"
 9:33:40.330 [Inputs] Exporting inputs cfg "TheEnochTestServer\Users\Survivor\Server.core.xml"
 9:33:40.783 !!! [Inputs] Attempt to register "PMHideShowTrackers" input twice
 9:34:31.173 [CE][Hive] :: Initializing OFFLINE
 9:34:31.173 [CE][Hive] :: Loading core data ... 
 9:34:31.173 [CE][CoreData] :: 7 root classes, 19 defaults, 0 updaters...
 9:34:38.722 [CE][RegisterBind] :: 0 classes binded...
 9:34:38.722 [CE][RegisterConfig] :: 7403 config classes registered, 0 sub-counters...
 9:34:38.722 [CE][Hive] :: Loading map data ... 
 9:34:38.769 !!! [CE] :: Unknown category: 'vehicleparts'.
 9:34:38.769 [CE][LoadPrototype] :: loaded 330 prototypes
 9:34:38.769   702 containers, 9116 points
 9:34:38.769   24 dispatches, 90 proxies
 9:34:38.769 !!! [CE][LoadPrototype] 12 groups have no points...
 9:34:38.769 !!![CE][LoadPrototype]  3 groups have wrong points...
 9:34:38.769 [CE][LoadPrototype] :: last group name: Land_Lunapark_Autodrome...
 9:34:38.769 [CE][LoadPrototype] :: loaded 0 prototypes
 9:34:38.769   0 containers, 0 points
 9:34:38.769   0 dispatches, 0 proxies
 9:34:38.769 [CE][LoadPrototype] :: last group name: PathD_7100...
 9:34:39.145 [CE][LoadMap] "Group" :: loaded 5086 groups, largest group range: 26.9
 9:34:39.145 [CE][LoadMap] "Dirt" :: loaded 0 groups, largest group range: 26.9
 9:34:39.270 [CE][Links] found 354 total links between groups, of 5086
 9:34:39.270 [CE][LoadClusters] "Cluster" :: Loading files...
 9:34:39.457 [CE][LoadClusters] :: file: "mapgroupcluster.xml", 4 types, 50000 instances
 9:34:39.676 [CE][LoadClusters] :: file: "mapgroupcluster01", 4 types, 50000 instances
 9:34:39.879 [CE][LoadClusters] :: file: "mapgroupcluster02", 4 types, 50000 instances
 9:34:40.82 [CE][LoadClusters] :: file: "mapgroupcluster03", 4 types, 50000 instances
 9:34:40.176 [CE][LoadClusters] :: file: "mapgroupcluster04", 4 types, 21297 instances
 9:34:40.176 [CE][Storage] ver:21 stamp:1789, valid:yes, name:"mpmissions\TheCommunity.enoch\storage_666\data\types.bin"
 9:34:40.192 [CE][Storage] ver:21 stamp:1788, valid:yes, name:"mpmissions\TheCommunity.enoch\storage_666\data\types.001"
 9:34:40.192 [CE][Storage] ver:21 stamp:1786, valid:yes, name:"mpmissions\TheCommunity.enoch\storage_666\data\types.002"
 9:34:40.192 [CE][Storage] Restoring file "mpmissions\TheCommunity.enoch\storage_666\data\types.bin".
 9:34:40.285 [CE][offlineDB] :: Loaded 33 dynamic events 215 total types 0 total positions.
 9:34:40.317 [CE][Storage] ver:21 stamp:1789, valid:yes, name:"mpmissions\TheCommunity.enoch\storage_666\data\events.bin"
 9:34:40.317 [CE][Storage] ver:21 stamp:1788, valid:yes, name:"mpmissions\TheCommunity.enoch\storage_666\data\events.001"
 9:34:40.317 [CE][Storage] ver:21 stamp:1786, valid:yes, name:"mpmissions\TheCommunity.enoch\storage_666\data\events.002"
 9:34:40.317 [CE][Storage] Restoring file "mpmissions\TheCommunity.enoch\storage_666\data\events.bin".
 9:34:40.317 [CE][DynamicEvent] Load  Events:[33] Primary spawners: 33 Secondary spawners: 1
 9:34:40.317 [CE][Storage] ver:24 stamp:1789, valid:yes, name:"mpmissions\TheCommunity.enoch\storage_666\data\vehicles.bin"
 9:34:40.317 [CE][Storage] ver:24 stamp:1788, valid:yes, name:"mpmissions\TheCommunity.enoch\storage_666\data\vehicles.001"
 9:34:40.317 [CE][Storage] ver:24 stamp:1786, valid:yes, name:"mpmissions\TheCommunity.enoch\storage_666\data\vehicles.002"
 9:34:40.317 [CE][Storage] Restoring file "mpmissions\TheCommunity.enoch\storage_666\data\vehicles.bin" 90 items.
 9:34:40.364   90 items loaded.
 9:34:40.364 [CE][Storage] ver:0 stamp:0, valid:NO, name:"mpmissions\TheCommunity.enoch\storage_666\data\dynamic_000.bin"
 9:34:40.364 [CE][Storage] ver:24 stamp:1788, valid:yes, name:"mpmissions\TheCommunity.enoch\storage_666\data\dynamic_000.001"
 9:34:40.364 [CE][Storage] ver:24 stamp:1786, valid:yes, name:"mpmissions\TheCommunity.enoch\storage_666\data\dynamic_000.002"
 9:34:40.364 [CE][Storage] Restoring file "mpmissions\TheCommunity.enoch\storage_666\data\dynamic_000.001" 281 items.
 9:34:40.551   281 items loaded.
 9:34:40.551 [CE][Storage] ver:0 stamp:0, valid:NO, name:"mpmissions\TheCommunity.enoch\storage_666\data\dynamic_001.bin"
 9:34:40.551 [CE][Storage] ver:24 stamp:1788, valid:yes, name:"mpmissions\TheCommunity.enoch\storage_666\data\dynamic_001.001"
 9:34:40.551 [CE][Storage] ver:24 stamp:1786, valid:yes, name:"mpmissions\TheCommunity.enoch\storage_666\data\dynamic_001.002"
 9:34:40.551 [CE][Storage] Restoring file "mpmissions\TheCommunity.enoch\storage_666\data\dynamic_001.001" 1834 items.
 9:34:41.98   1834 items loaded.
 9:34:41.98 [CE][Storage] ver:0 stamp:0, valid:NO, name:"mpmissions\TheCommunity.enoch\storage_666\data\dynamic_002.bin"
 9:34:41.98 [CE][Storage] ver:24 stamp:1788, valid:yes, name:"mpmissions\TheCommunity.enoch\storage_666\data\dynamic_002.001"
 9:34:41.98 [CE][Storage] ver:24 stamp:1786, valid:yes, name:"mpmissions\TheCommunity.enoch\storage_666\data\dynamic_002.002"
 9:34:41.98 [CE][Storage] Restoring file "mpmissions\TheCommunity.enoch\storage_666\data\dynamic_002.001" 505 items.
 9:34:41.239   505 items loaded.
 9:34:41.254 [CE][Storage] ver:0 stamp:0, valid:NO, name:"mpmissions\TheCommunity.enoch\storage_666\data\dynamic_003.bin"
 9:34:41.254 [CE][Storage] ver:24 stamp:1788, valid:yes, name:"mpmissions\TheCommunity.enoch\storage_666\data\dynamic_003.001"
 9:34:41.254 [CE][Storage] ver:24 stamp:1786, valid:yes, name:"mpmissions\TheCommunity.enoch\storage_666\data\dynamic_003.002"
 9:34:41.254 [CE][Storage] Restoring file "mpmissions\TheCommunity.enoch\storage_666\data\dynamic_003.001" 1039 items.
 9:34:41.504   1039 items loaded.
 9:34:41.504 [CE][Storage] ver:0 stamp:0, valid:NO, name:"mpmissions\TheCommunity.enoch\storage_666\data\dynamic_004.bin"
 9:34:41.520 [CE][Storage] ver:24 stamp:1788, valid:yes, name:"mpmissions\TheCommunity.enoch\storage_666\data\dynamic_004.001"
 9:34:41.520 [CE][Storage] ver:24 stamp:1786, valid:yes, name:"mpmissions\TheCommunity.enoch\storage_666\data\dynamic_004.002"
 9:34:41.520 [CE][Storage] Restoring file "mpmissions\TheCommunity.enoch\storage_666\data\dynamic_004.001" 1466 items.
 9:34:41.989   1466 items loaded.
 9:34:41.989 [CE][Storage] ver:0 stamp:0, valid:NO, name:"mpmissions\TheCommunity.enoch\storage_666\data\dynamic_005.bin"
 9:34:41.989 [CE][Storage] ver:24 stamp:1788, valid:yes, name:"mpmissions\TheCommunity.enoch\storage_666\data\dynamic_005.001"
 9:34:41.989 [CE][Storage] ver:24 stamp:1786, valid:yes, name:"mpmissions\TheCommunity.enoch\storage_666\data\dynamic_005.002"
 9:34:41.989 [CE][Storage] Restoring file "mpmissions\TheCommunity.enoch\storage_666\data\dynamic_005.001" 1733 items.
 9:34:42.489   1733 items loaded.
 9:34:42.489 [CE][Storage] ver:0 stamp:0, valid:NO, name:"mpmissions\TheCommunity.enoch\storage_666\data\dynamic_006.bin"
 9:34:42.489 [CE][Storage] ver:24 stamp:1788, valid:yes, name:"mpmissions\TheCommunity.enoch\storage_666\data\dynamic_006.001"
 9:34:42.489 [CE][Storage] ver:24 stamp:1786, valid:yes, name:"mpmissions\TheCommunity.enoch\storage_666\data\dynamic_006.002"
 9:34:42.489 [CE][Storage] Restoring file "mpmissions\TheCommunity.enoch\storage_666\data\dynamic_006.001" 938 items.
 9:34:42.754   938 items loaded.
 9:34:42.754 [CE][Storage] ver:0 stamp:0, valid:NO, name:"mpmissions\TheCommunity.enoch\storage_666\data\dynamic_007.bin"
 9:34:42.754 [CE][Storage] ver:24 stamp:1788, valid:yes, name:"mpmissions\TheCommunity.enoch\storage_666\data\dynamic_007.001"
 9:34:42.754 [CE][Storage] ver:24 stamp:1786, valid:yes, name:"mpmissions\TheCommunity.enoch\storage_666\data\dynamic_007.002"
 9:34:42.754 [CE][Storage] Restoring file "mpmissions\TheCommunity.enoch\storage_666\data\dynamic_007.001" 1289 items.
 9:34:43.161   1289 items loaded.
 9:34:43.161 [CE][Storage] ver:0 stamp:0, valid:NO, name:"mpmissions\TheCommunity.enoch\storage_666\data\dynamic_008.bin"
 9:34:43.161 [CE][Storage] ver:24 stamp:1788, valid:yes, name:"mpmissions\TheCommunity.enoch\storage_666\data\dynamic_008.001"
 9:34:43.161 [CE][Storage] ver:24 stamp:1786, valid:yes, name:"mpmissions\TheCommunity.enoch\storage_666\data\dynamic_008.002"
 9:34:43.161 [CE][Storage] Restoring file "mpmissions\TheCommunity.enoch\storage_666\data\dynamic_008.001" 967 items.
 9:34:43.411   967 items loaded.
 9:34:43.411 [CE][Storage] ver:0 stamp:0, valid:NO, name:"mpmissions\TheCommunity.enoch\storage_666\data\dynamic_009.bin"
 9:34:43.411 [CE][Storage] ver:24 stamp:1788, valid:yes, name:"mpmissions\TheCommunity.enoch\storage_666\data\dynamic_009.001"
 9:34:43.411 [CE][Storage] ver:24 stamp:1786, valid:yes, name:"mpmissions\TheCommunity.enoch\storage_666\data\dynamic_009.002"
 9:34:43.411 [CE][Storage] Restoring file "mpmissions\TheCommunity.enoch\storage_666\data\dynamic_009.001" 984 items.
 9:34:43.676   984 items loaded.
 9:34:43.676 [CE][Storage] ver:0 stamp:0, valid:NO, name:"mpmissions\TheCommunity.enoch\storage_666\data\dynamic_010.bin"
 9:34:43.676 [CE][Storage] ver:24 stamp:1788, valid:yes, name:"mpmissions\TheCommunity.enoch\storage_666\data\dynamic_010.001"
 9:34:43.676 [CE][Storage] ver:24 stamp:1786, valid:yes, name:"mpmissions\TheCommunity.enoch\storage_666\data\dynamic_010.002"
 9:34:43.676 [CE][Storage] Restoring file "mpmissions\TheCommunity.enoch\storage_666\data\dynamic_010.001" 2131 items.
 9:34:44.161   2131 items loaded.
 9:34:44.161 [CE][Storage] ver:0 stamp:0, valid:NO, name:"mpmissions\TheCommunity.enoch\storage_666\data\dynamic_011.bin"
 9:34:44.161 [CE][Storage] ver:24 stamp:1788, valid:yes, name:"mpmissions\TheCommunity.enoch\storage_666\data\dynamic_011.001"
 9:34:44.161 [CE][Storage] ver:24 stamp:1786, valid:yes, name:"mpmissions\TheCommunity.enoch\storage_666\data\dynamic_011.002"
 9:34:44.161 [CE][Storage] Restoring file "mpmissions\TheCommunity.enoch\storage_666\data\dynamic_011.001" 287 items.
 9:34:44.223   287 items loaded.
 9:34:44.254 [CE][Hive] :: Storage load took:3.94 seconds, recovery stamp:1789
 9:34:44.254   entity: 13544, building: 0
 9:34:44.254   no lifetime: 40
 9:34:44.254 [CE][Hive] :: Initializing ... 
 9:34:44.254 [CE][InitializeMap] :: initialized: 0
 9:34:44.254 [CE][Hive] :: Initializing spawners ... 
 9:34:46.458 [CE][LootRespawner] (PRIDummy) :: Item [0] causing search overtime: "Mag_Nailgun_50n"
 9:34:46.458 [CE][LootRespawner] (PRIDummy) :: Item [1] causing search overtime: "Mag_Nailgun_50n"
 9:34:46.458 [CE][LootRespawner] (PRIDummy) :: Item [2] causing search overtime: "Mag_Nailgun_50n"
 9:34:46.458 [CE][LootRespawner] (PRIDummy) :: Item [3] causing search overtime: "Mag_Nailgun_50n"
 9:34:46.458 [CE][LootRespawner] (PRIDummy) :: Item [4] causing search overtime: "Mag_Nailgun_50n"
 9:34:46.458 [CE][LootRespawner] (PRIDummy) :: Item [5] causing search overtime: "Mag_Nailgun_50n"
 9:34:46.458 [CE][LootRespawner] (PRIDummy) :: Item [6] causing search overtime: "Mag_Nailgun_50n"
 9:34:46.458 [CE][LootRespawner] (PRIDummy) :: Item [7] causing search overtime: "Mag_Nailgun_50n"
 9:34:46.458 [CE][LootRespawner] (PRIDummy) :: Item [8] causing search overtime: "Mag_Nailgun_50n"
 9:34:46.458 [CE][LootRespawner] (PRIDummy) :: Item [9] causing search overtime: "Mag_Nailgun_50n"
 9:34:46.458 [CE][LootRespawner] (PRIDummy) :: Item [10] causing search overtime: "Mag_Nailgun_50n"
 9:34:46.458 [CE][LootRespawner] (PRIDummy) :: Item [11] causing search overtime: "Mag_Nailgun_50n"
 9:34:46.458 [CE][LootRespawner] (PRIDummy) :: Item [12] causing search overtime: "Mag_Nailgun_50n"
 9:34:46.458 [CE][LootRespawner] (PRIDummy) :: Item [13] causing search overtime: "Mag_Nailgun_50n"
 9:34:46.458 [CE][LootRespawner] (PRIDummy) :: Item [14] causing search overtime: "Mag_Nailgun_50n"
 9:34:46.458 [CE][LootRespawner] (PRIDummy) :: Item [15] causing search overtime: "Mag_Nailgun_50n"
 9:34:46.458 [CE][LootRespawner] (PRIDummy) :: Item [16] causing search overtime: "AmmoBox_762x25_25Rnd"
 9:34:46.458 [CE][LootRespawner] (PRIDummy) :: Item [17] causing search overtime: "AmmoBox_762x25_25Rnd"
 9:34:46.458 [CE][LootRespawner] (PRIDummy) :: Item [18] causing search overtime: "AmmoBox_762x25_25Rnd"
 9:34:46.458 [CE][LootRespawner] (PRIDummy) :: Item [19] causing search overtime: "AmmoBox_762x25_25Rnd"
 9:34:46.567 [CE][LootRespawner] (PRIDummy) :: Item [0] is hard to place, performance drops: "Hatchback_02_Door_2_2_Blue"
 9:34:46.567 [CE][LootRespawner] (PRIDummy) :: Item [1] is hard to place, performance drops: "Hatchback_02_Door_2_2_Blue"
 9:34:46.630 [CE][LootRespawner] (PRIDummy) :: Item [2] is hard to place, performance drops: "HatchbackTrunk_Blue"
 9:34:46.630 [CE][LootRespawner] (PRIDummy) :: Item [3] is hard to place, performance drops: "HatchbackTrunk_Blue"
 9:34:46.676 [CE][LootRespawner] (PRIDummy) :: Item [4] is hard to place, performance drops: "ShortJeans_Red"
 9:34:46.833 [CE][LootRespawner] (PRIDummy) :: Item [5] is hard to place, performance drops: "SportGlasses_Blue"
 9:34:46.833 [CE][LootRespawner] (PRIDummy) :: Item [6] is hard to place, performance drops: "SportGlasses_Blue"
 9:34:46.833 [CE][LootRespawner] (PRIDummy) :: Item [7] is hard to place, performance drops: "SportGlasses_Blue"
 9:34:46.864 [CE][LootRespawner] (PRIDummy) :: Item [8] is hard to place, performance drops: "BaseballCap_Red"
 9:34:46.864 [CE][LootRespawner] (PRIDummy) :: Item [9] is hard to place, performance drops: "BaseballCap_Red"
 9:34:46.942 [CE][LootRespawner] (PRIDummy) :: Item [10] is hard to place, performance drops: "Hatchback_02_Door_1_1_Black"
 9:34:46.958 [CE][LootRespawner] (PRIDummy) :: Initially (re)spawned:199, Nominal:22572, Total in Map: 13783 at 0 (sec)
 9:34:46.958   tests:212, repeats:2 fails:11, overtime:5634
 9:34:46.958 [CE][DynEvent] :: 33 types
 9:34:46.958 [00] AmbientHen
 9:34:46.958   Primary Spawner: "Ambient", active: yes, repeat: 1
 9:34:46.958 [01] AnimalBear
 9:34:46.958   Primary Spawner: "Animal", active: yes, repeat: 1
 9:34:46.958 [02] AnimalCow
 9:34:46.958   Primary Spawner: "Animal", active: yes, repeat: 1
 9:34:46.958 [03] AnimalDeer
 9:34:46.958   Primary Spawner: "Animal", active: yes, repeat: 1
 9:34:46.958 [04] AnimalGoat
 9:34:46.958   Primary Spawner: "Animal", active: yes, repeat: 1
 9:34:46.958 [05] AnimalPig
 9:34:46.958   Primary Spawner: "Animal", active: yes, repeat: 1
 9:34:46.958 [06] AnimalRoeDeer
 9:34:46.958   Primary Spawner: "Animal", active: yes, repeat: 1
 9:34:46.958 [07] AnimalSheep
 9:34:46.958   Primary Spawner: "Animal", active: yes, repeat: 1
 9:34:46.958 [08] AnimalWildBoar
 9:34:46.958   Primary Spawner: "Animal", active: yes, repeat: 1
 9:34:46.958 [09] AnimalWolf
 9:34:46.958   Primary Spawner: "Animal", active: yes, repeat: 1
 9:34:46.958 [10] InfectedArmy
 9:34:46.958   Primary Spawner: "Infected", active: yes, repeat: 1
 9:34:46.958 [11] InfectedCity
 9:34:46.958   Primary Spawner: "Infected", active: yes, repeat: 1
 9:34:46.958 [12] InfectedFirefighter
 9:34:46.958   Primary Spawner: "Infected", active: yes, repeat: 1
 9:34:46.958 [13] InfectedIndustrial
 9:34:46.958   Primary Spawner: "Infected", active: yes, repeat: 1
 9:34:46.958 [14] InfectedMedic
 9:34:46.958   Primary Spawner: "Infected", active: yes, repeat: 1
 9:34:46.958 [15] InfectedPolice
 9:34:46.958   Primary Spawner: "Infected", active: yes, repeat: 1
 9:34:46.958 [16] InfectedPrisoner
 9:34:46.958   Primary Spawner: "Infected", active: yes, repeat: 1
 9:34:46.958 [17] InfectedReligious
 9:34:46.958   Primary Spawner: "Infected", active: yes, repeat: 1
 9:34:46.958 [18] InfectedSolitude
 9:34:46.958   Primary Spawner: "Infected", active: yes, repeat: 1
 9:34:46.958 [19] InfectedVillage
 9:34:46.958   Primary Spawner: "Infected", active: yes, repeat: 1
 9:34:46.958 [20] ItemPlanks
 9:34:46.958   Primary Spawner: "Item", active: yes, repeat: 1
 9:34:46.958 [21] Loot
 9:34:46.958   Primary Spawner: "Loot", active: yes, repeat: 2
 9:34:46.958 [22] StaticHeliCrash
 9:34:46.958   Primary Spawner: "Vehicle", active: yes, repeat: 1
 9:34:46.958   Secondary Spawner: "Infected", active: yes, repeat: 1
 9:34:46.958 [23] StaticPoliceCar
 9:34:46.958   Primary Spawner: "Vehicle", active: yes, repeat: 1
 9:34:46.958 [24] TrajectoryConiferous
 9:34:46.958   Primary Spawner: "Trajectory", active: yes, repeat: 1
 9:34:46.958 [25] TrajectoryDeciduous
 9:34:46.958   Primary Spawner: "Trajectory", active: yes, repeat: 1
 9:34:46.958 [26] TrajectoryHumus
 9:34:46.958   Primary Spawner: "Trajectory", active: yes, repeat: 1
 9:34:46.958 [27] TrajectoryStones
 9:34:46.958   Primary Spawner: "Trajectory", active: yes, repeat: 1
 9:34:46.958 [28] VehicleCivilianSedan
 9:34:46.958   Primary Spawner: "Vehicle", active: yes, repeat: 1
 9:34:46.958 [29] VehicleHatchback02
 9:34:46.958   Primary Spawner: "Vehicle", active: yes, repeat: 1
 9:34:46.958 [30] VehicleOffroadHatchback
 9:34:46.958   Primary Spawner: "Vehicle", active: yes, repeat: 1
 9:34:46.958 [31] VehicleSedan02
 9:34:46.958   Primary Spawner: "Vehicle", active: yes, repeat: 1
 9:34:46.958 [32] VehicleCrSk_Land_Rover_Defender_110
 9:34:46.958   Primary Spawner: "Vehicle", active: yes, repeat: 1
 9:34:46.958 [CE][Hive] :: Initializing of spawners done.
 9:34:46.958 [CE][Hive] :: Init sequence finished.
 9:34:46.958 Player connect enabled
 9:34:47.426 Average server FPS: 0.06 (measured interval: 30 s)
 9:34:47.426 Used memory: 1361595 KB
 9:34:47.426 Players: 0 in total
 9:35:17.600 Average server FPS: 2600.72 (measured interval: 30 s)
 9:35:17.600 Used memory: 1459329 KB
 9:35:17.600 Players: 0 in total
 9:35:47.585 Average server FPS: 3371.50 (measured interval: 30 s)
 9:35:47.585 Used memory: 1474715 KB
 9:35:47.585 Players: 0 in total
 9:36:09.790 [CE][Links] found 0 total links between groups, of 1
 9:36:09.790 [CE][SpawnRandomLoot] (StaticHeliCrash) :: ChildType: Wreck_UH1Y, lootmin: 10, lootmax: 20, wanted: 19
 9:36:09.821 [CE][Links] found 0 total links between groups, of 2
 9:36:09.821 [CE][SpawnRandomLoot] (StaticHeliCrash) :: ChildType: Wreck_UH1Y, lootmin: 10, lootmax: 20, wanted: 11
 9:36:09.821 [CE][Links] found 0 total links between groups, of 3
 9:36:09.821 [CE][SpawnRandomLoot] (StaticHeliCrash) :: ChildType: Wreck_Mi8, lootmin: 10, lootmax: 20, wanted: 17
 9:36:17.587 Average server FPS: 3448.57 (measured interval: 30 s)
 9:36:17.587 Used memory: 1490045 KB
 9:36:17.587 Players: 0 in total
 9:36:47.588 Average server FPS: 3702.80 (measured interval: 30 s)
 9:36:47.588 Used memory: 1497565 KB
 9:36:47.588 Players: 0 in total
 9:37:17.590 Average server FPS: 3707.23 (measured interval: 30 s)
 9:37:17.590 Used memory: 1510476 KB
 9:37:17.590 Players: 0 in total
 9:37:47.591 Average server FPS: 3864.53 (measured interval: 30 s)
 9:37:47.591 Used memory: 1517384 KB
 9:37:47.591 Players: 0 in total
 9:38:17.608 Average server FPS: 3928.50 (measured interval: 30 s)
 9:38:17.608 Used memory: 1524017 KB
 9:38:17.608 Players: 0 in total
 9:38:47.734 Average server FPS: 3798.10 (measured interval: 30 s)
 9:38:47.734 Used memory: 1531856 KB
 9:38:47.734 Players: 0 in total
 9:39:17.720 Average server FPS: 3834.37 (measured interval: 30 s)
 9:39:17.720 Used memory: 1544690 KB
 9:39:17.720 Players: 0 in total
 9:39:47.737 Average server FPS: 3779.89 (measured interval: 30 s)
 9:39:47.737 Used memory: 1551193 KB
 9:39:47.737 Players: 0 in total
 9:40:17.801 Average server FPS: 3998.87 (measured interval: 30 s)
 9:40:17.801 Used memory: 1559797 KB
 9:40:17.801 Players: 0 in total
 9:40:47.805 Average server FPS: 3687.10 (measured interval: 30 s)
 9:40:47.805 Used memory: 1566319 KB
 9:40:47.805 Players: 0 in total
 9:41:18.09 Average server FPS: 3958.75 (measured interval: 30 s)
 9:41:18.09 Used memory: 1565480 KB
 9:41:18.09 Players: 0 in total
 9:41:23.541 [CE][LootRespawner] (PRIDummy) :: Item [11] is hard to place, performance drops: "PlateCarrierVestRussianSurpat"
 9:41:25.228 [CE][LootRespawner] (PRIDummy) :: Item [12] is hard to place, performance drops: "Defender110_dver_2_2"
 9:41:25.228 [CE][LootRespawner] (PRIDummy) :: Item [13] is hard to place, performance drops: "Defender110_dver_2_2"
 9:41:25.228 [CE][LootRespawner] (PRIDummy) :: Item [14] is hard to place, performance drops: "Defender110_dver_2_2"
 9:41:25.228 [CE][LootRespawner] (PRIDummy) :: Item [15] is hard to place, performance drops: "Defender110_dver_2_2"
 9:41:47.995 Average server FPS: 4172.17 (measured interval: 30 s)
 9:41:47.995 Used memory: 1570426 KB
 9:41:47.995 Players: 0 in total
 9:42:02.964 [CE][LootRespawner] (PRIDummy) :: Item [16] is hard to place, performance drops: "Sedan_02_Door_2_1_GreyRust"
 9:42:02.964 [CE][LootRespawner] (PRIDummy) :: Item [17] is hard to place, performance drops: "Sedan_02_Door_2_1_GreyRust"
 9:42:02.964 [CE][LootRespawner] (PRIDummy) :: Item [18] is hard to place, performance drops: "Sedan_02_Door_2_1_GreyRust"
 9:42:02.964 [CE][LootRespawner] (PRIDummy) :: Item [19] is hard to place, performance drops: "Sedan_02_Door_2_1_GreyRust"
 9:42:17.996 Average server FPS: 7574.37 (measured interval: 30 s)
 9:42:17.996 Used memory: 1569309 KB
 9:42:17.996 Players: 0 in total
 9:42:47.998 Average server FPS: 7483.10 (measured interval: 30 s)
 9:42:47.998 Used memory: 1571987 KB
 9:42:47.998 Players: 0 in total
 9:43:17.999 Average server FPS: 8693.77 (measured interval: 30 s)
 9:43:17.999 Used memory: 1571763 KB
 9:43:17.999 Players: 0 in total
 9:43:48.00 Average server FPS: 8889.53 (measured interval: 30 s)
 9:43:48.00 Used memory: 1572079 KB
 9:43:48.00 Players: 0 in total
 9:44:18.02 Average server FPS: 8885.17 (measured interval: 30 s)
 9:44:18.02 Used memory: 1572074 KB
 9:44:18.02 Players: 0 in total
 9:44:48.03 Average server FPS: 8969.47 (measured interval: 30 s)
 9:44:48.03 Used memory: 1572051 KB
 9:44:48.03 Players: 0 in total
 9:45:18.04 Average server FPS: 8834.27 (measured interval: 30 s)
 9:45:18.04 Used memory: 1574043 KB
 9:45:18.04 Players: 0 in total
 9:45:48.06 Average server FPS: 8914.27 (measured interval: 30 s)
 9:45:48.06 Used memory: 1574034 KB
 9:45:48.06 Players: 0 in total
 9:46:18.07 Average server FPS: 8815.20 (measured interval: 30 s)
 9:46:18.07 Used memory: 1574070 KB
 9:46:18.07 Players: 0 in total
 9:46:48.09 Average server FPS: 8904.83 (measured interval: 30 s)
 9:46:48.09 Used memory: 1574139 KB
 9:46:48.09 Players: 0 in total
 9:47:17.994 Average server FPS: 8839.53 (measured interval: 30 s)
 9:47:17.994 Used memory: 1574286 KB
 9:47:17.994 Players: 0 in total
 9:47:47.996 Average server FPS: 8789.73 (measured interval: 30 s)
 9:47:47.996 Used memory: 1574444 KB
 9:47:47.996 Players: 0 in total
 9:48:17.997 Average server FPS: 8911.87 (measured interval: 30 s)
 9:48:17.997 Used memory: 1574558 KB
 9:48:17.997 Players: 0 in total
 9:48:47.998 Average server FPS: 8403.60 (measured interval: 30 s)
 9:48:47.998 Used memory: 1574730 KB
 9:48:47.998 Players: 0 in total
 9:49:18.00 Average server FPS: 8913.27 (measured interval: 30 s)
 9:49:18.00 Used memory: 1574677 KB
 9:49:18.00 Players: 0 in total
 9:49:48.01 Average server FPS: 8929.83 (measured interval: 30 s)
 9:49:48.01 Used memory: 1574465 KB
 9:49:48.01 Players: 0 in total
 9:50:18.03 Average server FPS: 8920.57 (measured interval: 30 s)
 9:50:18.03 Used memory: 1574092 KB
 9:50:18.03 Players: 0 in total
 9:50:48.04 Average server FPS: 8924.10 (measured interval: 30 s)
 9:50:48.04 Used memory: 1573948 KB
 9:50:48.04 Players: 0 in total
 9:51:18.05 Average server FPS: 8889.10 (measured interval: 30 s)
 9:51:18.05 Used memory: 1573647 KB
 9:51:18.05 Players: 0 in total
 9:51:48.07 Average server FPS: 8904.50 (measured interval: 30 s)
 9:51:48.07 Used memory: 1573775 KB
 9:51:48.07 Players: 0 in total
 9:52:18.08 Average server FPS: 8706.07 (measured interval: 30 s)
 9:52:18.08 Used memory: 1574388 KB
 9:52:18.08 Players: 0 in total
 9:52:47.994 Average server FPS: 8803.30 (measured interval: 30 s)
 9:52:47.994 Used memory: 1574406 KB
 9:52:47.994 Players: 0 in total
 9:53:17.995 Average server FPS: 8459.77 (measured interval: 30 s)