

=====================================================================
== D:\DayZServers\TheCommunity_enochTest\EnochTestServer_x64.exe
== "D:\DayZServers\TheCommunity_enochTest\EnochTestServer_x64.exe"  -port=2442 "-mod=@CF;@Community-Online-Tools;@BuildAnywhere;@BaseBuildingLogs;@Trader;@BaseBuildingPlus;@Durable_Suppressors;@VanillaPlusPlusMap;@Ear-Plugs;@Catch_Rain;@DayZ-Expansion-Notifications;@DayZ-Expansion-Chat;@No_Shoe_Damage;@Airdrop-Upgraded;@Ammo_Making;@Banking;@Unlimited_Stamina;@BuilderItems;@Camosplus;@CannabisPlus;@CheckIdentity;@Code_Lock;@Dayz_Navigation;@FIDOv_PACK_4;@FlipTransport;@GoreZ;@IRP-Land-Rover-Defender-110;@KillFeed;@NoVehicleDamage;@PartyMe;@Modular_Vest_System;@MuchStuffPack;@Specialist_Weapon_Pack;" -config=D:\DayZServers\TheCommunity_enochTest\TheCommunityDZTest.cfg -profiles=TheEnochTestServer -BEPath=D:\DayZServers\TheCommunity_enochTest\battleye -filePatching -adminlog -netlog -freezecheck -scrAllowFileWrite
=====================================================================
Exe timestamp: 2020/03/14 00:03:02
Current time:  2020/04/04 17:36:20

Version 1.07.153006
17:36:20.531 [Inputs] Loading inputs default "bin/constants.xml"
17:36:20.547 [Inputs] Loading inputs default "bin/specific.xml"
17:36:20.547 !!! [Inputs] Invalid input name used "UAUIInspectItem" for context "ui" in "bin/specific.xml"
17:36:20.547 !!! [Inputs] Attempt to register duplicate Modded-Inputs file "VanillaPPMap/data/modded_Inputs.xml"
17:36:20.547 [Inputs] Loading inputs default "EarPlugs\data\inputs.xml"
17:36:20.547 [Inputs] Loading inputs default "JM/COT/scripts/Data/Inputs.xml"
17:36:20.547 [Inputs] Loading inputs default "KillFeed/inputs/Inputs.xml"
17:36:20.547 [Inputs] Loading inputs default "partyme/scripts/partyme_inputs.xml"
17:36:20.547 [Inputs] Loading inputs default "VanillaPPMap/data/modded_Inputs.xml"
17:36:20.547 [Inputs] Loading inputs default "BaseBuildingPlus/Scripts/Data/Inputs.xml"
17:36:20.547 [Inputs] Loading inputs default "VanillaPPMap/data/modded_Inputs.xml"
17:36:20.547 !!! [Inputs] Attempt to register duplicate input "UAOpenVPPMap"
17:36:20.547 !!! [Inputs] Attempt to register duplicate input "UAToggleVPPMap3DMarkers"
17:36:20.547 [Inputs] Loading inputs cfg "TheEnochTestServer\Users\Survivor\Server.core.xml"
17:36:20.547 [Inputs] Exporting inputs cfg "TheEnochTestServer\Users\Survivor\Server.core.xml"
17:36:20.984 !!! [Inputs] Attempt to register "PMHideShowTrackers" input twice
17:37:23.534 [CE][Hive] :: Initializing OFFLINE
17:37:23.534 [CE][Hive] :: Loading core data ... 
17:37:23.534 [CE][CoreData] :: 7 root classes, 19 defaults, 0 updaters...
17:37:36.628 [CE][RegisterBind] :: 0 classes binded...
17:37:36.628 [CE][RegisterConfig] :: 7377 config classes registered, 0 sub-counters...
17:37:36.628 [CE][Hive] :: Loading map data ... 
17:37:36.691 !!! [CE] :: Unknown category: 'vehicleparts'.
17:37:36.691 !!! [CE] :: Unknown category: 'vehicleparts'.
17:37:36.691 !!! [CE] :: Unknown category: 'vehicleparts'.
17:37:36.691 !!! [CE] :: Unknown category: 'vehicleparts'.
17:37:36.691 !!! [CE] :: Unknown category: 'vehicleparts'.
17:37:36.691 !!! [CE] :: Unknown category: 'vehicleparts'.
17:37:36.691 !!! [CE] :: Unknown category: 'vehicleparts'.
17:37:36.691 !!! [CE] :: Unknown category: 'vehicleparts'.
17:37:36.691 !!! [CE] :: Unknown category: 'vehicleparts'.
17:37:36.691 !!! [CE] :: Unknown category: 'vehicleparts'.
17:37:36.691 !!! [CE] :: Unknown category: 'vehicleparts'.
17:37:36.691 !!! [CE] :: Unknown category: 'vehicleparts'.
17:37:36.691 !!! [CE] :: Unknown category: 'vehicleparts'.
17:37:36.691 !!! [CE] :: Unknown category: 'vehicleparts'.
17:37:36.691 !!! [CE] :: Unknown category: 'vehicleparts'.
17:37:36.691 !!! [CE] :: Unknown category: 'vehicleparts'.
17:37:36.691 !!! [CE] :: Unknown category: 'vehicleparts'.
17:37:36.691 !!! [CE] :: Unknown category: 'vehicleparts'.
17:37:36.691 !!! [CE] :: Unknown category: 'vehicleparts'.
17:37:36.691 !!! [CE] :: Unknown category: 'vehicleparts'.
17:37:36.691 !!! [CE] :: Unknown category: 'vehicleparts'.
17:37:36.691 !!! [CE] :: Unknown category: 'vehicleparts'.
17:37:36.691 !!! [CE] :: Unknown category: 'vehicleparts'.
17:37:36.691 !!! [CE] :: Unknown category: 'vehicleparts'.
17:37:36.691 [CE][LoadPrototype] :: loaded 330 prototypes
17:37:36.691   702 containers, 9116 points
17:37:36.691   24 dispatches, 90 proxies
17:37:36.691 !!! [CE][LoadPrototype] 12 groups have no points...
17:37:36.691 !!![CE][LoadPrototype]  3 groups have wrong points...
17:37:36.691 [CE][LoadPrototype] :: last group name: Land_Lunapark_Autodrome...
17:37:36.691 [CE][LoadPrototype] :: loaded 0 prototypes
17:37:36.691   0 containers, 0 points
17:37:36.691   0 dispatches, 0 proxies
17:37:36.691 [CE][LoadPrototype] :: last group name: PathD_7100...
17:37:37.19 [CE][LoadMap] "Group" :: loaded 5086 groups, largest group range: 26.9
17:37:37.35 [CE][LoadMap] "Dirt" :: loaded 0 groups, largest group range: 26.9
17:37:37.128 [CE][Links] found 354 total links between groups, of 5086
17:37:37.128 [CE][LoadClusters] "Cluster" :: Loading files...
17:37:37.332 [CE][LoadClusters] :: file: "mapgroupcluster.xml", 4 types, 50000 instances
17:37:37.550 [CE][LoadClusters] :: file: "mapgroupcluster01", 4 types, 50000 instances
17:37:37.753 [CE][LoadClusters] :: file: "mapgroupcluster02", 4 types, 50000 instances
17:37:37.972 [CE][LoadClusters] :: file: "mapgroupcluster03", 4 types, 50000 instances
17:37:38.66 [CE][LoadClusters] :: file: "mapgroupcluster04", 4 types, 21297 instances
17:37:38.82 [CE][Storage] ver:21 stamp:28753, valid:yes, name:"mpmissions\TheCommunity.enoch\storage_666\data\types.bin"
17:37:38.82 [CE][Storage] ver:21 stamp:28750, valid:yes, name:"mpmissions\TheCommunity.enoch\storage_666\data\types.001"
17:37:38.82 [CE][Storage] ver:21 stamp:28751, valid:yes, name:"mpmissions\TheCommunity.enoch\storage_666\data\types.002"
17:37:38.82 [CE][Storage] Restoring file "mpmissions\TheCommunity.enoch\storage_666\data\types.bin".
17:37:38.175 [CE][offlineDB] :: Loaded 33 dynamic events 215 total types 0 total positions.
17:37:38.191 !!! [CE][offlineDB] :: Failed to read 'db/types.xml' file.
17:37:38.207 [CE][Storage] ver:21 stamp:28753, valid:yes, name:"mpmissions\TheCommunity.enoch\storage_666\data\events.bin"
17:37:38.207 [CE][Storage] ver:21 stamp:28750, valid:yes, name:"mpmissions\TheCommunity.enoch\storage_666\data\events.001"
17:37:38.207 [CE][Storage] ver:21 stamp:28751, valid:yes, name:"mpmissions\TheCommunity.enoch\storage_666\data\events.002"
17:37:38.207 [CE][Storage] Restoring file "mpmissions\TheCommunity.enoch\storage_666\data\events.bin".
17:37:38.207 [CE][DynamicEvent] Load  Events:[33] Primary spawners: 33 Secondary spawners: 1
17:37:38.207 [CE][Storage] ver:24 stamp:28753, valid:yes, name:"mpmissions\TheCommunity.enoch\storage_666\data\vehicles.bin"
17:37:38.207 [CE][Storage] ver:24 stamp:28750, valid:yes, name:"mpmissions\TheCommunity.enoch\storage_666\data\vehicles.001"
17:37:38.207 [CE][Storage] ver:24 stamp:28751, valid:yes, name:"mpmissions\TheCommunity.enoch\storage_666\data\vehicles.002"
17:37:38.207 [CE][Storage] Restoring file "mpmissions\TheCommunity.enoch\storage_666\data\vehicles.bin" 27 items.
17:37:38.269   27 items loaded.
17:37:38.269 [CE][Storage] ver:0 stamp:0, valid:NO, name:"mpmissions\TheCommunity.enoch\storage_666\data\dynamic_000.bin"
17:37:38.269 [CE][Storage] ver:24 stamp:28750, valid:yes, name:"mpmissions\TheCommunity.enoch\storage_666\data\dynamic_000.001"
17:37:38.269 [CE][Storage] ver:24 stamp:28751, valid:yes, name:"mpmissions\TheCommunity.enoch\storage_666\data\dynamic_000.002"
17:37:38.269 [CE][Storage] Restoring file "mpmissions\TheCommunity.enoch\storage_666\data\dynamic_000.002" 10 items.
17:37:38.285   10 items loaded.
17:37:38.285 [CE][Storage] ver:0 stamp:0, valid:NO, name:"mpmissions\TheCommunity.enoch\storage_666\data\dynamic_001.bin"
17:37:38.285 [CE][Storage] ver:24 stamp:28750, valid:yes, name:"mpmissions\TheCommunity.enoch\storage_666\data\dynamic_001.001"
17:37:38.285 [CE][Storage] ver:24 stamp:28751, valid:yes, name:"mpmissions\TheCommunity.enoch\storage_666\data\dynamic_001.002"
17:37:38.285 [CE][Storage] Restoring file "mpmissions\TheCommunity.enoch\storage_666\data\dynamic_001.002" 97 items.
17:37:38.316   97 items loaded.
17:37:38.316 [CE][Storage] ver:0 stamp:0, valid:NO, name:"mpmissions\TheCommunity.enoch\storage_666\data\dynamic_002.bin"
17:37:38.316 [CE][Storage] ver:24 stamp:28750, valid:yes, name:"mpmissions\TheCommunity.enoch\storage_666\data\dynamic_002.001"
17:37:38.316 [CE][Storage] ver:24 stamp:28751, valid:yes, name:"mpmissions\TheCommunity.enoch\storage_666\data\dynamic_002.002"
17:37:38.316 [CE][Storage] Restoring file "mpmissions\TheCommunity.enoch\storage_666\data\dynamic_002.002" 24 items.
17:37:38.316   24 items loaded.
17:37:38.316 [CE][Storage] ver:0 stamp:0, valid:NO, name:"mpmissions\TheCommunity.enoch\storage_666\data\dynamic_003.bin"
17:37:38.332 [CE][Storage] ver:24 stamp:28750, valid:yes, name:"mpmissions\TheCommunity.enoch\storage_666\data\dynamic_003.001"
17:37:38.332 [CE][Storage] ver:24 stamp:28751, valid:yes, name:"mpmissions\TheCommunity.enoch\storage_666\data\dynamic_003.002"
17:37:38.332 [CE][Storage] Restoring file "mpmissions\TheCommunity.enoch\storage_666\data\dynamic_003.002" 56 items.
17:37:38.332   56 items loaded.
17:37:38.332 [CE][Storage] ver:0 stamp:0, valid:NO, name:"mpmissions\TheCommunity.enoch\storage_666\data\dynamic_004.bin"
17:37:38.332 [CE][Storage] ver:24 stamp:28750, valid:yes, name:"mpmissions\TheCommunity.enoch\storage_666\data\dynamic_004.001"
17:37:38.332 [CE][Storage] ver:24 stamp:28751, valid:yes, name:"mpmissions\TheCommunity.enoch\storage_666\data\dynamic_004.002"
17:37:38.332 [CE][Storage] Restoring file "mpmissions\TheCommunity.enoch\storage_666\data\dynamic_004.002" 51 items.
17:37:38.363   51 items loaded.
17:37:38.363 [CE][Storage] ver:0 stamp:0, valid:NO, name:"mpmissions\TheCommunity.enoch\storage_666\data\dynamic_005.bin"
17:37:38.363 [CE][Storage] ver:24 stamp:28750, valid:yes, name:"mpmissions\TheCommunity.enoch\storage_666\data\dynamic_005.001"
17:37:38.363 [CE][Storage] ver:24 stamp:28751, valid:yes, name:"mpmissions\TheCommunity.enoch\storage_666\data\dynamic_005.002"
17:37:38.363 [CE][Storage] Restoring file "mpmissions\TheCommunity.enoch\storage_666\data\dynamic_005.002" 62 items.
17:37:38.378   62 items loaded.
17:37:38.378 [CE][Storage] ver:0 stamp:0, valid:NO, name:"mpmissions\TheCommunity.enoch\storage_666\data\dynamic_006.bin"
17:37:38.378 [CE][Storage] ver:24 stamp:28750, valid:yes, name:"mpmissions\TheCommunity.enoch\storage_666\data\dynamic_006.001"
17:37:38.378 [CE][Storage] ver:24 stamp:28751, valid:yes, name:"mpmissions\TheCommunity.enoch\storage_666\data\dynamic_006.002"
17:37:38.378 [CE][Storage] Restoring file "mpmissions\TheCommunity.enoch\storage_666\data\dynamic_006.002" 54 items.
17:37:38.394   54 items loaded.
17:37:38.394 [CE][Storage] ver:0 stamp:0, valid:NO, name:"mpmissions\TheCommunity.enoch\storage_666\data\dynamic_007.bin"
17:37:38.410 [CE][Storage] ver:24 stamp:28750, valid:yes, name:"mpmissions\TheCommunity.enoch\storage_666\data\dynamic_007.001"
17:37:38.410 [CE][Storage] ver:24 stamp:28751, valid:yes, name:"mpmissions\TheCommunity.enoch\storage_666\data\dynamic_007.002"
17:37:38.410 [CE][Storage] Restoring file "mpmissions\TheCommunity.enoch\storage_666\data\dynamic_007.002" 36 items.
17:37:38.410   36 items loaded.
17:37:38.410 [CE][Storage] ver:0 stamp:0, valid:NO, name:"mpmissions\TheCommunity.enoch\storage_666\data\dynamic_008.bin"
17:37:38.410 [CE][Storage] ver:24 stamp:28750, valid:yes, name:"mpmissions\TheCommunity.enoch\storage_666\data\dynamic_008.001"
17:37:38.410 [CE][Storage] ver:24 stamp:28751, valid:yes, name:"mpmissions\TheCommunity.enoch\storage_666\data\dynamic_008.002"
17:37:38.410 [CE][Storage] Restoring file "mpmissions\TheCommunity.enoch\storage_666\data\dynamic_008.002" 32 items.
17:37:38.425   32 items loaded.
17:37:38.425 [CE][Storage] ver:0 stamp:0, valid:NO, name:"mpmissions\TheCommunity.enoch\storage_666\data\dynamic_009.bin"
17:37:38.425 [CE][Storage] ver:24 stamp:28750, valid:yes, name:"mpmissions\TheCommunity.enoch\storage_666\data\dynamic_009.001"
17:37:38.425 [CE][Storage] ver:24 stamp:28751, valid:yes, name:"mpmissions\TheCommunity.enoch\storage_666\data\dynamic_009.002"
17:37:38.425 [CE][Storage] Restoring file "mpmissions\TheCommunity.enoch\storage_666\data\dynamic_009.002" 22 items.
17:37:38.441   22 items loaded.
17:37:38.441 [CE][Storage] ver:0 stamp:0, valid:NO, name:"mpmissions\TheCommunity.enoch\storage_666\data\dynamic_010.bin"
17:37:38.441 [CE][Storage] ver:24 stamp:28750, valid:yes, name:"mpmissions\TheCommunity.enoch\storage_666\data\dynamic_010.001"
17:37:38.441 [CE][Storage] ver:24 stamp:28751, valid:yes, name:"mpmissions\TheCommunity.enoch\storage_666\data\dynamic_010.002"
17:37:38.441 [CE][Storage] Restoring file "mpmissions\TheCommunity.enoch\storage_666\data\dynamic_010.002" 122 items.
17:37:38.472   122 items loaded.
17:37:38.472 [CE][Storage] ver:0 stamp:0, valid:NO, name:"mpmissions\TheCommunity.enoch\storage_666\data\dynamic_011.bin"
17:37:38.472 [CE][Storage] ver:24 stamp:28750, valid:yes, name:"mpmissions\TheCommunity.enoch\storage_666\data\dynamic_011.001"
17:37:38.472 [CE][Storage] ver:24 stamp:28751, valid:yes, name:"mpmissions\TheCommunity.enoch\storage_666\data\dynamic_011.002"
17:37:38.472 [CE][Storage] Restoring file "mpmissions\TheCommunity.enoch\storage_666\data\dynamic_011.002" 18 items.
17:37:38.472   18 items loaded.
17:37:38.503 [CE][Hive] :: Storage load took:0.30 seconds, recovery stamp:28753
17:37:38.503   entity: 814, building: 0
17:37:38.503   no lifetime: 27
17:37:38.503 [CE][Hive] :: Initializing ... 
17:37:38.503 [CE][InitializeMap] :: initialized: 0
17:37:38.503 [CE][Hive] :: Initializing spawners ... 
17:37:38.503 [CE][DynEvent] :: 33 types
17:37:38.503 [00] AmbientHen
17:37:38.503   Primary Spawner: "Ambient", active: yes, repeat: 1
17:37:38.503 [01] AnimalBear
17:37:38.503   Primary Spawner: "Animal", active: yes, repeat: 1
17:37:38.503 [02] AnimalCow
17:37:38.503   Primary Spawner: "Animal", active: yes, repeat: 1
17:37:38.503 [03] AnimalDeer
17:37:38.503   Primary Spawner: "Animal", active: yes, repeat: 1
17:37:38.503 [04] AnimalGoat
17:37:38.503   Primary Spawner: "Animal", active: yes, repeat: 1
17:37:38.503 [05] AnimalPig
17:37:38.503   Primary Spawner: "Animal", active: yes, repeat: 1
17:37:38.503 [06] AnimalRoeDeer
17:37:38.503   Primary Spawner: "Animal", active: yes, repeat: 1
17:37:38.503 [07] AnimalSheep
17:37:38.503   Primary Spawner: "Animal", active: yes, repeat: 1
17:37:38.503 [08] AnimalWildBoar
17:37:38.503   Primary Spawner: "Animal", active: yes, repeat: 1
17:37:38.503 [09] AnimalWolf
17:37:38.503   Primary Spawner: "Animal", active: yes, repeat: 1
17:37:38.503 [10] InfectedArmy
17:37:38.503   Primary Spawner: "Infected", active: yes, repeat: 1
17:37:38.503 [11] InfectedCity
17:37:38.503   Primary Spawner: "Infected", active: yes, repeat: 1
17:37:38.503 [12] InfectedFirefighter
17:37:38.503   Primary Spawner: "Infected", active: yes, repeat: 1
17:37:38.503 [13] InfectedIndustrial
17:37:38.503   Primary Spawner: "Infected", active: yes, repeat: 1
17:37:38.503 [14] InfectedMedic
17:37:38.503   Primary Spawner: "Infected", active: yes, repeat: 1
17:37:38.503 [15] InfectedPolice
17:37:38.503   Primary Spawner: "Infected", active: yes, repeat: 1
17:37:38.503 [16] InfectedPrisoner
17:37:38.503   Primary Spawner: "Infected", active: yes, repeat: 1
17:37:38.503 [17] InfectedReligious
17:37:38.503   Primary Spawner: "Infected", active: yes, repeat: 1
17:37:38.503 [18] InfectedSolitude
17:37:38.503   Primary Spawner: "Infected", active: yes, repeat: 1
17:37:38.503 [19] InfectedVillage
17:37:38.503   Primary Spawner: "Infected", active: yes, repeat: 1
17:37:38.503 [20] ItemPlanks
17:37:38.503   Primary Spawner: "Item", active: yes, repeat: 1
17:37:38.503 [21] Loot
17:37:38.503   Primary Spawner: "Loot", active: yes, repeat: 2
17:37:38.503 [22] StaticHeliCrash
17:37:38.503   Primary Spawner: "Vehicle", active: yes, repeat: 1
17:37:38.503   Secondary Spawner: "Infected", active: yes, repeat: 1
17:37:38.503 [23] StaticPoliceCar
17:37:38.503   Primary Spawner: "Vehicle", active: yes, repeat: 1
17:37:38.503 [24] TrajectoryConiferous
17:37:38.503   Primary Spawner: "Trajectory", active: yes, repeat: 1
17:37:38.503 [25] TrajectoryDeciduous
17:37:38.503   Primary Spawner: "Trajectory", active: yes, repeat: 1
17:37:38.503 [26] TrajectoryHumus
17:37:38.503   Primary Spawner: "Trajectory", active: yes, repeat: 1
17:37:38.503 [27] TrajectoryStones
17:37:38.503   Primary Spawner: "Trajectory", active: yes, repeat: 1
17:37:38.503 [28] VehicleCivilianSedan
17:37:38.503   Primary Spawner: "Vehicle", active: yes, repeat: 1
17:37:38.503 [29] VehicleHatchback02
17:37:38.503   Primary Spawner: "Vehicle", active: yes, repeat: 1
17:37:38.503 [30] VehicleOffroadHatchback
17:37:38.503   Primary Spawner: "Vehicle", active: yes, repeat: 1
17:37:38.503 [31] VehicleSedan02
17:37:38.503   Primary Spawner: "Vehicle", active: yes, repeat: 1
17:37:38.503 [32] VehicleCrSk_Land_Rover_Defender_110
17:37:38.503   Primary Spawner: "Vehicle", active: yes, repeat: 1
17:37:38.503 [CE][Hive] :: Initializing of spawners done.
17:37:38.503 [CE][Hive] :: Init sequence finished.
17:37:38.503 Player connect enabled
17:37:38.785 Average server FPS: 0.05 (measured interval: 30 s)
17:37:38.785 Used memory: 1185548 KB
17:37:38.785 Players: 0 in total
17:38:08.849 Average server FPS: 3874.45 (measured interval: 30 s)
17:38:08.849 Used memory: 1246051 KB
17:38:08.849 Players: 0 in total
17:38:38.850 Average server FPS: 4399.74 (measured interval: 30 s)
17:38:38.850 Used memory: 1255099 KB
17:38:38.850 Players: 0 in total
17:39:08.836 Average server FPS: 3488.27 (measured interval: 30 s)
17:39:08.836 Used memory: 1264082 KB
17:39:08.836 Players: 0 in total
17:39:38.837 Average server FPS: 4194.37 (measured interval: 30 s)
17:39:38.837 Used memory: 1273225 KB
17:39:38.837 Players: 0 in total
17:40:08.885 Average server FPS: 3614.43 (measured interval: 30 s)
17:40:08.885 Used memory: 1284947 KB
17:40:08.885 Players: 0 in total
17:40:38.887 Average server FPS: 4196.73 (measured interval: 30 s)
17:40:38.887 Used memory: 1292661 KB
17:40:38.887 Players: 0 in total
17:41:08.888 Average server FPS: 4191.07 (measured interval: 30 s)
17:41:08.888 Used memory: 1305239 KB
17:41:08.888 Players: 0 in total
17:41:38.889 Average server FPS: 4344.60 (measured interval: 30 s)
17:41:38.889 Used memory: 1310885 KB
17:41:38.889 Players: 0 in total
17:42:08.875 Average server FPS: 4262.10 (measured interval: 30 s)
17:42:08.875 Used memory: 1320159 KB
17:42:08.875 Players: 0 in total
17:42:38.877 Average server FPS: 4283.60 (measured interval: 30 s)
17:42:38.877 Used memory: 1326611 KB
17:42:38.877 Players: 0 in total
17:43:09.65 Average server FPS: 6090.77 (measured interval: 30 s)
17:43:09.65 Used memory: 1328225 KB
17:43:09.65 Players: 0 in total
17:43:39.51 Average server FPS: 9609.60 (measured interval: 30 s)
17:43:39.51 Used memory: 1328246 KB
17:43:39.51 Players: 0 in total
17:44:09.53 Average server FPS: 11925.57 (measured interval: 30 s)
17:44:09.53 Used memory: 1328246 KB
17:44:09.53 Players: 0 in total
17:44:39.54 Average server FPS: 11267.23 (measured interval: 30 s)
17:44:39.54 Used memory: 1328246 KB
17:44:39.54 Players: 0 in total
17:45:09.71 Average server FPS: 5550.05 (measured interval: 30 s)
17:45:09.71 Used memory: 1328246 KB
17:45:09.71 Players: 0 in total
17:45:39.72 Average server FPS: 10714.70 (measured interval: 30 s)
17:45:39.72 Used memory: 1328246 KB
17:45:39.72 Players: 0 in total
17:46:09.74 Average server FPS: 11915.23 (measured interval: 30 s)
17:46:09.74 Used memory: 1328246 KB
17:46:09.74 Players: 0 in total
17:46:39.75 Average server FPS: 9797.40 (measured interval: 30 s)
17:46:39.75 Used memory: 1328246 KB
17:46:39.75 Players: 0 in total
17:47:09.76 Average server FPS: 11924.07 (measured interval: 30 s)
17:47:09.76 Used memory: 1328246 KB
17:47:09.76 Players: 0 in total
17:47:39.78 Average server FPS: 11927.73 (measured interval: 30 s)
17:47:39.78 Used memory: 1328246 KB
17:47:39.78 Players: 0 in total
17:48:09.79 Average server FPS: 11926.87 (measured interval: 30 s)
17:48:09.79 Used memory: 1328239 KB
17:48:09.79 Players: 0 in total
17:48:39.81 Average server FPS: 11908.97 (measured interval: 30 s)
17:48:39.81 Used memory: 1328239 KB
17:48:39.81 Players: 0 in total
17:49:09.82 Average server FPS: 9665.47 (measured interval: 30 s)
17:49:09.82 Used memory: 1328239 KB
17:49:09.82 Players: 0 in total
17:49:39.83 Average server FPS: 11849.53 (measured interval: 30 s)
17:49:39.83 Used memory: 1328239 KB
17:49:39.83 Players: 0 in total
17:50:09.69 Average server FPS: 10332.43 (measured interval: 30 s)
17:50:09.69 Used memory: 1328238 KB
17:50:09.69 Players: 0 in total
17:50:39.70 Average server FPS: 11926.23 (measured interval: 30 s)
17:50:39.70 Used memory: 1328239 KB
17:50:39.70 Players: 0 in total
17:51:09.72 Average server FPS: 11913.80 (measured interval: 30 s)
17:51:09.72 Used memory: 1328238 KB
17:51:09.72 Players: 0 in total
17:51:39.73 Average server FPS: 11925.37 (measured interval: 30 s)
17:51:39.73 Used memory: 1328239 KB
17:51:39.73 Players: 0 in total
17:52:09.75 Average server FPS: 11925.20 (measured interval: 30 s)
17:52:09.75 Used memory: 1328238 KB
17:52:09.75 Players: 0 in total
17:52:39.76 Average server FPS: 11917.50 (measured interval: 30 s)
17:52:39.76 Used memory: 1328238 KB
17:52:39.76 Players: 0 in total
17:53:09.77 Average server FPS: 11930.00 (measured interval: 30 s)
17:53:09.77 Used memory: 1328238 KB
17:53:09.77 Players: 0 in total
17:53:39.79 Average server FPS: 11907.30 (measured interval: 30 s)
17:53:39.79 Used memory: 1328238 KB
17:53:39.79 Players: 0 in total
17:54:09.80 Average server FPS: 11928.93 (measured interval: 30 s)
17:54:09.80 Used memory: 1328238 KB
17:54:09.80 Players: 0 in total
17:54:39.81 Average server FPS: 11841.30 (measured interval: 30 s)
17:54:39.81 Used memory: 1328238 KB
17:54:39.81 Players: 0 in total
17:55:09.83 Average server FPS: 11923.33 (measured interval: 30 s)
17:55:09.83 Used memory: 1328238 KB
17:55:09.83 Players: 0 in total
17:55:39.69 Average server FPS: 11925.87 (measured interval: 30 s)
17:55:39.84 Used memory: 1328238 KB
17:55:39.84 Players: 0 in total
17:56:09.70 Average server FPS: 11906.73 (measured interval: 30 s)
17:56:09.70 Used memory: 1328231 KB
17:56:09.70 Players: 0 in total
17:56:39.71 Average server FPS: 11913.10 (measured interval: 30 s)
17:56:39.71 Used memory: 1328231 KB
17:56:39.71 Players: 0 in total
17:57:09.73 Average server FPS: 11913.13 (measured interval: 30 s)
17:57:09.73 Used memory: 1328232 KB
17:57:09.73 Players: 0 in total
17:57:39.74 Average server FPS: 11929.17 (measured interval: 30 s)
17:57:39.74 Used memory: 1328232 KB
17:57:39.74 Players: 0 in total
17:58:09.75 Average server FPS: 11810.03 (measured interval: 30 s)
17:58:09.75 Used memory: 1328217 KB
17:58:09.75 Players: 0 in total
17:58:39.77 Average server FPS: 11922.63 (measured interval: 30 s)
17:58:39.77 Used memory: 1328217 KB
17:58:39.77 Players: 0 in total
17:59:09.78 Average server FPS: 11921.27 (measured interval: 30 s)
17:59:09.78 Used memory: 1328217 KB
17:59:09.78 Players: 0 in total
17:59:39.79 Average server FPS: 11854.07 (measured interval: 30 s)
17:59:39.79 Used memory: 1328217 KB
17:59:39.79 Players: 0 in total
18:00:09.81 Average server FPS: 11908.40 (measured interval: 30 s)
18:00:09.81 Used memory: 1328217 KB
18:00:09.81 Players: 0 in total
18:00:39.82 Average server FPS: 6514.57 (measured interval: 30 s)
18:00:39.82 Used memory: 1328217 KB
18:00:39.82 Players: 0 in total
18:01:09.84 Average server FPS: 11905.63 (measured interval: 30 s)
18:01:09.84 Used memory: 1328217 KB
18:01:09.84 Players: 0 in total
18:01:39.69 Average server FPS: 11912.97 (measured interval: 30 s)
18:01:39.69 Used memory: 1328217 KB
18:01:39.69 Players: 0 in total
18:02:09.71 Average server FPS: 11914.83 (measured interval: 30 s)
18:02:09.71 Used memory: 1328217 KB
18:02:09.71 Players: 0 in total
18:02:39.72 Average server FPS: 11903.23 (measured interval: 30 s)
18:02:39.72 Used memory: 1328217 KB
18:02:39.72 Players: 0 in total
18:03:09.73 Average server FPS: 11900.63 (measured interval: 30 s)
18:03:09.73 Used memory: 1328217 KB
18:03:09.73 Players: 0 in total
18:03:39.75 Average server FPS: 11456.17 (measured interval: 30 s)
18:03:39.75 Used memory: 1328217 KB
18:03:39.75 Players: 0 in total
18:04:09.76 Average server FPS: 11917.97 (measured interval: 30 s)
18:04:09.76 Used memory: 1328217 KB
18:04:09.76 Players: 0 in total
18:04:39.78 Average server FPS: 11859.00 (measured interval: 30 s)
18:04:39.78 Used memory: 1328217 KB
18:04:39.78 Players: 0 in total
18:05:09.79 Average server FPS: 11902.40 (measured interval: 30 s)
18:05:09.79 Used memory: 1328217 KB
18:05:09.79 Players: 0 in total
18:05:39.80 Average server FPS: 11903.67 (measured interval: 30 s)
18:05:39.80 Used memory: 1328217 KB
18:05:39.80 Players: 0 in total
18:06:09.82 Average server FPS: 11914.70 (measured interval: 30 s)
18:06:09.82 Used memory: 1328217 KB
18:06:09.82 Players: 0 in total
18:06:34.442  --- Termination successfully completed --- 
