

=====================================================================
== D:\DayZServers\TheCommunity_enochTest\EnochTestServer_x64.exe
== "D:\DayZServers\TheCommunity_enochTest\EnochTestServer_x64.exe"  -port=2442 "-mod=@CF;@Community-Online-Tools;@BuildAnywhere;@BaseBuildingLogs;@Trader;@BaseBuildingPlus;@Durable_Suppressors;@VanillaPlusPlusMap;@Ear-Plugs;@Catch_Rain;@DayZ-Expansion-Notifications;@DayZ-Expansion-Chat;@No_Shoe_Damage;@Airdrop-Upgraded;@Ammo_Making;@Banking;@Unlimited_Stamina;@BuilderItems;@Camosplus;@CannabisPlus;@CheckIdentity;@Code_Lock;@Dayz_Navigation;@FIDOv_PACK_4;@FlipTransport;@GoreZ;@IRP-Land-Rover-Defender-110;@KillFeed;@NoVehicleDamage;@PartyMe;@Modular_Vest_System;@MuchStuffPack;@Specialist_Weapon_Pack;" -config=D:\DayZServers\TheCommunity_enochTest\TheCommunityDZTest.cfg -profiles=TheEnochTestServer -BEPath=D:\DayZServers\TheCommunity_enochTest\battleye -filePatching -adminlog -netlog -freezecheck -scrAllowFileWrite
=====================================================================
Exe timestamp: 2020/03/14 00:03:02
Current time:  2020/04/05 19:25:52

Version 1.07.153006
19:25:52.324 [Inputs] Loading inputs default "bin/constants.xml"
19:25:52.324 [Inputs] Loading inputs default "bin/specific.xml"
19:25:52.324 !!! [Inputs] Invalid input name used "UAUIInspectItem" for context "ui" in "bin/specific.xml"
19:25:52.324 !!! [Inputs] Attempt to register duplicate Modded-Inputs file "VanillaPPMap/data/modded_Inputs.xml"
19:25:52.324 [Inputs] Loading inputs default "EarPlugs\data\inputs.xml"
19:25:52.324 [Inputs] Loading inputs default "JM/COT/scripts/Data/Inputs.xml"
19:25:52.324 [Inputs] Loading inputs default "KillFeed/inputs/Inputs.xml"
19:25:52.324 [Inputs] Loading inputs default "partyme/scripts/partyme_inputs.xml"
19:25:52.324 [Inputs] Loading inputs default "VanillaPPMap/data/modded_Inputs.xml"
19:25:52.324 [Inputs] Loading inputs default "BaseBuildingPlus/Scripts/Data/Inputs.xml"
19:25:52.324 [Inputs] Loading inputs default "VanillaPPMap/data/modded_Inputs.xml"
19:25:52.324 !!! [Inputs] Attempt to register duplicate input "UAOpenVPPMap"
19:25:52.324 !!! [Inputs] Attempt to register duplicate input "UAToggleVPPMap3DMarkers"
19:25:52.324 [Inputs] Loading inputs cfg "TheEnochTestServer\Users\Survivor\Server.core.xml"
19:25:52.340 [Inputs] Exporting inputs cfg "TheEnochTestServer\Users\Survivor\Server.core.xml"
19:25:52.762 !!! [Inputs] Attempt to register "PMHideShowTrackers" input twice
19:26:43.257 [CE][Hive] :: Initializing OFFLINE
19:26:43.257 [CE][Hive] :: Loading core data ... 
19:26:43.257 [CE][CoreData] :: 7 root classes, 19 defaults, 0 updaters...
19:26:50.846 [CE][RegisterBind] :: 0 classes binded...
19:26:50.846 [CE][RegisterConfig] :: 7390 config classes registered, 0 sub-counters...
19:26:50.846 [CE][Hive] :: Loading map data ... 
19:26:50.908 !!! [CE] :: Unknown category: 'vehicleparts'.
19:26:50.908 [CE][LoadPrototype] :: loaded 330 prototypes
19:26:50.908   702 containers, 9116 points
19:26:50.908   24 dispatches, 90 proxies
19:26:50.908 !!! [CE][LoadPrototype] 12 groups have no points...
19:26:50.908 !!![CE][LoadPrototype]  3 groups have wrong points...
19:26:50.908 [CE][LoadPrototype] :: last group name: Land_Lunapark_Autodrome...
19:26:50.908 [CE][LoadPrototype] :: loaded 0 prototypes
19:26:50.908   0 containers, 0 points
19:26:50.908   0 dispatches, 0 proxies
19:26:50.908 [CE][LoadPrototype] :: last group name: PathD_7100...
19:26:51.299 [CE][LoadMap] "Group" :: loaded 5086 groups, largest group range: 26.9
19:26:51.299 [CE][LoadMap] "Dirt" :: loaded 0 groups, largest group range: 26.9
19:26:51.424 [CE][Links] found 354 total links between groups, of 5086
19:26:51.424 [CE][LoadClusters] "Cluster" :: Loading files...
19:26:51.612 [CE][LoadClusters] :: file: "mapgroupcluster.xml", 4 types, 50000 instances
19:26:51.815 [CE][LoadClusters] :: file: "mapgroupcluster01", 4 types, 50000 instances
19:26:52.33 [CE][LoadClusters] :: file: "mapgroupcluster02", 4 types, 50000 instances
19:26:52.237 [CE][LoadClusters] :: file: "mapgroupcluster03", 4 types, 50000 instances
19:26:52.330 [CE][LoadClusters] :: file: "mapgroupcluster04", 4 types, 21297 instances
19:26:52.330 [CE][Storage] ver:21 stamp:318, valid:yes, name:"mpmissions\TheCommunity.enoch\storage_666\data\types.bin"
19:26:52.330 [CE][Storage] ver:21 stamp:317, valid:yes, name:"mpmissions\TheCommunity.enoch\storage_666\data\types.001"
19:26:52.330 [CE][Storage] ver:21 stamp:318, valid:yes, name:"mpmissions\TheCommunity.enoch\storage_666\data\types.002"
19:26:52.330 [CE][Storage] Restoring file "mpmissions\TheCommunity.enoch\storage_666\data\types.bin".
19:26:52.424 [CE][offlineDB] :: Loaded 33 dynamic events 215 total types 0 total positions.
19:26:52.455 [CE][Storage] ver:21 stamp:318, valid:yes, name:"mpmissions\TheCommunity.enoch\storage_666\data\events.bin"
19:26:52.455 [CE][Storage] ver:21 stamp:317, valid:yes, name:"mpmissions\TheCommunity.enoch\storage_666\data\events.001"
19:26:52.455 [CE][Storage] ver:21 stamp:318, valid:yes, name:"mpmissions\TheCommunity.enoch\storage_666\data\events.002"
19:26:52.455 [CE][Storage] Restoring file "mpmissions\TheCommunity.enoch\storage_666\data\events.bin".
19:26:52.455 [CE][DynamicEvent] Load  Events:[33] Primary spawners: 33 Secondary spawners: 1
19:26:52.455 [CE][Storage] ver:24 stamp:318, valid:yes, name:"mpmissions\TheCommunity.enoch\storage_666\data\vehicles.bin"
19:26:52.455 [CE][Storage] ver:24 stamp:317, valid:yes, name:"mpmissions\TheCommunity.enoch\storage_666\data\vehicles.001"
19:26:52.455 [CE][Storage] ver:24 stamp:318, valid:yes, name:"mpmissions\TheCommunity.enoch\storage_666\data\vehicles.002"
19:26:52.455 [CE][Storage] Restoring file "mpmissions\TheCommunity.enoch\storage_666\data\vehicles.bin" 75 items.
19:26:52.518   75 items loaded.
19:26:52.518 [CE][Storage] ver:0 stamp:0, valid:NO, name:"mpmissions\TheCommunity.enoch\storage_666\data\dynamic_000.bin"
19:26:52.518 [CE][Storage] ver:24 stamp:317, valid:yes, name:"mpmissions\TheCommunity.enoch\storage_666\data\dynamic_000.001"
19:26:52.518 [CE][Storage] ver:24 stamp:318, valid:yes, name:"mpmissions\TheCommunity.enoch\storage_666\data\dynamic_000.002"
19:26:52.518 [CE][Storage] Restoring file "mpmissions\TheCommunity.enoch\storage_666\data\dynamic_000.002" 349 items.
19:26:52.752   349 items loaded.
19:26:52.752 [CE][Storage] ver:0 stamp:0, valid:NO, name:"mpmissions\TheCommunity.enoch\storage_666\data\dynamic_001.bin"
19:26:52.752 [CE][Storage] ver:24 stamp:317, valid:yes, name:"mpmissions\TheCommunity.enoch\storage_666\data\dynamic_001.001"
19:26:52.752 [CE][Storage] ver:24 stamp:318, valid:yes, name:"mpmissions\TheCommunity.enoch\storage_666\data\dynamic_001.002"
19:26:52.752 [CE][Storage] Restoring file "mpmissions\TheCommunity.enoch\storage_666\data\dynamic_001.002" 2289 items.
19:26:53.346   2289 items loaded.
19:26:53.346 [CE][Storage] ver:0 stamp:0, valid:NO, name:"mpmissions\TheCommunity.enoch\storage_666\data\dynamic_002.bin"
19:26:53.346 [CE][Storage] ver:24 stamp:317, valid:yes, name:"mpmissions\TheCommunity.enoch\storage_666\data\dynamic_002.001"
19:26:53.346 [CE][Storage] ver:24 stamp:318, valid:yes, name:"mpmissions\TheCommunity.enoch\storage_666\data\dynamic_002.002"
19:26:53.346 [CE][Storage] Restoring file "mpmissions\TheCommunity.enoch\storage_666\data\dynamic_002.002" 662 items.
19:26:53.518   662 items loaded.
19:26:53.518 [CE][Storage] ver:0 stamp:0, valid:NO, name:"mpmissions\TheCommunity.enoch\storage_666\data\dynamic_003.bin"
19:26:53.518 [CE][Storage] ver:24 stamp:317, valid:yes, name:"mpmissions\TheCommunity.enoch\storage_666\data\dynamic_003.001"
19:26:53.518 [CE][Storage] ver:24 stamp:318, valid:yes, name:"mpmissions\TheCommunity.enoch\storage_666\data\dynamic_003.002"
19:26:53.518 [CE][Storage] Restoring file "mpmissions\TheCommunity.enoch\storage_666\data\dynamic_003.002" 1223 items.
19:26:53.815   1223 items loaded.
19:26:53.815 [CE][Storage] ver:0 stamp:0, valid:NO, name:"mpmissions\TheCommunity.enoch\storage_666\data\dynamic_004.bin"
19:26:53.815 [CE][Storage] ver:24 stamp:317, valid:yes, name:"mpmissions\TheCommunity.enoch\storage_666\data\dynamic_004.001"
19:26:53.815 [CE][Storage] ver:24 stamp:318, valid:yes, name:"mpmissions\TheCommunity.enoch\storage_666\data\dynamic_004.002"
19:26:53.815 [CE][Storage] Restoring file "mpmissions\TheCommunity.enoch\storage_666\data\dynamic_004.002" 1622 items.
19:26:54.268   1622 items loaded.
19:26:54.268 [CE][Storage] ver:0 stamp:0, valid:NO, name:"mpmissions\TheCommunity.enoch\storage_666\data\dynamic_005.bin"
19:26:54.268 [CE][Storage] ver:24 stamp:317, valid:yes, name:"mpmissions\TheCommunity.enoch\storage_666\data\dynamic_005.001"
19:26:54.268 [CE][Storage] ver:24 stamp:318, valid:yes, name:"mpmissions\TheCommunity.enoch\storage_666\data\dynamic_005.002"
19:26:54.268 [CE][Storage] Restoring file "mpmissions\TheCommunity.enoch\storage_666\data\dynamic_005.002" 1926 items.
19:26:54.737   1926 items loaded.
19:26:54.737 [CE][Storage] ver:0 stamp:0, valid:NO, name:"mpmissions\TheCommunity.enoch\storage_666\data\dynamic_006.bin"
19:26:54.737 [CE][Storage] ver:24 stamp:317, valid:yes, name:"mpmissions\TheCommunity.enoch\storage_666\data\dynamic_006.001"
19:26:54.737 [CE][Storage] ver:24 stamp:318, valid:yes, name:"mpmissions\TheCommunity.enoch\storage_666\data\dynamic_006.002"
19:26:54.737 [CE][Storage] Restoring file "mpmissions\TheCommunity.enoch\storage_666\data\dynamic_006.002" 1005 items.
19:26:55.02   1005 items loaded.
19:26:55.02 [CE][Storage] ver:0 stamp:0, valid:NO, name:"mpmissions\TheCommunity.enoch\storage_666\data\dynamic_007.bin"
19:26:55.02 [CE][Storage] ver:24 stamp:317, valid:yes, name:"mpmissions\TheCommunity.enoch\storage_666\data\dynamic_007.001"
19:26:55.02 [CE][Storage] ver:24 stamp:318, valid:yes, name:"mpmissions\TheCommunity.enoch\storage_666\data\dynamic_007.002"
19:26:55.02 [CE][Storage] Restoring file "mpmissions\TheCommunity.enoch\storage_666\data\dynamic_007.002" 1335 items.
19:26:55.330   1335 items loaded.
19:26:55.330 [CE][Storage] ver:0 stamp:0, valid:NO, name:"mpmissions\TheCommunity.enoch\storage_666\data\dynamic_008.bin"
19:26:55.330 [CE][Storage] ver:24 stamp:317, valid:yes, name:"mpmissions\TheCommunity.enoch\storage_666\data\dynamic_008.001"
19:26:55.330 [CE][Storage] ver:24 stamp:318, valid:yes, name:"mpmissions\TheCommunity.enoch\storage_666\data\dynamic_008.002"
19:26:55.330 [CE][Storage] Restoring file "mpmissions\TheCommunity.enoch\storage_666\data\dynamic_008.002" 1129 items.
19:26:55.596   1129 items loaded.
19:26:55.596 [CE][Storage] ver:0 stamp:0, valid:NO, name:"mpmissions\TheCommunity.enoch\storage_666\data\dynamic_009.bin"
19:26:55.596 [CE][Storage] ver:24 stamp:317, valid:yes, name:"mpmissions\TheCommunity.enoch\storage_666\data\dynamic_009.001"
19:26:55.596 [CE][Storage] ver:24 stamp:318, valid:yes, name:"mpmissions\TheCommunity.enoch\storage_666\data\dynamic_009.002"
19:26:55.612 [CE][Storage] Restoring file "mpmissions\TheCommunity.enoch\storage_666\data\dynamic_009.002" 1073 items.
19:26:55.877   1073 items loaded.
19:26:55.877 [CE][Storage] ver:0 stamp:0, valid:NO, name:"mpmissions\TheCommunity.enoch\storage_666\data\dynamic_010.bin"
19:26:55.893 [CE][Storage] ver:24 stamp:317, valid:yes, name:"mpmissions\TheCommunity.enoch\storage_666\data\dynamic_010.001"
19:26:55.893 [CE][Storage] ver:24 stamp:318, valid:yes, name:"mpmissions\TheCommunity.enoch\storage_666\data\dynamic_010.002"
19:26:55.893 [CE][Storage] Restoring file "mpmissions\TheCommunity.enoch\storage_666\data\dynamic_010.002" 2610 items.
19:26:56.471   2610 items loaded.
19:26:56.471 [CE][Storage] ver:0 stamp:0, valid:NO, name:"mpmissions\TheCommunity.enoch\storage_666\data\dynamic_011.bin"
19:26:56.471 [CE][Storage] ver:24 stamp:317, valid:yes, name:"mpmissions\TheCommunity.enoch\storage_666\data\dynamic_011.001"
19:26:56.471 [CE][Storage] ver:24 stamp:318, valid:yes, name:"mpmissions\TheCommunity.enoch\storage_666\data\dynamic_011.002"
19:26:56.471 [CE][Storage] Restoring file "mpmissions\TheCommunity.enoch\storage_666\data\dynamic_011.002" 347 items.
19:26:56.549   347 items loaded.
19:26:56.581 [CE][Hive] :: Storage load took:4.13 seconds, recovery stamp:318
19:26:56.581   entity: 15645, building: 0
19:26:56.581   no lifetime: 40
19:26:56.581 [CE][Hive] :: Initializing ... 
19:26:56.581 [CE][InitializeMap] :: initialized: 0
19:26:56.581 [CE][Hive] :: Initializing spawners ... 
19:26:58.846 [CE][LootRespawner] (PRIDummy) :: Item [0] causing search overtime: "PlateCarrierVest"
19:26:58.846 [CE][LootRespawner] (PRIDummy) :: Item [1] causing search overtime: "PlateCarrierVest"
19:26:58.846 [CE][LootRespawner] (PRIDummy) :: Item [2] causing search overtime: "PlateCarrierVest"
19:26:58.846 [CE][LootRespawner] (PRIDummy) :: Item [3] causing search overtime: "PlateCarrierVest"
19:26:58.846 [CE][LootRespawner] (PRIDummy) :: Item [4] causing search overtime: "PlateCarrierVest"
19:26:58.846 [CE][LootRespawner] (PRIDummy) :: Item [5] causing search overtime: "PlateCarrierVest"
19:26:58.846 [CE][LootRespawner] (PRIDummy) :: Item [6] causing search overtime: "PlateCarrierVest"
19:26:58.846 [CE][LootRespawner] (PRIDummy) :: Item [7] causing search overtime: "PlateCarrierVest"
19:26:58.846 [CE][LootRespawner] (PRIDummy) :: Item [8] causing search overtime: "PlateCarrierVest"
19:26:58.846 [CE][LootRespawner] (PRIDummy) :: Item [9] causing search overtime: "PlateCarrierVest"
19:26:58.846 [CE][LootRespawner] (PRIDummy) :: Item [10] causing search overtime: "PlateCarrierVest"
19:26:58.846 [CE][LootRespawner] (PRIDummy) :: Item [11] causing search overtime: "PlateCarrierVest"
19:26:58.846 [CE][LootRespawner] (PRIDummy) :: Item [12] causing search overtime: "PlateCarrierVest"
19:26:58.846 [CE][LootRespawner] (PRIDummy) :: Item [13] causing search overtime: "PlateCarrierVest"
19:26:58.846 [CE][LootRespawner] (PRIDummy) :: Item [14] causing search overtime: "TetracyclineAntibiotics"
19:26:58.846 [CE][LootRespawner] (PRIDummy) :: Item [15] causing search overtime: "TetracyclineAntibiotics"
19:26:58.846 [CE][LootRespawner] (PRIDummy) :: Item [16] causing search overtime: "TetracyclineAntibiotics"
19:26:58.846 [CE][LootRespawner] (PRIDummy) :: Item [17] causing search overtime: "TetracyclineAntibiotics"
19:26:58.846 [CE][LootRespawner] (PRIDummy) :: Item [18] causing search overtime: "TetracyclineAntibiotics"
19:26:58.846 [CE][LootRespawner] (PRIDummy) :: Item [19] causing search overtime: "TetracyclineAntibiotics"
19:26:58.877 [CE][LootRespawner] (PRIDummy) :: Item [0] is hard to place, performance drops: "Defender110_dver_1_1_UN"
19:26:58.877 [CE][LootRespawner] (PRIDummy) :: Item [1] is hard to place, performance drops: "Defender110_dver_1_1_UN"
19:26:58.877 [CE][LootRespawner] (PRIDummy) :: Item [2] is hard to place, performance drops: "Defender110_dver_1_1_UN"
19:26:59.49 [CE][LootRespawner] (PRIDummy) :: Item [3] is hard to place, performance drops: "Defender110_dver_1_1"
19:26:59.49 [CE][LootRespawner] (PRIDummy) :: Item [4] is hard to place, performance drops: "Defender110_dver_1_1"
19:26:59.49 [CE][LootRespawner] (PRIDummy) :: Item [5] is hard to place, performance drops: "Defender110_dver_1_1"
19:26:59.49 [CE][LootRespawner] (PRIDummy) :: Item [6] is hard to place, performance drops: "Defender110_dver_1_1"
19:26:59.49 [CE][LootRespawner] (PRIDummy) :: Item [7] is hard to place, performance drops: "Defender110_dver_1_1"
19:26:59.49 [CE][LootRespawner] (PRIDummy) :: Item [8] is hard to place, performance drops: "Defender110_dver_1_1"
19:26:59.49 [CE][LootRespawner] (PRIDummy) :: Item [9] is hard to place, performance drops: "Defender110_dver_1_1"
19:26:59.49 [CE][LootRespawner] (PRIDummy) :: Item [10] is hard to place, performance drops: "Defender110_dver_1_1"
19:26:59.65 [CE][LootRespawner] (PRIDummy) :: Item [11] is hard to place, performance drops: "Defender110_dver_1_1"
19:26:59.65 [CE][LootRespawner] (PRIDummy) :: Item [12] is hard to place, performance drops: "Defender110_dver_1_1"
19:26:59.65 [CE][LootRespawner] (PRIDummy) :: Item [13] is hard to place, performance drops: "Defender110_dver_1_1"
19:26:59.65 [CE][LootRespawner] (PRIDummy) :: Item [14] is hard to place, performance drops: "Defender110_dver_1_2"
19:26:59.65 [CE][LootRespawner] (PRIDummy) :: Item [15] is hard to place, performance drops: "Defender110_dver_1_2"
19:26:59.81 [CE][LootRespawner] (PRIDummy) :: Item [16] is hard to place, performance drops: "Breeches_Beige"
19:26:59.81 [CE][LootRespawner] (PRIDummy) :: Item [17] is hard to place, performance drops: "Breeches_Beige"
19:26:59.206 [CE][LootRespawner] (PRIDummy) :: Item [18] is hard to place, performance drops: "Defender110_dver_2_1"
19:26:59.206 [CE][LootRespawner] (PRIDummy) :: Item [19] is hard to place, performance drops: "Defender110_dver_2_1"
19:26:59.378 [CE][LootRespawner] (PRIDummy) :: Initially (re)spawned:91, Nominal:22572, Total in Map: 15776 at 0 (sec)
19:26:59.378   tests:113, repeats:0 fails:22, overtime:6594
19:26:59.378 [CE][DynEvent] :: 33 types
19:26:59.378 [00] AmbientHen
19:26:59.378   Primary Spawner: "Ambient", active: yes, repeat: 1
19:26:59.378 [01] AnimalBear
19:26:59.378   Primary Spawner: "Animal", active: yes, repeat: 1
19:26:59.378 [02] AnimalCow
19:26:59.378   Primary Spawner: "Animal", active: yes, repeat: 1
19:26:59.378 [03] AnimalDeer
19:26:59.378   Primary Spawner: "Animal", active: yes, repeat: 1
19:26:59.378 [04] AnimalGoat
19:26:59.378   Primary Spawner: "Animal", active: yes, repeat: 1
19:26:59.378 [05] AnimalPig
19:26:59.378   Primary Spawner: "Animal", active: yes, repeat: 1
19:26:59.378 [06] AnimalRoeDeer
19:26:59.378   Primary Spawner: "Animal", active: yes, repeat: 1
19:26:59.378 [07] AnimalSheep
19:26:59.378   Primary Spawner: "Animal", active: yes, repeat: 1
19:26:59.378 [08] AnimalWildBoar
19:26:59.378   Primary Spawner: "Animal", active: yes, repeat: 1
19:26:59.378 [09] AnimalWolf
19:26:59.378   Primary Spawner: "Animal", active: yes, repeat: 1
19:26:59.378 [10] InfectedArmy
19:26:59.378   Primary Spawner: "Infected", active: yes, repeat: 1
19:26:59.378 [11] InfectedCity
19:26:59.378   Primary Spawner: "Infected", active: yes, repeat: 1
19:26:59.378 [12] InfectedFirefighter
19:26:59.378   Primary Spawner: "Infected", active: yes, repeat: 1
19:26:59.378 [13] InfectedIndustrial
19:26:59.378   Primary Spawner: "Infected", active: yes, repeat: 1
19:26:59.378 [14] InfectedMedic
19:26:59.378   Primary Spawner: "Infected", active: yes, repeat: 1
19:26:59.378 [15] InfectedPolice
19:26:59.378   Primary Spawner: "Infected", active: yes, repeat: 1
19:26:59.378 [16] InfectedPrisoner
19:26:59.378   Primary Spawner: "Infected", active: yes, repeat: 1
19:26:59.378 [17] InfectedReligious
19:26:59.378   Primary Spawner: "Infected", active: yes, repeat: 1
19:26:59.378 [18] InfectedSolitude
19:26:59.378   Primary Spawner: "Infected", active: yes, repeat: 1
19:26:59.378 [19] InfectedVillage
19:26:59.378   Primary Spawner: "Infected", active: yes, repeat: 1
19:26:59.378 [20] ItemPlanks
19:26:59.378   Primary Spawner: "Item", active: yes, repeat: 1
19:26:59.378 [21] Loot
19:26:59.378   Primary Spawner: "Loot", active: yes, repeat: 2
19:26:59.378 [22] StaticHeliCrash
19:26:59.378   Primary Spawner: "Vehicle", active: yes, repeat: 1
19:26:59.378   Secondary Spawner: "Infected", active: yes, repeat: 1
19:26:59.378 [23] StaticPoliceCar
19:26:59.378   Primary Spawner: "Vehicle", active: yes, repeat: 1
19:26:59.378 [24] TrajectoryConiferous
19:26:59.378   Primary Spawner: "Trajectory", active: yes, repeat: 1
19:26:59.378 [25] TrajectoryDeciduous
19:26:59.378   Primary Spawner: "Trajectory", active: yes, repeat: 1
19:26:59.378 [26] TrajectoryHumus
19:26:59.378   Primary Spawner: "Trajectory", active: yes, repeat: 1
19:26:59.378 [27] TrajectoryStones
19:26:59.378   Primary Spawner: "Trajectory", active: yes, repeat: 1
19:26:59.378 [28] VehicleCivilianSedan
19:26:59.378   Primary Spawner: "Vehicle", active: yes, repeat: 1
19:26:59.378 [29] VehicleHatchback02
19:26:59.378   Primary Spawner: "Vehicle", active: yes, repeat: 1
19:26:59.378 [30] VehicleOffroadHatchback
19:26:59.378   Primary Spawner: "Vehicle", active: yes, repeat: 1
19:26:59.378 [31] VehicleSedan02
19:26:59.378   Primary Spawner: "Vehicle", active: yes, repeat: 1
19:26:59.378 [32] VehicleCrSk_Land_Rover_Defender_110
19:26:59.378   Primary Spawner: "Vehicle", active: yes, repeat: 1
19:26:59.378 [CE][Hive] :: Initializing of spawners done.
19:26:59.378 [CE][Hive] :: Init sequence finished.
19:26:59.378 Player connect enabled
19:26:59.799 Average server FPS: 0.06 (measured interval: 30 s)
19:26:59.799 Used memory: 1361398 KB
19:26:59.799 Players: 0 in total
19:27:29.910 Average server FPS: 2496.30 (measured interval: 30 s)
19:27:29.910 Used memory: 1468304 KB
19:27:29.910 Players: 0 in total
19:27:59.896 Average server FPS: 3475.40 (measured interval: 30 s)
19:27:59.896 Used memory: 1477883 KB
19:27:59.896 Players: 0 in total
19:28:29.929 Average server FPS: 3507.83 (measured interval: 30 s)
19:28:29.929 Used memory: 1492143 KB
19:28:29.929 Players: 0 in total
19:28:59.930 Average server FPS: 3189.47 (measured interval: 30 s)
19:28:59.930 Used memory: 1498504 KB
19:28:59.930 Players: 0 in total
19:29:30.09 Average server FPS: 3444.09 (measured interval: 30 s)
19:29:30.09 Used memory: 1513166 KB
19:29:30.09 Players: 0 in total
19:30:00.11 Average server FPS: 3491.63 (measured interval: 30 s)
19:30:00.11 Used memory: 1519156 KB
19:30:00.11 Players: 0 in total
19:30:29.997 Average server FPS: 3522.37 (measured interval: 30 s)
19:30:29.997 Used memory: 1525234 KB
19:30:29.997 Players: 0 in total
19:30:59.998 Average server FPS: 3313.53 (measured interval: 30 s)
19:30:59.998 Used memory: 1535794 KB
19:30:59.998 Players: 0 in total
19:31:30.46 Average server FPS: 3553.42 (measured interval: 30 s)
19:31:30.46 Used memory: 1543763 KB
19:31:30.46 Players: 0 in total
19:32:00.32 Average server FPS: 3710.67 (measured interval: 30 s)
19:32:00.32 Used memory: 1548909 KB
19:32:00.32 Players: 0 in total
19:32:30.49 Average server FPS: 3386.11 (measured interval: 30 s)
19:32:30.49 Used memory: 1556797 KB
19:32:30.49 Players: 0 in total
19:33:00.50 Average server FPS: 3449.69 (measured interval: 30 s)
19:33:00.50 Used memory: 1559934 KB
19:33:00.50 Players: 0 in total
19:33:30.52 Average server FPS: 3662.07 (measured interval: 30 s)
19:33:30.52 Used memory: 1563593 KB
19:33:30.52 Players: 0 in total
19:34:00.53 Average server FPS: 6470.73 (measured interval: 30 s)
19:34:00.53 Used memory: 1565298 KB
19:34:00.53 Players: 0 in total
19:34:30.54 Average server FPS: 8418.67 (measured interval: 30 s)
19:34:30.54 Used memory: 1564653 KB
19:34:30.54 Players: 0 in total
19:35:00.56 Average server FPS: 6569.80 (measured interval: 30 s)
19:35:00.56 Used memory: 1572925 KB
19:35:00.56 Players: 0 in total
19:35:30.57 Average server FPS: 7793.63 (measured interval: 30 s)
19:35:30.57 Used memory: 1572916 KB
19:35:30.57 Players: 0 in total
19:36:00.58 Average server FPS: 6419.18 (measured interval: 30 s)
19:36:00.58 Used memory: 1575984 KB
19:36:00.58 Players: 0 in total
19:36:25.247 [CE][Links] found 0 total links between groups, of 1
19:36:25.247 [CE][SpawnRandomLoot] (StaticHeliCrash) :: ChildType: Wreck_Mi8, lootmin: 10, lootmax: 20, wanted: 15
19:36:25.263 [CE][Links] found 0 total links between groups, of 2
19:36:25.263 [CE][SpawnRandomLoot] (StaticHeliCrash) :: ChildType: Wreck_UH1Y, lootmin: 10, lootmax: 20, wanted: 10
19:36:25.278 [CE][Links] found 0 total links between groups, of 3
19:36:25.278 [CE][SpawnRandomLoot] (StaticHeliCrash) :: ChildType: Wreck_Mi8, lootmin: 10, lootmax: 20, wanted: 12
19:36:25.700 [CE][Links] found 0 total links between groups, of 4
19:36:25.700 [CE][SpawnRandomLoot] (StaticPoliceCar) :: ChildType: Land_Wreck_Volha_Police, lootmin: 3, lootmax: 5, wanted: 3
19:36:25.700 [CE][Links] found 0 total links between groups, of 5
19:36:25.700 [CE][SpawnRandomLoot] (StaticPoliceCar) :: ChildType: Land_Wreck_Volha_Police, lootmin: 3, lootmax: 5, wanted: 4
19:36:25.700 [CE][Links] found 0 total links between groups, of 6
19:36:25.700 [CE][SpawnRandomLoot] (StaticPoliceCar) :: ChildType: Land_Wreck_Volha_Police, lootmin: 3, lootmax: 5, wanted: 3
19:36:25.700 [CE][Links] found 0 total links between groups, of 7
19:36:25.700 [CE][SpawnRandomLoot] (StaticPoliceCar) :: ChildType: Land_Wreck_Volha_Police, lootmin: 3, lootmax: 5, wanted: 3
19:36:25.716 [CE][Links] found 0 total links between groups, of 8
19:36:25.716 [CE][SpawnRandomLoot] (StaticPoliceCar) :: ChildType: Land_Wreck_Volha_Police, lootmin: 3, lootmax: 5, wanted: 4
19:36:25.716 [CE][Links] found 0 total links between groups, of 9
19:36:25.716 [CE][SpawnRandomLoot] (StaticPoliceCar) :: ChildType: Land_Wreck_Volha_Police, lootmin: 3, lootmax: 5, wanted: 3
19:36:25.716 [CE][Links] found 0 total links between groups, of 10
19:36:25.716 [CE][SpawnRandomLoot] (StaticPoliceCar) :: ChildType: Land_Wreck_Volha_Police, lootmin: 3, lootmax: 5, wanted: 3
19:36:25.732 [CE][Links] found 0 total links between groups, of 11
19:36:25.732 [CE][SpawnRandomLoot] (StaticPoliceCar) :: ChildType: Land_Wreck_Volha_Police, lootmin: 3, lootmax: 5, wanted: 3
19:36:25.732 [CE][Links] found 0 total links between groups, of 12
19:36:25.732 [CE][SpawnRandomLoot] (StaticPoliceCar) :: ChildType: Land_Wreck_Volha_Police, lootmin: 3, lootmax: 5, wanted: 3
19:36:30.75 Average server FPS: 8038.12 (measured interval: 30 s)
19:36:30.75 Used memory: 1576853 KB
19:36:30.75 Players: 0 in total
19:37:00.81 Average server FPS: 7775.02 (measured interval: 30 s)
19:37:00.81 Used memory: 1577097 KB
19:37:00.81 Players: 0 in total
19:37:30.82 Average server FPS: 8641.65 (measured interval: 30 s)
19:37:30.82 Used memory: 1576994 KB
19:37:30.82 Players: 0 in total
19:38:00.84 Average server FPS: 8705.68 (measured interval: 30 s)
19:38:00.84 Used memory: 1577063 KB
19:38:00.84 Players: 0 in total
19:38:30.85 Average server FPS: 8634.79 (measured interval: 30 s)
19:38:30.85 Used memory: 1577042 KB
19:38:30.85 Players: 0 in total
19:39:00.102 Average server FPS: 8535.38 (measured interval: 30 s)
19:39:00.102 Used memory: 1576992 KB
19:39:00.102 Players: 0 in total
19:39:07.821 !!! [CE][Point] Removing 6453.670898, 4636.953125 from Land_Shed_Closed_Small1
19:39:30.103 Average server FPS: 8464.91 (measured interval: 30 s)
19:39:30.103 Used memory: 1577112 KB
19:39:30.103 Players: 0 in total
19:40:00.105 Average server FPS: 8027.73 (measured interval: 30 s)
19:40:00.105 Used memory: 1577310 KB
19:40:00.105 Players: 0 in total
19:40:30.106 Average server FPS: 8588.16 (measured interval: 30 s)
19:40:30.106 Used memory: 1577454 KB
19:40:30.106 Players: 0 in total
19:41:00.108 Average server FPS: 8598.10 (measured interval: 30 s)
19:41:00.108 Used memory: 1577555 KB
19:41:00.108 Players: 0 in total
19:41:30.125 Average server FPS: 8607.81 (measured interval: 30 s)
19:41:30.125 Used memory: 1577547 KB
19:41:30.125 Players: 0 in total
19:42:00.126 Average server FPS: 8577.20 (measured interval: 30 s)
19:42:00.126 Used memory: 1577441 KB
19:42:00.126 Players: 0 in total