

=====================================================================
== D:\DayZServers\TheCommunity_enochTest\EnochTestServer_x64.exe
== "D:\DayZServers\TheCommunity_enochTest\EnochTestServer_x64.exe"  -port=2442 "-mod=@CF;@Community-Online-Tools;@BuildAnywhere;@BaseBuildingLogs;@Trader;@BaseBuildingPlus;@Durable_Suppressors;@VanillaPlusPlusMap;@Ear-Plugs;@Catch_Rain;@DayZ-Expansion-Notifications;@DayZ-Expansion-Chat;@No_Shoe_Damage;@Airdrop-Upgraded;@Ammo_Making;@Banking;@Unlimited_Stamina;@BuilderItems;@Camosplus;@CannabisPlus;@CheckIdentity;@Code_Lock;@Dayz_Navigation;@FIDOv_PACK_4;@FlipTransport;@GoreZ;@IRP-Land-Rover-Defender-110;@KillFeed;@NoVehicleDamage;@PartyMe;@Modular_Vest_System;@MuchStuffPack;@Specialist_Weapon_Pack;" -config=D:\DayZServers\TheCommunity_enochTest\TheCommunityDZTest.cfg -profiles=TheEnochTestServer -BEPath=D:\DayZServers\TheCommunity_enochTest\battleye -filePatching -adminlog -netlog -freezecheck -scrAllowFileWrite
=====================================================================
Exe timestamp: 2020/03/14 00:03:02
Current time:  2020/04/06 09:00:05

Version 1.07.153006
 9:00:05.556 [Inputs] Loading inputs default "bin/constants.xml"
 9:00:05.556 [Inputs] Loading inputs default "bin/specific.xml"
 9:00:05.556 !!! [Inputs] Invalid input name used "UAUIInspectItem" for context "ui" in "bin/specific.xml"
 9:00:05.556 !!! [Inputs] Attempt to register duplicate Modded-Inputs file "VanillaPPMap/data/modded_Inputs.xml"
 9:00:05.556 [Inputs] Loading inputs default "EarPlugs\data\inputs.xml"
 9:00:05.556 [Inputs] Loading inputs default "JM/COT/scripts/Data/Inputs.xml"
 9:00:05.556 [Inputs] Loading inputs default "KillFeed/inputs/Inputs.xml"
 9:00:05.556 [Inputs] Loading inputs default "partyme/scripts/partyme_inputs.xml"
 9:00:05.556 [Inputs] Loading inputs default "VanillaPPMap/data/modded_Inputs.xml"
 9:00:05.556 [Inputs] Loading inputs default "BaseBuildingPlus/Scripts/Data/Inputs.xml"
 9:00:05.556 [Inputs] Loading inputs default "VanillaPPMap/data/modded_Inputs.xml"
 9:00:05.556 !!! [Inputs] Attempt to register duplicate input "UAOpenVPPMap"
 9:00:05.556 !!! [Inputs] Attempt to register duplicate input "UAToggleVPPMap3DMarkers"
 9:00:05.556 [Inputs] Loading inputs cfg "TheEnochTestServer\Users\Survivor\Server.core.xml"
 9:00:05.572 [Inputs] Exporting inputs cfg "TheEnochTestServer\Users\Survivor\Server.core.xml"
 9:00:06.10 !!! [Inputs] Attempt to register "PMHideShowTrackers" input twice
 9:00:56.808 [CE][Hive] :: Initializing OFFLINE
 9:00:56.808 [CE][Hive] :: Loading core data ... 
 9:00:56.808 [CE][CoreData] :: 7 root classes, 19 defaults, 0 updaters...
 9:01:04.300 [CE][RegisterBind] :: 0 classes binded...
 9:01:04.300 [CE][RegisterConfig] :: 7403 config classes registered, 0 sub-counters...
 9:01:04.300 [CE][Hive] :: Loading map data ... 
 9:01:04.362 !!! [CE] :: Unknown category: 'vehicleparts'.
 9:01:04.362 [CE][LoadPrototype] :: loaded 330 prototypes
 9:01:04.362   702 containers, 9116 points
 9:01:04.362   24 dispatches, 90 proxies
 9:01:04.362 !!! [CE][LoadPrototype] 12 groups have no points...
 9:01:04.362 !!![CE][LoadPrototype]  3 groups have wrong points...
 9:01:04.362 [CE][LoadPrototype] :: last group name: Land_Lunapark_Autodrome...
 9:01:04.378 [CE][LoadPrototype] :: loaded 0 prototypes
 9:01:04.378   0 containers, 0 points
 9:01:04.378   0 dispatches, 0 proxies
 9:01:04.378 [CE][LoadPrototype] :: last group name: PathD_7100...
 9:01:04.898 [CE][LoadMap] "Group" :: loaded 5086 groups, largest group range: 26.9
 9:01:04.913 [CE][LoadMap] "Dirt" :: loaded 0 groups, largest group range: 26.9
 9:01:05.85 [CE][Links] found 354 total links between groups, of 5086
 9:01:05.85 [CE][LoadClusters] "Cluster" :: Loading files...
 9:01:05.367 [CE][LoadClusters] :: file: "mapgroupcluster.xml", 4 types, 50000 instances
 9:01:05.601 [CE][LoadClusters] :: file: "mapgroupcluster01", 4 types, 50000 instances
 9:01:05.804 [CE][LoadClusters] :: file: "mapgroupcluster02", 4 types, 50000 instances
 9:01:06.07 [CE][LoadClusters] :: file: "mapgroupcluster03", 4 types, 50000 instances
 9:01:06.117 [CE][LoadClusters] :: file: "mapgroupcluster04", 4 types, 21297 instances
 9:01:06.117 [CE][Storage] ver:21 stamp:1730, valid:yes, name:"mpmissions\TheCommunity.enoch\storage_666\data\types.bin"
 9:01:06.117 [CE][Storage] ver:21 stamp:1729, valid:yes, name:"mpmissions\TheCommunity.enoch\storage_666\data\types.001"
 9:01:06.117 [CE][Storage] ver:21 stamp:1727, valid:yes, name:"mpmissions\TheCommunity.enoch\storage_666\data\types.002"
 9:01:06.117 [CE][Storage] Restoring file "mpmissions\TheCommunity.enoch\storage_666\data\types.bin".
 9:01:06.210 [CE][offlineDB] :: Loaded 33 dynamic events 215 total types 0 total positions.
 9:01:06.242 [CE][Storage] ver:21 stamp:1730, valid:yes, name:"mpmissions\TheCommunity.enoch\storage_666\data\events.bin"
 9:01:06.242 [CE][Storage] ver:21 stamp:1729, valid:yes, name:"mpmissions\TheCommunity.enoch\storage_666\data\events.001"
 9:01:06.242 [CE][Storage] ver:21 stamp:1727, valid:yes, name:"mpmissions\TheCommunity.enoch\storage_666\data\events.002"
 9:01:06.242 [CE][Storage] Restoring file "mpmissions\TheCommunity.enoch\storage_666\data\events.bin".
 9:01:06.242 [CE][DynamicEvent] Load  Events:[33] Primary spawners: 33 Secondary spawners: 1
 9:01:06.242 [CE][Storage] ver:24 stamp:1730, valid:yes, name:"mpmissions\TheCommunity.enoch\storage_666\data\vehicles.bin"
 9:01:06.258 [CE][Storage] ver:24 stamp:1729, valid:yes, name:"mpmissions\TheCommunity.enoch\storage_666\data\vehicles.001"
 9:01:06.258 [CE][Storage] ver:24 stamp:1727, valid:yes, name:"mpmissions\TheCommunity.enoch\storage_666\data\vehicles.002"
 9:01:06.258 [CE][Storage] Restoring file "mpmissions\TheCommunity.enoch\storage_666\data\vehicles.bin" 97 items.
 9:01:06.321   97 items loaded.
 9:01:06.321 [CE][Storage] ver:0 stamp:0, valid:NO, name:"mpmissions\TheCommunity.enoch\storage_666\data\dynamic_000.bin"
 9:01:06.321 [CE][Storage] ver:24 stamp:1729, valid:yes, name:"mpmissions\TheCommunity.enoch\storage_666\data\dynamic_000.001"
 9:01:06.321 [CE][Storage] ver:24 stamp:1727, valid:yes, name:"mpmissions\TheCommunity.enoch\storage_666\data\dynamic_000.002"
 9:01:06.321 [CE][Storage] Restoring file "mpmissions\TheCommunity.enoch\storage_666\data\dynamic_000.001" 287 items.
 9:01:06.524   287 items loaded.
 9:01:06.524 [CE][Storage] ver:0 stamp:0, valid:NO, name:"mpmissions\TheCommunity.enoch\storage_666\data\dynamic_001.bin"
 9:01:06.524 [CE][Storage] ver:24 stamp:1729, valid:yes, name:"mpmissions\TheCommunity.enoch\storage_666\data\dynamic_001.001"
 9:01:06.524 [CE][Storage] ver:24 stamp:1727, valid:yes, name:"mpmissions\TheCommunity.enoch\storage_666\data\dynamic_001.002"
 9:01:06.524 [CE][Storage] Restoring file "mpmissions\TheCommunity.enoch\storage_666\data\dynamic_001.001" 1870 items.
 9:01:07.55   1870 items loaded.
 9:01:07.55 [CE][Storage] ver:0 stamp:0, valid:NO, name:"mpmissions\TheCommunity.enoch\storage_666\data\dynamic_002.bin"
 9:01:07.55 [CE][Storage] ver:24 stamp:1729, valid:yes, name:"mpmissions\TheCommunity.enoch\storage_666\data\dynamic_002.001"
 9:01:07.55 [CE][Storage] ver:24 stamp:1727, valid:yes, name:"mpmissions\TheCommunity.enoch\storage_666\data\dynamic_002.002"
 9:01:07.55 [CE][Storage] Restoring file "mpmissions\TheCommunity.enoch\storage_666\data\dynamic_002.001" 505 items.
 9:01:07.211   505 items loaded.
 9:01:07.211 [CE][Storage] ver:0 stamp:0, valid:NO, name:"mpmissions\TheCommunity.enoch\storage_666\data\dynamic_003.bin"
 9:01:07.211 [CE][Storage] ver:24 stamp:1729, valid:yes, name:"mpmissions\TheCommunity.enoch\storage_666\data\dynamic_003.001"
 9:01:07.211 [CE][Storage] ver:24 stamp:1727, valid:yes, name:"mpmissions\TheCommunity.enoch\storage_666\data\dynamic_003.002"
 9:01:07.211 [CE][Storage] Restoring file "mpmissions\TheCommunity.enoch\storage_666\data\dynamic_003.001" 1067 items.
 9:01:07.492   1067 items loaded.
 9:01:07.492 [CE][Storage] ver:0 stamp:0, valid:NO, name:"mpmissions\TheCommunity.enoch\storage_666\data\dynamic_004.bin"
 9:01:07.492 [CE][Storage] ver:24 stamp:1729, valid:yes, name:"mpmissions\TheCommunity.enoch\storage_666\data\dynamic_004.001"
 9:01:07.492 [CE][Storage] ver:24 stamp:1727, valid:yes, name:"mpmissions\TheCommunity.enoch\storage_666\data\dynamic_004.002"
 9:01:07.492 [CE][Storage] Restoring file "mpmissions\TheCommunity.enoch\storage_666\data\dynamic_004.001" 1461 items.
 9:01:07.961   1461 items loaded.
 9:01:07.961 [CE][Storage] ver:0 stamp:0, valid:NO, name:"mpmissions\TheCommunity.enoch\storage_666\data\dynamic_005.bin"
 9:01:07.961 [CE][Storage] ver:24 stamp:1729, valid:yes, name:"mpmissions\TheCommunity.enoch\storage_666\data\dynamic_005.001"
 9:01:07.961 [CE][Storage] ver:24 stamp:1727, valid:yes, name:"mpmissions\TheCommunity.enoch\storage_666\data\dynamic_005.002"
 9:01:07.961 [CE][Storage] Restoring file "mpmissions\TheCommunity.enoch\storage_666\data\dynamic_005.001" 1733 items.
 9:01:08.461   1733 items loaded.
 9:01:08.461 [CE][Storage] ver:0 stamp:0, valid:NO, name:"mpmissions\TheCommunity.enoch\storage_666\data\dynamic_006.bin"
 9:01:08.461 [CE][Storage] ver:24 stamp:1729, valid:yes, name:"mpmissions\TheCommunity.enoch\storage_666\data\dynamic_006.001"
 9:01:08.461 [CE][Storage] ver:24 stamp:1727, valid:yes, name:"mpmissions\TheCommunity.enoch\storage_666\data\dynamic_006.002"
 9:01:08.461 [CE][Storage] Restoring file "mpmissions\TheCommunity.enoch\storage_666\data\dynamic_006.001" 910 items.
 9:01:08.727   910 items loaded.
 9:01:08.727 [CE][Storage] ver:0 stamp:0, valid:NO, name:"mpmissions\TheCommunity.enoch\storage_666\data\dynamic_007.bin"
 9:01:08.727 [CE][Storage] ver:24 stamp:1729, valid:yes, name:"mpmissions\TheCommunity.enoch\storage_666\data\dynamic_007.001"
 9:01:08.727 [CE][Storage] ver:24 stamp:1727, valid:yes, name:"mpmissions\TheCommunity.enoch\storage_666\data\dynamic_007.002"
 9:01:08.727 [CE][Storage] Restoring file "mpmissions\TheCommunity.enoch\storage_666\data\dynamic_007.001" 1292 items.
 9:01:09.118   1292 items loaded.
 9:01:09.118 [CE][Storage] ver:0 stamp:0, valid:NO, name:"mpmissions\TheCommunity.enoch\storage_666\data\dynamic_008.bin"
 9:01:09.118 [CE][Storage] ver:24 stamp:1729, valid:yes, name:"mpmissions\TheCommunity.enoch\storage_666\data\dynamic_008.001"
 9:01:09.118 [CE][Storage] ver:24 stamp:1727, valid:yes, name:"mpmissions\TheCommunity.enoch\storage_666\data\dynamic_008.002"
 9:01:09.118 [CE][Storage] Restoring file "mpmissions\TheCommunity.enoch\storage_666\data\dynamic_008.001" 966 items.
 9:01:09.368   966 items loaded.
 9:01:09.368 [CE][Storage] ver:0 stamp:0, valid:NO, name:"mpmissions\TheCommunity.enoch\storage_666\data\dynamic_009.bin"
 9:01:09.368 [CE][Storage] ver:24 stamp:1729, valid:yes, name:"mpmissions\TheCommunity.enoch\storage_666\data\dynamic_009.001"
 9:01:09.368 [CE][Storage] ver:24 stamp:1727, valid:yes, name:"mpmissions\TheCommunity.enoch\storage_666\data\dynamic_009.002"
 9:01:09.368 [CE][Storage] Restoring file "mpmissions\TheCommunity.enoch\storage_666\data\dynamic_009.001" 995 items.
 9:01:09.649   995 items loaded.
 9:01:09.649 [CE][Storage] ver:0 stamp:0, valid:NO, name:"mpmissions\TheCommunity.enoch\storage_666\data\dynamic_010.bin"
 9:01:09.649 [CE][Storage] ver:24 stamp:1729, valid:yes, name:"mpmissions\TheCommunity.enoch\storage_666\data\dynamic_010.001"
 9:01:09.649 [CE][Storage] ver:24 stamp:1727, valid:yes, name:"mpmissions\TheCommunity.enoch\storage_666\data\dynamic_010.002"
 9:01:09.649 [CE][Storage] Restoring file "mpmissions\TheCommunity.enoch\storage_666\data\dynamic_010.001" 2171 items.
 9:01:10.133   2171 items loaded.
 9:01:10.133 [CE][Storage] ver:0 stamp:0, valid:NO, name:"mpmissions\TheCommunity.enoch\storage_666\data\dynamic_011.bin"
 9:01:10.133 [CE][Storage] ver:24 stamp:1729, valid:yes, name:"mpmissions\TheCommunity.enoch\storage_666\data\dynamic_011.001"
 9:01:10.133 [CE][Storage] ver:24 stamp:1727, valid:yes, name:"mpmissions\TheCommunity.enoch\storage_666\data\dynamic_011.002"
 9:01:10.133 [CE][Storage] Restoring file "mpmissions\TheCommunity.enoch\storage_666\data\dynamic_011.001" 284 items.
 9:01:10.196   284 items loaded.
 9:01:10.227 [CE][Hive] :: Storage load took:3.99 seconds, recovery stamp:1730
 9:01:10.227   entity: 13638, building: 0
 9:01:10.227   no lifetime: 40
 9:01:10.227 [CE][Hive] :: Initializing ... 
 9:01:10.227 [CE][InitializeMap] :: initialized: 0
 9:01:10.227 [CE][Hive] :: Initializing spawners ... 
 9:01:12.774 [CE][LootRespawner] (PRIDummy) :: Item [0] causing search overtime: "Mag_Nailgun_50n"
 9:01:12.774 [CE][LootRespawner] (PRIDummy) :: Item [1] causing search overtime: "Mag_Nailgun_50n"
 9:01:12.774 [CE][LootRespawner] (PRIDummy) :: Item [2] causing search overtime: "Mag_Nailgun_50n"
 9:01:12.774 [CE][LootRespawner] (PRIDummy) :: Item [3] causing search overtime: "Mag_Nailgun_50n"
 9:01:12.774 [CE][LootRespawner] (PRIDummy) :: Item [4] causing search overtime: "Mag_Nailgun_50n"
 9:01:12.774 [CE][LootRespawner] (PRIDummy) :: Item [5] causing search overtime: "Mag_Nailgun_50n"
 9:01:12.774 [CE][LootRespawner] (PRIDummy) :: Item [6] causing search overtime: "Mag_Nailgun_50n"
 9:01:12.774 [CE][LootRespawner] (PRIDummy) :: Item [7] causing search overtime: "Mag_Nailgun_50n"
 9:01:12.774 [CE][LootRespawner] (PRIDummy) :: Item [8] causing search overtime: "Mag_Nailgun_50n"
 9:01:12.774 [CE][LootRespawner] (PRIDummy) :: Item [9] causing search overtime: "Mag_Nailgun_50n"
 9:01:12.774 [CE][LootRespawner] (PRIDummy) :: Item [10] causing search overtime: "Mag_Nailgun_50n"
 9:01:12.774 [CE][LootRespawner] (PRIDummy) :: Item [11] causing search overtime: "Mag_Nailgun_50n"
 9:01:12.774 [CE][LootRespawner] (PRIDummy) :: Item [12] causing search overtime: "Mag_Nailgun_50n"
 9:01:12.774 [CE][LootRespawner] (PRIDummy) :: Item [13] causing search overtime: "Mag_Nailgun_50n"
 9:01:12.774 [CE][LootRespawner] (PRIDummy) :: Item [14] causing search overtime: "Mag_Nailgun_50n"
 9:01:12.774 [CE][LootRespawner] (PRIDummy) :: Item [15] causing search overtime: "Mag_Nailgun_50n"
 9:01:12.774 [CE][LootRespawner] (PRIDummy) :: Item [16] causing search overtime: "Mag_Nailgun_50n"
 9:01:12.774 [CE][LootRespawner] (PRIDummy) :: Item [17] causing search overtime: "Mag_Nailgun_50n"
 9:01:12.774 [CE][LootRespawner] (PRIDummy) :: Item [18] causing search overtime: "AmmoBox_762x25_25Rnd"
 9:01:12.774 [CE][LootRespawner] (PRIDummy) :: Item [19] causing search overtime: "AmmoBox_762x25_25Rnd"
 9:01:12.821 [CE][LootRespawner] (PRIDummy) :: Item [0] is hard to place, performance drops: "UMP45"
 9:01:12.946 [CE][LootRespawner] (PRIDummy) :: Item [1] is hard to place, performance drops: "Breeches_Blackcheck"
 9:01:12.946 [CE][LootRespawner] (PRIDummy) :: Item [2] is hard to place, performance drops: "UKAssVest_Camo"
 9:01:13.71 [CE][LootRespawner] (PRIDummy) :: Item [3] is hard to place, performance drops: "TTSKOPants"
 9:01:13.71 [CE][LootRespawner] (PRIDummy) :: Item [4] is hard to place, performance drops: "TTSKOPants"
 9:01:13.71 [CE][LootRespawner] (PRIDummy) :: Item [5] is hard to place, performance drops: "TTSKOPants"
 9:01:13.71 [CE][LootRespawner] (PRIDummy) :: Item [6] is hard to place, performance drops: "TTSKOPants"
 9:01:13.71 [CE][LootRespawner] (PRIDummy) :: Item [7] is hard to place, performance drops: "TTSKOPants"
 9:01:13.71 [CE][LootRespawner] (PRIDummy) :: Item [8] is hard to place, performance drops: "Snipe_Mask_Orange"
 9:01:13.258 [CE][LootRespawner] (PRIDummy) :: Item [9] is hard to place, performance drops: "Bandana_PolkaPattern"
 9:01:13.290 [CE][LootRespawner] (PRIDummy) :: Item [10] is hard to place, performance drops: "NBCJacketGray"
 9:01:13.290 [CE][LootRespawner] (PRIDummy) :: Item [11] is hard to place, performance drops: "NBCJacketGray"
 9:01:13.290 [CE][LootRespawner] (PRIDummy) :: Initially (re)spawned:220, Nominal:22572, Total in Map: 13898 at 0 (sec)
 9:01:13.290   tests:237, repeats:5 fails:12, overtime:5594
 9:01:13.290 [CE][DynEvent] :: 33 types
 9:01:13.290 [00] AmbientHen
 9:01:13.290   Primary Spawner: "Ambient", active: yes, repeat: 1
 9:01:13.290 [01] AnimalBear
 9:01:13.290   Primary Spawner: "Animal", active: yes, repeat: 1
 9:01:13.290 [02] AnimalCow
 9:01:13.290   Primary Spawner: "Animal", active: yes, repeat: 1
 9:01:13.290 [03] AnimalDeer
 9:01:13.290   Primary Spawner: "Animal", active: yes, repeat: 1
 9:01:13.290 [04] AnimalGoat
 9:01:13.290   Primary Spawner: "Animal", active: yes, repeat: 1
 9:01:13.290 [05] AnimalPig
 9:01:13.290   Primary Spawner: "Animal", active: yes, repeat: 1
 9:01:13.290 [06] AnimalRoeDeer
 9:01:13.290   Primary Spawner: "Animal", active: yes, repeat: 1
 9:01:13.290 [07] AnimalSheep
 9:01:13.290   Primary Spawner: "Animal", active: yes, repeat: 1
 9:01:13.290 [08] AnimalWildBoar
 9:01:13.290   Primary Spawner: "Animal", active: yes, repeat: 1
 9:01:13.290 [09] AnimalWolf
 9:01:13.290   Primary Spawner: "Animal", active: yes, repeat: 1
 9:01:13.290 [10] InfectedArmy
 9:01:13.290   Primary Spawner: "Infected", active: yes, repeat: 1
 9:01:13.290 [11] InfectedCity
 9:01:13.290   Primary Spawner: "Infected", active: yes, repeat: 1
 9:01:13.290 [12] InfectedFirefighter
 9:01:13.290   Primary Spawner: "Infected", active: yes, repeat: 1
 9:01:13.290 [13] InfectedIndustrial
 9:01:13.290   Primary Spawner: "Infected", active: yes, repeat: 1
 9:01:13.290 [14] InfectedMedic
 9:01:13.290   Primary Spawner: "Infected", active: yes, repeat: 1
 9:01:13.290 [15] InfectedPolice
 9:01:13.290   Primary Spawner: "Infected", active: yes, repeat: 1
 9:01:13.290 [16] InfectedPrisoner
 9:01:13.290   Primary Spawner: "Infected", active: yes, repeat: 1
 9:01:13.290 [17] InfectedReligious
 9:01:13.290   Primary Spawner: "Infected", active: yes, repeat: 1
 9:01:13.290 [18] InfectedSolitude
 9:01:13.290   Primary Spawner: "Infected", active: yes, repeat: 1
 9:01:13.290 [19] InfectedVillage
 9:01:13.290   Primary Spawner: "Infected", active: yes, repeat: 1
 9:01:13.290 [20] ItemPlanks
 9:01:13.290   Primary Spawner: "Item", active: yes, repeat: 1
 9:01:13.290 [21] Loot
 9:01:13.290   Primary Spawner: "Loot", active: yes, repeat: 2
 9:01:13.290 [22] StaticHeliCrash
 9:01:13.290   Primary Spawner: "Vehicle", active: yes, repeat: 1
 9:01:13.290   Secondary Spawner: "Infected", active: yes, repeat: 1
 9:01:13.290 [23] StaticPoliceCar
 9:01:13.290   Primary Spawner: "Vehicle", active: yes, repeat: 1
 9:01:13.290 [24] TrajectoryConiferous
 9:01:13.290   Primary Spawner: "Trajectory", active: yes, repeat: 1
 9:01:13.290 [25] TrajectoryDeciduous
 9:01:13.290   Primary Spawner: "Trajectory", active: yes, repeat: 1
 9:01:13.290 [26] TrajectoryHumus
 9:01:13.290   Primary Spawner: "Trajectory", active: yes, repeat: 1
 9:01:13.290 [27] TrajectoryStones
 9:01:13.290   Primary Spawner: "Trajectory", active: yes, repeat: 1
 9:01:13.290 [28] VehicleCivilianSedan
 9:01:13.290   Primary Spawner: "Vehicle", active: yes, repeat: 1
 9:01:13.290 [29] VehicleHatchback02
 9:01:13.290   Primary Spawner: "Vehicle", active: yes, repeat: 1
 9:01:13.290 [30] VehicleOffroadHatchback
 9:01:13.290   Primary Spawner: "Vehicle", active: yes, repeat: 1
 9:01:13.290 [31] VehicleSedan02
 9:01:13.290   Primary Spawner: "Vehicle", active: yes, repeat: 1
 9:01:13.290 [32] VehicleCrSk_Land_Rover_Defender_110
 9:01:13.290   Primary Spawner: "Vehicle", active: yes, repeat: 1
 9:01:13.290 [CE][Hive] :: Initializing of spawners done.
 9:01:13.290 [CE][Hive] :: Init sequence finished.
 9:01:13.290 Player connect enabled
 9:01:13.743 Average server FPS: 0.06 (measured interval: 30 s)
 9:01:13.743 Used memory: 1361883 KB
 9:01:13.743 Players: 0 in total
 9:01:43.744 Average server FPS: 2626.57 (measured interval: 30 s)
 9:01:43.744 Used memory: 1479830 KB
 9:01:43.744 Players: 0 in total
 9:02:13.855 Average server FPS: 3530.43 (measured interval: 30 s)
 9:02:13.855 Used memory: 1490271 KB
 9:02:13.855 Players: 0 in total
 9:02:43.841 Average server FPS: 3610.40 (measured interval: 30 s)
 9:02:43.841 Used memory: 1497254 KB
 9:02:43.841 Players: 0 in total
 9:03:13.842 Average server FPS: 3322.60 (measured interval: 30 s)
 9:03:13.842 Used memory: 1500702 KB
 9:03:13.842 Players: 0 in total
 9:03:43.843 Average server FPS: 3415.00 (measured interval: 30 s)
 9:03:43.843 Used memory: 1512203 KB
 9:03:43.843 Players: 0 in total
 9:04:13.845 Average server FPS: 3447.70 (measured interval: 30 s)
 9:04:13.845 Used memory: 1516548 KB
 9:04:13.845 Players: 0 in total
 9:04:43.893 Average server FPS: 3453.76 (measured interval: 30 s)
 9:04:43.893 Used memory: 1521549 KB
 9:04:43.893 Players: 0 in total
 9:05:13.879 Average server FPS: 3579.53 (measured interval: 30 s)
 9:05:13.879 Used memory: 1527440 KB
 9:05:13.879 Players: 0 in total
 9:05:43.880 Average server FPS: 3583.23 (measured interval: 30 s)
 9:05:43.880 Used memory: 1541267 KB
 9:05:43.880 Players: 0 in total
 9:06:14.38 Average server FPS: 3672.10 (measured interval: 30 s)
 9:06:14.38 Used memory: 1545730 KB
 9:06:14.38 Players: 0 in total
 9:06:44.117 Average server FPS: 3718.40 (measured interval: 30 s)
 9:06:44.117 Used memory: 1552473 KB
 9:06:44.117 Players: 0 in total
 9:07:14.119 Average server FPS: 3556.20 (measured interval: 30 s)
 9:07:14.119 Used memory: 1559702 KB
 9:07:14.119 Players: 0 in total
 9:07:44.104 Average server FPS: 3816.03 (measured interval: 30 s)
 9:07:44.104 Used memory: 1560456 KB
 9:07:44.104 Players: 0 in total
 9:08:14.231 Average server FPS: 4534.67 (measured interval: 30 s)
 9:08:14.231 Used memory: 1567573 KB
 9:08:14.231 Players: 0 in total
 9:08:44.216 Average server FPS: 7930.30 (measured interval: 30 s)
 9:08:44.216 Used memory: 1567429 KB
 9:08:44.216 Players: 0 in total
 9:09:14.218 Average server FPS: 8015.07 (measured interval: 30 s)
 9:09:14.218 Used memory: 1570127 KB
 9:09:14.218 Players: 0 in total
 9:09:23.500 [CE][LootRespawner] (PRIDummy) :: Item [12] is hard to place, performance drops: "M4A1_RussianFlora"
 9:09:44.219 Average server FPS: 8312.20 (measured interval: 30 s)
 9:09:44.219 Used memory: 1570074 KB
 9:09:44.219 Players: 0 in total
 9:10:14.221 Average server FPS: 8698.57 (measured interval: 30 s)
 9:10:14.221 Used memory: 1569922 KB
 9:10:14.221 Players: 0 in total
 9:10:44.222 Average server FPS: 8549.47 (measured interval: 30 s)
 9:10:44.222 Used memory: 1570336 KB
 9:10:44.222 Players: 0 in total
 9:10:45.113 [CE][LootRespawner] (PRIDummy) :: Item [13] is hard to place, performance drops: "USMCPants_Desert"
 9:11:14.223 Average server FPS: 8564.70 (measured interval: 30 s)
 9:11:14.223 Used memory: 1570859 KB
 9:11:14.223 Players: 0 in total
 9:11:44.225 Average server FPS: 8678.43 (measured interval: 30 s)
 9:11:44.225 Used memory: 1570659 KB
 9:11:44.225 Players: 0 in total
 9:12:06.179 [CE][LootRespawner] (PRIDummy) :: Item [14] is hard to place, performance drops: "TOPVest_vkpo"
 9:12:14.226 Average server FPS: 8684.93 (measured interval: 30 s)
 9:12:14.226 Used memory: 1570550 KB
 9:12:14.226 Players: 0 in total
 9:12:44.227 Average server FPS: 8606.93 (measured interval: 30 s)
 9:12:44.227 Used memory: 1570644 KB
 9:12:44.227 Players: 0 in total
 9:13:00.775 [CE][LootRespawner] (PRIDummy) :: Item [15] is hard to place, performance drops: "TTSKOPants"
 9:13:01.181 [CE][LootRespawner] (PRIDummy) :: Item [16] is hard to place, performance drops: "GorkaPants_LES"
 9:13:01.572 [CE][LootRespawner] (PRIDummy) :: Item [17] is hard to place, performance drops: "BaseballCap_Pink"
 9:13:14.229 Average server FPS: 8648.33 (measured interval: 30 s)
 9:13:14.229 Used memory: 1570755 KB
 9:13:14.229 Players: 0 in total
 9:13:27.573 [CE][LootRespawner] (PRIDummy) :: Item [18] is hard to place, performance drops: "SlacksPants_Blue"
 9:13:27.776 [CE][LootRespawner] (PRIDummy) :: Item [19] is hard to place, performance drops: "Breeches_Green"
 9:13:44.215 Average server FPS: 8611.43 (measured interval: 30 s)
 9:13:44.215 Used memory: 1570963 KB
 9:13:44.215 Players: 0 in total
 9:14:14.216 Average server FPS: 8645.07 (measured interval: 30 s)
 9:14:14.216 Used memory: 1571076 KB
 9:14:14.216 Players: 0 in total
 9:14:44.217 Average server FPS: 8649.73 (measured interval: 30 s)
 9:14:44.217 Used memory: 1570852 KB
 9:14:44.217 Players: 0 in total
 9:15:14.219 Average server FPS: 8656.63 (measured interval: 30 s)
 9:15:14.219 Used memory: 1570765 KB
 9:15:14.219 Players: 0 in total
 9:15:44.220 Average server FPS: 8653.90 (measured interval: 30 s)
 9:15:44.220 Used memory: 1570557 KB
 9:15:44.220 Players: 0 in total
 9:16:14.221 Average server FPS: 8215.20 (measured interval: 30 s)
 9:16:14.221 Used memory: 1570453 KB
 9:16:14.221 Players: 0 in total
 9:16:44.223 Average server FPS: 8622.47 (measured interval: 30 s)
 9:16:44.223 Used memory: 1569938 KB
 9:16:44.223 Players: 0 in total
 9:17:14.224 Average server FPS: 8642.47 (measured interval: 30 s)
 9:17:14.224 Used memory: 1570216 KB
 9:17:14.224 Players: 0 in total
 9:17:44.226 Average server FPS: 8618.50 (measured interval: 30 s)
 9:17:44.226 Used memory: 1571196 KB
 9:17:44.226 Players: 0 in total
 9:18:14.227 Average server FPS: 8574.10 (measured interval: 30 s)
 9:18:14.227 Used memory: 1571074 KB
 9:18:14.227 Players: 0 in total
 9:18:44.228 Average server FPS: 8531.00 (measured interval: 30 s)
 9:18:44.228 Used memory: 1570956 KB
 9:18:44.228 Players: 0 in total
 9:19:14.230 Average server FPS: 8650.90 (measured interval: 30 s)
 9:19:14.230 Used memory: 1571924 KB
 9:19:14.230 Players: 0 in total
 9:19:44.215 Average server FPS: 8654.93 (measured interval: 30 s)
 9:19:44.215 Used memory: 1571858 KB
 9:19:44.215 Players: 0 in total
 9:20:14.217 Average server FPS: 8664.63 (measured interval: 30 s)
 9:20:14.217 Used memory: 1571806 KB
 9:20:14.217 Players: 0 in total
 9:20:44.218 Average server FPS: 8695.20 (measured interval: 30 s)
 9:20:44.218 Used memory: 1571825 KB
 9:20:44.218 Players: 0 in total
 9:21:14.220 Average server FPS: 8695.00 (measured interval: 30 s)
 9:21:14.220 Used memory: 1571342 KB
 9:21:14.220 Players: 0 in total
 9:21:44.221 Average server FPS: 8577.40 (measured interval: 30 s)
 9:21:44.221 Used memory: 1571225 KB
 9:21:44.221 Players: 0 in total
 9:22:14.222 Average server FPS: 8692.33 (measured interval: 30 s)
 9:22:14.222 Used memory: 1570983 KB
 9:22:14.222 Players: 0 in total
 9:22:44.224 Average server FPS: 8689.43 (measured interval: 30 s)
 9:22:44.224 Used memory: 1570640 KB
 9:22:44.224 Players: 0 in total
 9:23:14.225 Average server FPS: 8674.63 (measured interval: 30 s)
 9:23:14.225 Used memory: 1570923 KB
 9:23:14.225 Players: 0 in total
 9:23:44.226 Average server FPS: 8612.90 (measured interval: 30 s)
 9:23:44.226 Used memory: 1571525 KB
 9:23:44.226 Players: 0 in total
 9:24:14.228 Average server FPS: 8667.13 (measured interval: 30 s)
 9:24:14.228 Used memory: 1572057 KB
 9:24:14.228 Players: 0 in total
 9:24:44.229 Average server FPS: 8684.50 (measured interval: 30 s)
 9:24:44.229 Used memory: 1571886 KB
 9:24:44.229 Players: 0 in total
 9:25:14.215 Average server FPS: 8677.50 (measured interval: 30 s)
 9:25:14.215 Used memory: 1571655 KB
 9:25:14.215 Players: 0 in total
 9:25:44.216 Average server FPS: 8699.30 (measured interval: 30 s)
 9:25:44.216 Used memory: 1571151 KB
 9:25:44.216 Players: 0 in total
 9:26:14.218 Average server FPS: 8691.30 (measured interval: 30 s)
 9:26:14.218 Used memory: 1570874 KB
 9:26:14.218 Players: 0 in total
 9:26:44.219 Average server FPS: 8673.43 (measured interval: 30 s)
 9:26:44.219 Used memory: 1570861 KB
 9:26:44.219 Players: 0 in total
 9:27:14.220 Average server FPS: 8688.13 (measured interval: 30 s)
 9:27:14.220 Used memory: 1570512 KB
 9:27:14.220 Players: 0 in total
 9:27:44.222 Average server FPS: 8667.60 (measured interval: 30 s)
 9:27:44.222 Used memory: 1570166 KB
 9:27:44.222 Players: 0 in total
 9:28:14.223 Average server FPS: 8625.50 (measured interval: 30 s)
 9:28:14.223 Used memory: 1570434 KB
 9:28:14.223 Players: 0 in total
 9:28:44.224 Average server FPS: 8569.37 (measured interval: 30 s)
 9:28:44.224 Used memory: 1571406 KB
 9:28:44.224 Players: 0 in total
 9:29:14.226 Average server FPS: 8684.53 (measured interval: 30 s)
 9:29:14.226 Used memory: 1571845 KB
 9:29:14.226 Players: 0 in total
 9:29:38.508 [CE][Links] found 0 total links between groups, of 1
 9:29:38.508 [CE][SpawnRandomLoot] (StaticPoliceCar) :: ChildType: Land_Wreck_Volha_Police, lootmin: 3, lootmax: 5, wanted: 4
 9:29:38.508 [CE][Links] found 0 total links between groups, of 2
 9:29:38.508 [CE][SpawnRandomLoot] (StaticPoliceCar) :: ChildType: Land_Wreck_Volha_Police, lootmin: 3, lootmax: 5, wanted: 3
 9:29:38.524 [CE][Links] found 0 total links between groups, of 3
 9:29:38.524 [CE][SpawnRandomLoot] (StaticPoliceCar) :: ChildType: Land_Wreck_Volha_Police, lootmin: 3, lootmax: 5, wanted: 3
 9:29:38.524 [CE][Links] found 0 total links between groups, of 4
 9:29:38.524 [CE][SpawnRandomLoot] (StaticPoliceCar) :: ChildType: Land_Wreck_Volha_Police, lootmin: 3, lootmax: 5, wanted: 3
 9:29:38.555 [CE][Links] found 0 total links between groups, of 5
 9:29:38.555 [CE][SpawnRandomLoot] (StaticPoliceCar) :: ChildType: Land_Wreck_Volha_Police, lootmin: 3, lootmax: 5, wanted: 3
 9:29:38.555 [CE][Links] found 0 total links between groups, of 6
 9:29:38.555 [CE][SpawnRandomLoot] (StaticPoliceCar) :: ChildType: Land_Wreck_Volha_Police, lootmin: 3, lootmax: 5, wanted: 4
 9:29:38.571 [CE][Links] found 0 total links between groups, of 7
 9:29:38.571 [CE][SpawnRandomLoot] (StaticPoliceCar) :: ChildType: Land_Wreck_Volha_Police, lootmin: 3, lootmax: 5, wanted: 4
 9:29:38.571 [CE][Links] found 0 total links between groups, of 8
 9:29:38.571 [CE][SpawnRandomLoot] (StaticPoliceCar) :: ChildType: Land_Wreck_Volha_Police, lootmin: 3, lootmax: 5, wanted: 4
 9:29:38.571 [CE][Links] found 0 total links between groups, of 9
 9:29:38.571 [CE][SpawnRandomLoot] (StaticPoliceCar) :: ChildType: Land_Wreck_Volha_Police, lootmin: 3, lootmax: 5, wanted: 4
 9:29:38.586 [CE][Links] found 0 total links between groups, of 10
 9:29:38.586 [CE][SpawnRandomLoot] (StaticPoliceCar) :: ChildType: Land_Wreck_Volha_Police, lootmin: 3, lootmax: 5, wanted: 4
 9:29:44.290 Average server FPS: 7759.54 (measured interval: 30 s)
 9:29:44.290 Used memory: 1573565 KB
 9:29:44.290 Players: 0 in total
 9:30:14.275 Average server FPS: 8370.73 (measured interval: 30 s)
 9:30:14.275 Used memory: 1573014 KB
 9:30:14.275 Players: 0 in total
 9:30:19.325  --- Termination successfully completed --- 
