

=====================================================================
== D:\DayZServers\TheCommunity_enochTest\EnochTestServer_x64.exe
== "D:\DayZServers\TheCommunity_enochTest\EnochTestServer_x64.exe"  -port=2442 "-mod=@CF;@Community-Online-Tools;@BuildAnywhere;@BaseBuildingLogs;@Trader;@BaseBuildingPlus;@Durable_Suppressors;@VanillaPlusPlusMap;@Ear-Plugs;@Catch_Rain;@DayZ-Expansion-Notifications;@DayZ-Expansion-Chat;@No_Shoe_Damage;@Airdrop-Upgraded;@Ammo_Making;@Banking;@Unlimited_Stamina;@BuilderItems;@Camosplus;@CannabisPlus;@CheckIdentity;@Code_Lock;@Dayz_Navigation;@FIDOv_PACK_4;@FlipTransport;@GoreZ;@IRP-Land-Rover-Defender-110;@KillFeed;@NoVehicleDamage;@PartyMe;@Modular_Vest_System;@MuchStuffPack;@Specialist_Weapon_Pack;" -config=D:\DayZServers\TheCommunity_enochTest\TheCommunityDZTest.cfg -profiles=TheEnochTestServer -BEPath=D:\DayZServers\TheCommunity_enochTest\battleye -filePatching -adminlog -netlog -freezecheck -scrAllowFileWrite
=====================================================================
Exe timestamp: 2020/03/14 00:03:02
Current time:  2020/04/04 19:51:01

Version 1.07.153006
19:51:01.153 [Inputs] Loading inputs default "bin/constants.xml"
19:51:01.168 [Inputs] Loading inputs default "bin/specific.xml"
19:51:01.168 !!! [Inputs] Invalid input name used "UAUIInspectItem" for context "ui" in "bin/specific.xml"
19:51:01.168 !!! [Inputs] Attempt to register duplicate Modded-Inputs file "VanillaPPMap/data/modded_Inputs.xml"
19:51:01.168 [Inputs] Loading inputs default "EarPlugs\data\inputs.xml"
19:51:01.168 [Inputs] Loading inputs default "JM/COT/scripts/Data/Inputs.xml"
19:51:01.168 [Inputs] Loading inputs default "KillFeed/inputs/Inputs.xml"
19:51:01.168 [Inputs] Loading inputs default "partyme/scripts/partyme_inputs.xml"
19:51:01.168 [Inputs] Loading inputs default "VanillaPPMap/data/modded_Inputs.xml"
19:51:01.168 [Inputs] Loading inputs default "BaseBuildingPlus/Scripts/Data/Inputs.xml"
19:51:01.168 [Inputs] Loading inputs default "VanillaPPMap/data/modded_Inputs.xml"
19:51:01.168 !!! [Inputs] Attempt to register duplicate input "UAOpenVPPMap"
19:51:01.168 !!! [Inputs] Attempt to register duplicate input "UAToggleVPPMap3DMarkers"
19:51:01.168 [Inputs] Loading inputs cfg "TheEnochTestServer\Users\Survivor\Server.core.xml"
19:51:01.168 [Inputs] Exporting inputs cfg "TheEnochTestServer\Users\Survivor\Server.core.xml"
19:51:01.590 !!! [Inputs] Attempt to register "PMHideShowTrackers" input twice
19:51:54.171 [CE][Hive] :: Initializing OFFLINE
19:51:54.171 [CE][Hive] :: Loading core data ... 
19:51:54.171 [CE][CoreData] :: 7 root classes, 19 defaults, 0 updaters...
19:52:06.468 [CE][RegisterBind] :: 0 classes binded...
19:52:06.468 [CE][RegisterConfig] :: 7377 config classes registered, 0 sub-counters...
19:52:06.468 [CE][Hive] :: Loading map data ... 
19:52:06.531 !!! [CE] :: Unknown category: 'vehicleparts'.
19:52:06.531 !!! [CE] :: Unknown category: 'vehicleparts'.
19:52:06.531 !!! [CE] :: Unknown category: 'vehicleparts'.
19:52:06.531 !!! [CE] :: Unknown category: 'vehicleparts'.
19:52:06.531 !!! [CE] :: Unknown category: 'vehicleparts'.
19:52:06.531 !!! [CE] :: Unknown category: 'vehicleparts'.
19:52:06.531 !!! [CE] :: Unknown category: 'vehicleparts'.
19:52:06.531 !!! [CE] :: Unknown category: 'vehicleparts'.
19:52:06.531 !!! [CE] :: Unknown category: 'vehicleparts'.
19:52:06.531 !!! [CE] :: Unknown category: 'vehicleparts'.
19:52:06.531 !!! [CE] :: Unknown category: 'vehicleparts'.
19:52:06.531 !!! [CE] :: Unknown category: 'vehicleparts'.
19:52:06.531 !!! [CE] :: Unknown category: 'vehicleparts'.
19:52:06.531 !!! [CE] :: Unknown category: 'vehicleparts'.
19:52:06.531 !!! [CE] :: Unknown category: 'vehicleparts'.
19:52:06.531 !!! [CE] :: Unknown category: 'vehicleparts'.
19:52:06.531 !!! [CE] :: Unknown category: 'vehicleparts'.
19:52:06.531 !!! [CE] :: Unknown category: 'vehicleparts'.
19:52:06.531 !!! [CE] :: Unknown category: 'vehicleparts'.
19:52:06.531 !!! [CE] :: Unknown category: 'vehicleparts'.
19:52:06.531 !!! [CE] :: Unknown category: 'vehicleparts'.
19:52:06.531 !!! [CE] :: Unknown category: 'vehicleparts'.
19:52:06.531 !!! [CE] :: Unknown category: 'vehicleparts'.
19:52:06.531 !!! [CE] :: Unknown category: 'vehicleparts'.
19:52:06.531 [CE][LoadPrototype] :: loaded 330 prototypes
19:52:06.531   702 containers, 9116 points
19:52:06.531   24 dispatches, 90 proxies
19:52:06.531 !!! [CE][LoadPrototype] 12 groups have no points...
19:52:06.531 !!![CE][LoadPrototype]  3 groups have wrong points...
19:52:06.531 [CE][LoadPrototype] :: last group name: Land_Lunapark_Autodrome...
19:52:06.531 [CE][LoadPrototype] :: loaded 0 prototypes
19:52:06.531   0 containers, 0 points
19:52:06.531   0 dispatches, 0 proxies
19:52:06.531 [CE][LoadPrototype] :: last group name: PathD_7100...
19:52:06.859 [CE][LoadMap] "Group" :: loaded 5086 groups, largest group range: 26.9
19:52:06.859 [CE][LoadMap] "Dirt" :: loaded 0 groups, largest group range: 26.9
19:52:06.968 [CE][Links] found 354 total links between groups, of 5086
19:52:06.968 [CE][LoadClusters] "Cluster" :: Loading files...
19:52:07.156 [CE][LoadClusters] :: file: "mapgroupcluster.xml", 4 types, 50000 instances
19:52:07.375 [CE][LoadClusters] :: file: "mapgroupcluster01", 4 types, 50000 instances
19:52:07.593 [CE][LoadClusters] :: file: "mapgroupcluster02", 4 types, 50000 instances
19:52:07.797 [CE][LoadClusters] :: file: "mapgroupcluster03", 4 types, 50000 instances
19:52:07.906 [CE][LoadClusters] :: file: "mapgroupcluster04", 4 types, 21297 instances
19:52:07.906 [CE][Storage] ver:21 stamp:28992, valid:yes, name:"mpmissions\TheCommunity.enoch\storage_666\data\types.bin"
19:52:07.906 [CE][Storage] ver:21 stamp:28989, valid:yes, name:"mpmissions\TheCommunity.enoch\storage_666\data\types.001"
19:52:07.906 [CE][Storage] ver:21 stamp:28990, valid:yes, name:"mpmissions\TheCommunity.enoch\storage_666\data\types.002"
19:52:07.906 [CE][Storage] Restoring file "mpmissions\TheCommunity.enoch\storage_666\data\types.bin".
19:52:08.00 [CE][offlineDB] :: Loaded 33 dynamic events 215 total types 0 total positions.
19:52:08.31 !!! [CE][offlineDB] :: Failed to read 'db/types.xml' file.
19:52:08.31 [CE][Storage] ver:21 stamp:28992, valid:yes, name:"mpmissions\TheCommunity.enoch\storage_666\data\events.bin"
19:52:08.31 [CE][Storage] ver:21 stamp:28989, valid:yes, name:"mpmissions\TheCommunity.enoch\storage_666\data\events.001"
19:52:08.31 [CE][Storage] ver:21 stamp:28990, valid:yes, name:"mpmissions\TheCommunity.enoch\storage_666\data\events.002"
19:52:08.31 [CE][Storage] Restoring file "mpmissions\TheCommunity.enoch\storage_666\data\events.bin".
19:52:08.31 [CE][DynamicEvent] Load  Events:[33] Primary spawners: 33 Secondary spawners: 1
19:52:08.31 [CE][Storage] ver:24 stamp:28992, valid:yes, name:"mpmissions\TheCommunity.enoch\storage_666\data\vehicles.bin"
19:52:08.31 [CE][Storage] ver:24 stamp:28989, valid:yes, name:"mpmissions\TheCommunity.enoch\storage_666\data\vehicles.001"
19:52:08.31 [CE][Storage] ver:24 stamp:28990, valid:yes, name:"mpmissions\TheCommunity.enoch\storage_666\data\vehicles.002"
19:52:08.31 [CE][Storage] Restoring file "mpmissions\TheCommunity.enoch\storage_666\data\vehicles.bin" 27 items.
19:52:08.109   27 items loaded.
19:52:08.109 [CE][Storage] ver:0 stamp:0, valid:NO, name:"mpmissions\TheCommunity.enoch\storage_666\data\dynamic_000.bin"
19:52:08.109 [CE][Storage] ver:24 stamp:28989, valid:yes, name:"mpmissions\TheCommunity.enoch\storage_666\data\dynamic_000.001"
19:52:08.109 [CE][Storage] ver:24 stamp:28990, valid:yes, name:"mpmissions\TheCommunity.enoch\storage_666\data\dynamic_000.002"
19:52:08.109 [CE][Storage] Restoring file "mpmissions\TheCommunity.enoch\storage_666\data\dynamic_000.002" 10 items.
19:52:08.109   10 items loaded.
19:52:08.109 [CE][Storage] ver:0 stamp:0, valid:NO, name:"mpmissions\TheCommunity.enoch\storage_666\data\dynamic_001.bin"
19:52:08.109 [CE][Storage] ver:24 stamp:28989, valid:yes, name:"mpmissions\TheCommunity.enoch\storage_666\data\dynamic_001.001"
19:52:08.109 [CE][Storage] ver:24 stamp:28990, valid:yes, name:"mpmissions\TheCommunity.enoch\storage_666\data\dynamic_001.002"
19:52:08.109 [CE][Storage] Restoring file "mpmissions\TheCommunity.enoch\storage_666\data\dynamic_001.002" 94 items.
19:52:08.156   94 items loaded.
19:52:08.156 [CE][Storage] ver:0 stamp:0, valid:NO, name:"mpmissions\TheCommunity.enoch\storage_666\data\dynamic_002.bin"
19:52:08.156 [CE][Storage] ver:24 stamp:28989, valid:yes, name:"mpmissions\TheCommunity.enoch\storage_666\data\dynamic_002.001"
19:52:08.156 [CE][Storage] ver:24 stamp:28990, valid:yes, name:"mpmissions\TheCommunity.enoch\storage_666\data\dynamic_002.002"
19:52:08.156 [CE][Storage] Restoring file "mpmissions\TheCommunity.enoch\storage_666\data\dynamic_002.002" 24 items.
19:52:08.156   24 items loaded.
19:52:08.172 [CE][Storage] ver:0 stamp:0, valid:NO, name:"mpmissions\TheCommunity.enoch\storage_666\data\dynamic_003.bin"
19:52:08.172 [CE][Storage] ver:24 stamp:28989, valid:yes, name:"mpmissions\TheCommunity.enoch\storage_666\data\dynamic_003.001"
19:52:08.172 [CE][Storage] ver:24 stamp:28990, valid:yes, name:"mpmissions\TheCommunity.enoch\storage_666\data\dynamic_003.002"
19:52:08.172 [CE][Storage] Restoring file "mpmissions\TheCommunity.enoch\storage_666\data\dynamic_003.002" 56 items.
19:52:08.172   56 items loaded.
19:52:08.172 [CE][Storage] ver:0 stamp:0, valid:NO, name:"mpmissions\TheCommunity.enoch\storage_666\data\dynamic_004.bin"
19:52:08.187 [CE][Storage] ver:24 stamp:28989, valid:yes, name:"mpmissions\TheCommunity.enoch\storage_666\data\dynamic_004.001"
19:52:08.187 [CE][Storage] ver:24 stamp:28990, valid:yes, name:"mpmissions\TheCommunity.enoch\storage_666\data\dynamic_004.002"
19:52:08.187 [CE][Storage] Restoring file "mpmissions\TheCommunity.enoch\storage_666\data\dynamic_004.002" 51 items.
19:52:08.203   51 items loaded.
19:52:08.203 [CE][Storage] ver:0 stamp:0, valid:NO, name:"mpmissions\TheCommunity.enoch\storage_666\data\dynamic_005.bin"
19:52:08.203 [CE][Storage] ver:24 stamp:28989, valid:yes, name:"mpmissions\TheCommunity.enoch\storage_666\data\dynamic_005.001"
19:52:08.203 [CE][Storage] ver:24 stamp:28990, valid:yes, name:"mpmissions\TheCommunity.enoch\storage_666\data\dynamic_005.002"
19:52:08.203 [CE][Storage] Restoring file "mpmissions\TheCommunity.enoch\storage_666\data\dynamic_005.002" 62 items.
19:52:08.218   62 items loaded.
19:52:08.218 [CE][Storage] ver:0 stamp:0, valid:NO, name:"mpmissions\TheCommunity.enoch\storage_666\data\dynamic_006.bin"
19:52:08.218 [CE][Storage] ver:24 stamp:28989, valid:yes, name:"mpmissions\TheCommunity.enoch\storage_666\data\dynamic_006.001"
19:52:08.218 [CE][Storage] ver:24 stamp:28990, valid:yes, name:"mpmissions\TheCommunity.enoch\storage_666\data\dynamic_006.002"
19:52:08.218 [CE][Storage] Restoring file "mpmissions\TheCommunity.enoch\storage_666\data\dynamic_006.002" 54 items.
19:52:08.250   54 items loaded.
19:52:08.250 [CE][Storage] ver:0 stamp:0, valid:NO, name:"mpmissions\TheCommunity.enoch\storage_666\data\dynamic_007.bin"
19:52:08.250 [CE][Storage] ver:24 stamp:28989, valid:yes, name:"mpmissions\TheCommunity.enoch\storage_666\data\dynamic_007.001"
19:52:08.250 [CE][Storage] ver:24 stamp:28990, valid:yes, name:"mpmissions\TheCommunity.enoch\storage_666\data\dynamic_007.002"
19:52:08.250 [CE][Storage] Restoring file "mpmissions\TheCommunity.enoch\storage_666\data\dynamic_007.002" 36 items.
19:52:08.250   36 items loaded.
19:52:08.250 [CE][Storage] ver:0 stamp:0, valid:NO, name:"mpmissions\TheCommunity.enoch\storage_666\data\dynamic_008.bin"
19:52:08.250 [CE][Storage] ver:24 stamp:28989, valid:yes, name:"mpmissions\TheCommunity.enoch\storage_666\data\dynamic_008.001"
19:52:08.250 [CE][Storage] ver:24 stamp:28990, valid:yes, name:"mpmissions\TheCommunity.enoch\storage_666\data\dynamic_008.002"
19:52:08.250 [CE][Storage] Restoring file "mpmissions\TheCommunity.enoch\storage_666\data\dynamic_008.002" 31 items.
19:52:08.265   31 items loaded.
19:52:08.265 [CE][Storage] ver:0 stamp:0, valid:NO, name:"mpmissions\TheCommunity.enoch\storage_666\data\dynamic_009.bin"
19:52:08.265 [CE][Storage] ver:24 stamp:28989, valid:yes, name:"mpmissions\TheCommunity.enoch\storage_666\data\dynamic_009.001"
19:52:08.265 [CE][Storage] ver:24 stamp:28990, valid:yes, name:"mpmissions\TheCommunity.enoch\storage_666\data\dynamic_009.002"
19:52:08.265 [CE][Storage] Restoring file "mpmissions\TheCommunity.enoch\storage_666\data\dynamic_009.002" 22 items.
19:52:08.281   22 items loaded.
19:52:08.281 [CE][Storage] ver:0 stamp:0, valid:NO, name:"mpmissions\TheCommunity.enoch\storage_666\data\dynamic_010.bin"
19:52:08.281 [CE][Storage] ver:24 stamp:28989, valid:yes, name:"mpmissions\TheCommunity.enoch\storage_666\data\dynamic_010.001"
19:52:08.281 [CE][Storage] ver:24 stamp:28990, valid:yes, name:"mpmissions\TheCommunity.enoch\storage_666\data\dynamic_010.002"
19:52:08.281 [CE][Storage] Restoring file "mpmissions\TheCommunity.enoch\storage_666\data\dynamic_010.002" 121 items.
19:52:08.297   121 items loaded.
19:52:08.312 [CE][Storage] ver:0 stamp:0, valid:NO, name:"mpmissions\TheCommunity.enoch\storage_666\data\dynamic_011.bin"
19:52:08.312 [CE][Storage] ver:24 stamp:28989, valid:yes, name:"mpmissions\TheCommunity.enoch\storage_666\data\dynamic_011.001"
19:52:08.312 [CE][Storage] ver:24 stamp:28990, valid:yes, name:"mpmissions\TheCommunity.enoch\storage_666\data\dynamic_011.002"
19:52:08.312 [CE][Storage] Restoring file "mpmissions\TheCommunity.enoch\storage_666\data\dynamic_011.002" 18 items.
19:52:08.312   18 items loaded.
19:52:08.328 [CE][Hive] :: Storage load took:0.30 seconds, recovery stamp:28992
19:52:08.328   entity: 809, building: 0
19:52:08.328   no lifetime: 27
19:52:08.328 [CE][Hive] :: Initializing ... 
19:52:08.328 [CE][InitializeMap] :: initialized: 0
19:52:08.328 [CE][Hive] :: Initializing spawners ... 
19:52:08.328 [CE][DynEvent] :: 33 types
19:52:08.328 [00] AmbientHen
19:52:08.328   Primary Spawner: "Ambient", active: yes, repeat: 1
19:52:08.328 [01] AnimalBear
19:52:08.328   Primary Spawner: "Animal", active: yes, repeat: 1
19:52:08.328 [02] AnimalCow
19:52:08.328   Primary Spawner: "Animal", active: yes, repeat: 1
19:52:08.328 [03] AnimalDeer
19:52:08.328   Primary Spawner: "Animal", active: yes, repeat: 1
19:52:08.328 [04] AnimalGoat
19:52:08.328   Primary Spawner: "Animal", active: yes, repeat: 1
19:52:08.328 [05] AnimalPig
19:52:08.328   Primary Spawner: "Animal", active: yes, repeat: 1
19:52:08.328 [06] AnimalRoeDeer
19:52:08.328   Primary Spawner: "Animal", active: yes, repeat: 1
19:52:08.328 [07] AnimalSheep
19:52:08.328   Primary Spawner: "Animal", active: yes, repeat: 1
19:52:08.328 [08] AnimalWildBoar
19:52:08.328   Primary Spawner: "Animal", active: yes, repeat: 1
19:52:08.328 [09] AnimalWolf
19:52:08.328   Primary Spawner: "Animal", active: yes, repeat: 1
19:52:08.328 [10] InfectedArmy
19:52:08.328   Primary Spawner: "Infected", active: yes, repeat: 1
19:52:08.328 [11] InfectedCity
19:52:08.328   Primary Spawner: "Infected", active: yes, repeat: 1
19:52:08.328 [12] InfectedFirefighter
19:52:08.328   Primary Spawner: "Infected", active: yes, repeat: 1
19:52:08.328 [13] InfectedIndustrial
19:52:08.328   Primary Spawner: "Infected", active: yes, repeat: 1
19:52:08.328 [14] InfectedMedic
19:52:08.328   Primary Spawner: "Infected", active: yes, repeat: 1
19:52:08.328 [15] InfectedPolice
19:52:08.328   Primary Spawner: "Infected", active: yes, repeat: 1
19:52:08.328 [16] InfectedPrisoner
19:52:08.328   Primary Spawner: "Infected", active: yes, repeat: 1
19:52:08.328 [17] InfectedReligious
19:52:08.328   Primary Spawner: "Infected", active: yes, repeat: 1
19:52:08.328 [18] InfectedSolitude
19:52:08.328   Primary Spawner: "Infected", active: yes, repeat: 1
19:52:08.328 [19] InfectedVillage
19:52:08.328   Primary Spawner: "Infected", active: yes, repeat: 1
19:52:08.328 [20] ItemPlanks
19:52:08.328   Primary Spawner: "Item", active: yes, repeat: 1
19:52:08.328 [21] Loot
19:52:08.328   Primary Spawner: "Loot", active: yes, repeat: 2
19:52:08.328 [22] StaticHeliCrash
19:52:08.328   Primary Spawner: "Vehicle", active: yes, repeat: 1
19:52:08.328   Secondary Spawner: "Infected", active: yes, repeat: 1
19:52:08.328 [23] StaticPoliceCar
19:52:08.328   Primary Spawner: "Vehicle", active: yes, repeat: 1
19:52:08.328 [24] TrajectoryConiferous
19:52:08.328   Primary Spawner: "Trajectory", active: yes, repeat: 1
19:52:08.328 [25] TrajectoryDeciduous
19:52:08.328   Primary Spawner: "Trajectory", active: yes, repeat: 1
19:52:08.328 [26] TrajectoryHumus
19:52:08.328   Primary Spawner: "Trajectory", active: yes, repeat: 1
19:52:08.328 [27] TrajectoryStones
19:52:08.328   Primary Spawner: "Trajectory", active: yes, repeat: 1
19:52:08.328 [28] VehicleCivilianSedan
19:52:08.328   Primary Spawner: "Vehicle", active: yes, repeat: 1
19:52:08.328 [29] VehicleHatchback02
19:52:08.328   Primary Spawner: "Vehicle", active: yes, repeat: 1
19:52:08.328 [30] VehicleOffroadHatchback
19:52:08.328   Primary Spawner: "Vehicle", active: yes, repeat: 1
19:52:08.328 [31] VehicleSedan02
19:52:08.328   Primary Spawner: "Vehicle", active: yes, repeat: 1
19:52:08.328 [32] VehicleCrSk_Land_Rover_Defender_110
19:52:08.328   Primary Spawner: "Vehicle", active: yes, repeat: 1
19:52:08.328 [CE][Hive] :: Initializing of spawners done.
19:52:08.328 [CE][Hive] :: Init sequence finished.
19:52:08.328 Player connect enabled
19:52:08.390 Average server FPS: 0.06 (measured interval: 30 s)
19:52:08.390 Used memory: 1185726 KB
19:52:08.390 Players: 0 in total
19:52:38.392 Average server FPS: 3782.77 (measured interval: 30 s)
19:52:38.392 Used memory: 1247289 KB
19:52:38.392 Players: 0 in total
19:53:08.424 Average server FPS: 4282.03 (measured interval: 30 s)
19:53:08.424 Used memory: 1255109 KB
19:53:08.424 Players: 0 in total
19:53:38.457 Average server FPS: 4025.11 (measured interval: 30 s)
19:53:38.457 Used memory: 1268083 KB
19:53:38.457 Players: 0 in total
19:54:08.599 Average server FPS: 4185.52 (measured interval: 30 s)
19:54:08.599 Used memory: 1275264 KB
19:54:08.599 Players: 0 in total
19:54:38.678 Average server FPS: 3972.14 (measured interval: 30 s)
19:54:38.678 Used memory: 1287600 KB
19:54:38.678 Players: 0 in total
19:55:08.664 Average server FPS: 4195.43 (measured interval: 30 s)
19:55:08.664 Used memory: 1295988 KB
19:55:08.664 Players: 0 in total
19:55:38.837 Average server FPS: 4084.32 (measured interval: 30 s)
19:55:38.837 Used memory: 1306507 KB
19:55:38.837 Players: 0 in total
19:56:08.823 Average server FPS: 4285.22 (measured interval: 30 s)
19:56:08.823 Used memory: 1316724 KB
19:56:08.823 Players: 0 in total
19:56:38.840 Average server FPS: 4118.15 (measured interval: 30 s)
19:56:38.840 Used memory: 1323510 KB
19:56:38.840 Players: 0 in total
19:57:08.857 Average server FPS: 4120.77 (measured interval: 30 s)
19:57:08.857 Used memory: 1328158 KB
19:57:08.857 Players: 0 in total
19:57:38.859 Average server FPS: 6969.80 (measured interval: 30 s)
19:57:38.859 Used memory: 1328404 KB
19:57:38.859 Players: 0 in total
19:58:08.844 Average server FPS: 11846.00 (measured interval: 30 s)
19:58:08.844 Used memory: 1328400 KB
19:58:08.844 Players: 0 in total
19:58:38.846 Average server FPS: 11999.33 (measured interval: 30 s)
19:58:38.846 Used memory: 1328400 KB
19:58:38.846 Players: 0 in total
19:59:08.847 Average server FPS: 11987.17 (measured interval: 30 s)
19:59:08.847 Used memory: 1328400 KB
19:59:08.847 Players: 0 in total
19:59:38.848 Average server FPS: 11934.97 (measured interval: 30 s)
19:59:38.848 Used memory: 1328400 KB
19:59:38.848 Players: 0 in total
20:00:08.850 Average server FPS: 11995.67 (measured interval: 30 s)
20:00:08.850 Used memory: 1328400 KB
20:00:08.850 Players: 0 in total
20:00:38.851 Average server FPS: 11992.53 (measured interval: 30 s)
20:00:38.851 Used memory: 1328400 KB
20:00:38.851 Players: 0 in total
20:01:08.852 Average server FPS: 11993.70 (measured interval: 30 s)
20:01:08.852 Used memory: 1328400 KB
20:01:08.852 Players: 0 in total
20:01:38.854 Average server FPS: 11997.27 (measured interval: 30 s)
20:01:38.854 Used memory: 1328400 KB
20:01:38.854 Players: 0 in total
20:02:08.855 Average server FPS: 11972.03 (measured interval: 30 s)
20:02:08.855 Used memory: 1328393 KB
20:02:08.855 Players: 0 in total
20:02:38.857 Average server FPS: 11992.03 (measured interval: 30 s)
20:02:38.857 Used memory: 1328393 KB
20:02:38.857 Players: 0 in total
20:03:08.858 Average server FPS: 11980.53 (measured interval: 30 s)
20:03:08.858 Used memory: 1328393 KB
20:03:08.858 Players: 0 in total
20:03:38.844 Average server FPS: 11992.33 (measured interval: 30 s)
20:03:38.844 Used memory: 1328393 KB
20:03:38.844 Players: 0 in total
20:04:08.845 Average server FPS: 11988.43 (measured interval: 30 s)
20:04:08.845 Used memory: 1328393 KB
20:04:08.845 Players: 0 in total
20:04:38.846 Average server FPS: 11940.87 (measured interval: 30 s)
20:04:38.846 Used memory: 1328393 KB
20:04:38.846 Players: 0 in total
20:05:08.848 Average server FPS: 11989.73 (measured interval: 30 s)
20:05:08.848 Used memory: 1328393 KB
20:05:08.848 Players: 0 in total
20:05:38.849 Average server FPS: 11985.00 (measured interval: 30 s)
20:05:38.849 Used memory: 1328393 KB
20:05:38.849 Players: 0 in total
20:06:08.851 Average server FPS: 11998.03 (measured interval: 30 s)
20:06:08.851 Used memory: 1328393 KB
20:06:08.851 Players: 0 in total
20:06:38.852 Average server FPS: 11995.47 (measured interval: 30 s)
20:06:38.852 Used memory: 1328393 KB
20:06:38.852 Players: 0 in total
20:07:08.853 Average server FPS: 11986.60 (measured interval: 30 s)
20:07:08.853 Used memory: 1328393 KB
20:07:08.853 Players: 0 in total
20:07:38.855 Average server FPS: 11994.13 (measured interval: 30 s)
20:07:38.855 Used memory: 1328393 KB
20:07:38.855 Players: 0 in total
20:08:08.856 Average server FPS: 11983.87 (measured interval: 30 s)
20:08:08.856 Used memory: 1328393 KB
20:08:08.856 Players: 0 in total
20:08:38.857 Average server FPS: 11989.73 (measured interval: 30 s)
20:08:38.857 Used memory: 1328393 KB
20:08:38.857 Players: 0 in total
20:09:08.859 Average server FPS: 11981.07 (measured interval: 30 s)
20:09:08.859 Used memory: 1328393 KB
20:09:08.859 Players: 0 in total
20:09:38.845 Average server FPS: 11939.60 (measured interval: 30 s)
20:09:38.845 Used memory: 1328393 KB
20:09:38.845 Players: 0 in total
20:10:08.846 Average server FPS: 11994.93 (measured interval: 30 s)
20:10:08.846 Used memory: 1328386 KB
20:10:08.846 Players: 0 in total
20:10:38.847 Average server FPS: 12001.40 (measured interval: 30 s)
20:10:38.847 Used memory: 1328386 KB
20:10:38.847 Players: 0 in total
20:11:08.849 Average server FPS: 11987.63 (measured interval: 30 s)
20:11:08.849 Used memory: 1328386 KB
20:11:08.849 Players: 0 in total
20:11:38.850 Average server FPS: 11995.43 (measured interval: 30 s)
20:11:38.850 Used memory: 1328386 KB
20:11:38.850 Players: 0 in total
20:12:08.851 Average server FPS: 11993.37 (measured interval: 30 s)
20:12:08.851 Used memory: 1328379 KB
20:12:08.851 Players: 0 in total
20:12:38.853 Average server FPS: 11985.30 (measured interval: 30 s)
20:12:38.853 Used memory: 1328379 KB
20:12:38.853 Players: 0 in total
20:13:08.854 Average server FPS: 11986.03 (measured interval: 30 s)
20:13:08.854 Used memory: 1328379 KB
20:13:08.854 Players: 0 in total
20:13:38.856 Average server FPS: 11996.00 (measured interval: 30 s)
20:13:38.856 Used memory: 1328379 KB
20:13:38.856 Players: 0 in total
20:14:08.857 Average server FPS: 11983.13 (measured interval: 30 s)
20:14:08.857 Used memory: 1328379 KB
20:14:08.857 Players: 0 in total
20:14:38.858 Average server FPS: 11880.50 (measured interval: 30 s)
20:14:38.858 Used memory: 1328379 KB
20:14:38.858 Players: 0 in total
20:15:08.844 Average server FPS: 11961.10 (measured interval: 30 s)
20:15:08.844 Used memory: 1328379 KB
20:15:08.844 Players: 0 in total
20:15:38.845 Average server FPS: 11990.33 (measured interval: 30 s)
20:15:38.845 Used memory: 1328379 KB
20:15:38.845 Players: 0 in total
20:16:08.847 Average server FPS: 11989.23 (measured interval: 30 s)
20:16:08.847 Used memory: 1328379 KB
20:16:08.847 Players: 0 in total
20:16:38.848 Average server FPS: 11981.97 (measured interval: 30 s)
20:16:38.848 Used memory: 1328373 KB
20:16:38.848 Players: 0 in total
20:17:08.850 Average server FPS: 11980.23 (measured interval: 30 s)
20:17:08.850 Used memory: 1328373 KB
20:17:08.850 Players: 0 in total
20:17:38.851 Average server FPS: 11983.00 (measured interval: 30 s)
20:17:38.851 Used memory: 1328373 KB
20:17:38.851 Players: 0 in total
20:18:08.852 Average server FPS: 11860.17 (measured interval: 30 s)
20:18:08.852 Used memory: 1328396 KB
20:18:08.852 Players: 0 in total
20:18:38.854 Average server FPS: 11993.27 (measured interval: 30 s)
20:18:38.854 Used memory: 1328396 KB
20:18:38.854 Players: 0 in total
20:19:08.855 Average server FPS: 11971.13 (measured interval: 30 s)
20:19:08.855 Used memory: 1328396 KB
20:19:08.855 Players: 0 in total
20:19:38.856 Average server FPS: 11961.20 (measured interval: 30 s)
20:19:38.856 Used memory: 1328396 KB
20:19:38.856 Players: 0 in total
20:20:08.858 Average server FPS: 11993.43 (measured interval: 30 s)
20:20:08.858 Used memory: 1328396 KB
20:20:08.858 Players: 0 in total
20:20:38.859 Average server FPS: 11989.63 (measured interval: 30 s)
20:20:38.859 Used memory: 1328396 KB
20:20:38.859 Players: 0 in total
20:21:10.236  --- Termination successfully completed --- 
