

=====================================================================
== D:\DayZServers\TheCommunity_enochTest\EnochTestServer_x64.exe
== "D:\DayZServers\TheCommunity_enochTest\EnochTestServer_x64.exe"  -port=2442 "-mod=@CF;@Community-Online-Tools;@BuildAnywhere;@BaseBuildingLogs;@Trader;@BaseBuildingPlus;@Durable_Suppressors;@VanillaPlusPlusMap;@Ear-Plugs;@Catch_Rain;@DayZ-Expansion-Notifications;@DayZ-Expansion-Chat;@No_Shoe_Damage;@Airdrop-Upgraded;@Ammo_Making;@Banking;@Unlimited_Stamina;@BuilderItems;@Camosplus;@CannabisPlus;@CheckIdentity;@Code_Lock;@Dayz_Navigation;@FIDOv_PACK_4;@FlipTransport;@GoreZ;@IRP-Land-Rover-Defender-110;@KillFeed;@NoVehicleDamage;@PartyMe;@Modular_Vest_System;@MuchStuffPack;@Specialist_Weapon_Pack;" -config=D:\DayZServers\TheCommunity_enochTest\TheCommunityDZTest.cfg -profiles=TheEnochTestServer -BEPath=D:\DayZServers\TheCommunity_enochTest\battleye -filePatching -adminlog -netlog -freezecheck -scrAllowFileWrite
=====================================================================
Exe timestamp: 2020/03/14 00:03:02
Current time:  2020/04/07 11:30:57

Version 1.07.153006
11:30:57.393 [Inputs] Loading inputs default "bin/constants.xml"
11:30:57.409 [Inputs] Loading inputs default "bin/specific.xml"
11:30:57.409 !!! [Inputs] Invalid input name used "UAUIInspectItem" for context "ui" in "bin/specific.xml"
11:30:57.409 !!! [Inputs] Attempt to register duplicate Modded-Inputs file "VanillaPPMap/data/modded_Inputs.xml"
11:30:57.409 [Inputs] Loading inputs default "EarPlugs\data\inputs.xml"
11:30:57.409 [Inputs] Loading inputs default "JM/COT/scripts/Data/Inputs.xml"
11:30:57.409 [Inputs] Loading inputs default "KillFeed/inputs/Inputs.xml"
11:30:57.409 [Inputs] Loading inputs default "partyme/scripts/partyme_inputs.xml"
11:30:57.409 [Inputs] Loading inputs default "VanillaPPMap/data/modded_Inputs.xml"
11:30:57.409 [Inputs] Loading inputs default "BaseBuildingPlus/Scripts/Data/Inputs.xml"
11:30:57.409 [Inputs] Loading inputs default "VanillaPPMap/data/modded_Inputs.xml"
11:30:57.409 !!! [Inputs] Attempt to register duplicate input "UAOpenVPPMap"
11:30:57.409 !!! [Inputs] Attempt to register duplicate input "UAToggleVPPMap3DMarkers"
11:30:57.409 [Inputs] Loading inputs cfg "TheEnochTestServer\Users\Survivor\Server.core.xml"
11:30:57.409 [Inputs] Exporting inputs cfg "TheEnochTestServer\Users\Survivor\Server.core.xml"
11:30:57.862 !!! [Inputs] Attempt to register "PMHideShowTrackers" input twice
11:31:46.692 [CE][Hive] :: Initializing OFFLINE
11:31:46.692 [CE][Hive] :: Loading core data ... 
11:31:46.692 [CE][CoreData] :: 7 root classes, 19 defaults, 0 updaters...
11:31:52.36 [CE][RegisterBind] :: 0 classes binded...
11:31:52.36 [CE][RegisterConfig] :: 7403 config classes registered, 0 sub-counters...
11:31:52.36 [CE][Hive] :: Loading map data ... 
11:31:52.99 !!! [CE] :: Unknown category: 'vehicleparts'.
11:31:52.99 [CE][LoadPrototype] :: loaded 330 prototypes
11:31:52.99   702 containers, 9116 points
11:31:52.99   24 dispatches, 90 proxies
11:31:52.99 !!! [CE][LoadPrototype] 12 groups have no points...
11:31:52.99 !!![CE][LoadPrototype]  3 groups have wrong points...
11:31:52.99 [CE][LoadPrototype] :: last group name: Land_Lunapark_Autodrome...
11:31:52.99 [CE][LoadPrototype] :: loaded 0 prototypes
11:31:52.99   0 containers, 0 points
11:31:52.99   0 dispatches, 0 proxies
11:31:52.99 [CE][LoadPrototype] :: last group name: PathD_7100...
11:31:52.427 [CE][LoadMap] "Group" :: loaded 5086 groups, largest group range: 26.9
11:31:52.427 [CE][LoadMap] "Dirt" :: loaded 0 groups, largest group range: 26.9
11:31:52.536 [CE][Links] found 354 total links between groups, of 5086
11:31:52.536 [CE][LoadClusters] "Cluster" :: Loading files...
11:31:52.724 [CE][LoadClusters] :: file: "mapgroupcluster.xml", 4 types, 50000 instances
11:31:52.942 [CE][LoadClusters] :: file: "mapgroupcluster01", 4 types, 50000 instances
11:31:53.161 [CE][LoadClusters] :: file: "mapgroupcluster02", 4 types, 50000 instances
11:31:53.364 [CE][LoadClusters] :: file: "mapgroupcluster03", 4 types, 50000 instances
11:31:53.474 [CE][LoadClusters] :: file: "mapgroupcluster04", 4 types, 21297 instances
11:31:53.474 [CE][Storage] ver:21 stamp:4428, valid:yes, name:"mpmissions\TheCommunity.enoch\storage_666\data\types.bin"
11:31:53.474 [CE][Storage] ver:21 stamp:4426, valid:yes, name:"mpmissions\TheCommunity.enoch\storage_666\data\types.001"
11:31:53.474 [CE][Storage] ver:21 stamp:4427, valid:yes, name:"mpmissions\TheCommunity.enoch\storage_666\data\types.002"
11:31:53.474 [CE][Storage] Restoring file "mpmissions\TheCommunity.enoch\storage_666\data\types.bin".
11:31:53.567 [CE][offlineDB] :: Loaded 33 dynamic events 215 total types 0 total positions.
11:31:53.599 [CE][Storage] ver:21 stamp:4428, valid:yes, name:"mpmissions\TheCommunity.enoch\storage_666\data\events.bin"
11:31:53.599 [CE][Storage] ver:21 stamp:4426, valid:yes, name:"mpmissions\TheCommunity.enoch\storage_666\data\events.001"
11:31:53.599 [CE][Storage] ver:21 stamp:4427, valid:yes, name:"mpmissions\TheCommunity.enoch\storage_666\data\events.002"
11:31:53.599 [CE][Storage] Restoring file "mpmissions\TheCommunity.enoch\storage_666\data\events.bin".
11:31:53.599 [CE][DynamicEvent] Load  Events:[33] Primary spawners: 33 Secondary spawners: 1
11:31:53.599 [CE][Storage] ver:24 stamp:4428, valid:yes, name:"mpmissions\TheCommunity.enoch\storage_666\data\vehicles.bin"
11:31:53.599 [CE][Storage] ver:24 stamp:4426, valid:yes, name:"mpmissions\TheCommunity.enoch\storage_666\data\vehicles.001"
11:31:53.599 [CE][Storage] ver:24 stamp:4427, valid:yes, name:"mpmissions\TheCommunity.enoch\storage_666\data\vehicles.002"
11:31:53.599 [CE][Storage] Restoring file "mpmissions\TheCommunity.enoch\storage_666\data\vehicles.bin" 332 items.
11:31:54.177   332 items loaded.
11:31:54.177 [CE][Storage] ver:0 stamp:0, valid:NO, name:"mpmissions\TheCommunity.enoch\storage_666\data\dynamic_000.bin"
11:31:54.177 [CE][Storage] ver:24 stamp:4426, valid:yes, name:"mpmissions\TheCommunity.enoch\storage_666\data\dynamic_000.001"
11:31:54.177 [CE][Storage] ver:24 stamp:4427, valid:yes, name:"mpmissions\TheCommunity.enoch\storage_666\data\dynamic_000.002"
11:31:54.177 [CE][Storage] Restoring file "mpmissions\TheCommunity.enoch\storage_666\data\dynamic_000.002" 830 items.
11:31:54.474   830 items loaded.
11:31:54.474 [CE][Storage] ver:0 stamp:0, valid:NO, name:"mpmissions\TheCommunity.enoch\storage_666\data\dynamic_001.bin"
11:31:54.474 [CE][Storage] ver:24 stamp:4426, valid:yes, name:"mpmissions\TheCommunity.enoch\storage_666\data\dynamic_001.001"
11:31:54.474 [CE][Storage] ver:24 stamp:4427, valid:yes, name:"mpmissions\TheCommunity.enoch\storage_666\data\dynamic_001.002"
11:31:54.474 [CE][Storage] Restoring file "mpmissions\TheCommunity.enoch\storage_666\data\dynamic_001.002" 1906 items.
11:31:55.67   1906 items loaded.
11:31:55.67 [CE][Storage] ver:0 stamp:0, valid:NO, name:"mpmissions\TheCommunity.enoch\storage_666\data\dynamic_002.bin"
11:31:55.67 [CE][Storage] ver:24 stamp:4426, valid:yes, name:"mpmissions\TheCommunity.enoch\storage_666\data\dynamic_002.001"
11:31:55.67 [CE][Storage] ver:24 stamp:4427, valid:yes, name:"mpmissions\TheCommunity.enoch\storage_666\data\dynamic_002.002"
11:31:55.67 [CE][Storage] Restoring file "mpmissions\TheCommunity.enoch\storage_666\data\dynamic_002.002" 561 items.
11:31:55.255   561 items loaded.
11:31:55.255 [CE][Storage] ver:0 stamp:0, valid:NO, name:"mpmissions\TheCommunity.enoch\storage_666\data\dynamic_003.bin"
11:31:55.255 [CE][Storage] ver:24 stamp:4426, valid:yes, name:"mpmissions\TheCommunity.enoch\storage_666\data\dynamic_003.001"
11:31:55.255 [CE][Storage] ver:24 stamp:4427, valid:yes, name:"mpmissions\TheCommunity.enoch\storage_666\data\dynamic_003.002"
11:31:55.255 [CE][Storage] Restoring file "mpmissions\TheCommunity.enoch\storage_666\data\dynamic_003.002" 1060 items.
11:31:55.552   1060 items loaded.
11:31:55.552 [CE][Storage] ver:0 stamp:0, valid:NO, name:"mpmissions\TheCommunity.enoch\storage_666\data\dynamic_004.bin"
11:31:55.552 [CE][Storage] ver:24 stamp:4426, valid:yes, name:"mpmissions\TheCommunity.enoch\storage_666\data\dynamic_004.001"
11:31:55.552 [CE][Storage] ver:24 stamp:4427, valid:yes, name:"mpmissions\TheCommunity.enoch\storage_666\data\dynamic_004.002"
11:31:55.552 [CE][Storage] Restoring file "mpmissions\TheCommunity.enoch\storage_666\data\dynamic_004.002" 1460 items.
11:31:56.36   1460 items loaded.
11:31:56.36 [CE][Storage] ver:0 stamp:0, valid:NO, name:"mpmissions\TheCommunity.enoch\storage_666\data\dynamic_005.bin"
11:31:56.36 [CE][Storage] ver:24 stamp:4426, valid:yes, name:"mpmissions\TheCommunity.enoch\storage_666\data\dynamic_005.001"
11:31:56.36 [CE][Storage] ver:24 stamp:4427, valid:yes, name:"mpmissions\TheCommunity.enoch\storage_666\data\dynamic_005.002"
11:31:56.36 [CE][Storage] Restoring file "mpmissions\TheCommunity.enoch\storage_666\data\dynamic_005.002" 1714 items.
11:31:56.536   1714 items loaded.
11:31:56.536 [CE][Storage] ver:0 stamp:0, valid:NO, name:"mpmissions\TheCommunity.enoch\storage_666\data\dynamic_006.bin"
11:31:56.536 [CE][Storage] ver:24 stamp:4426, valid:yes, name:"mpmissions\TheCommunity.enoch\storage_666\data\dynamic_006.001"
11:31:56.536 [CE][Storage] ver:24 stamp:4427, valid:yes, name:"mpmissions\TheCommunity.enoch\storage_666\data\dynamic_006.002"
11:31:56.536 [CE][Storage] Restoring file "mpmissions\TheCommunity.enoch\storage_666\data\dynamic_006.002" 901 items.
11:31:56.817   901 items loaded.
11:31:56.817 [CE][Storage] ver:0 stamp:0, valid:NO, name:"mpmissions\TheCommunity.enoch\storage_666\data\dynamic_007.bin"
11:31:56.817 [CE][Storage] ver:24 stamp:4426, valid:yes, name:"mpmissions\TheCommunity.enoch\storage_666\data\dynamic_007.001"
11:31:56.817 [CE][Storage] ver:24 stamp:4427, valid:yes, name:"mpmissions\TheCommunity.enoch\storage_666\data\dynamic_007.002"
11:31:56.817 [CE][Storage] Restoring file "mpmissions\TheCommunity.enoch\storage_666\data\dynamic_007.002" 1282 items.
11:31:57.224   1282 items loaded.
11:31:57.224 [CE][Storage] ver:0 stamp:0, valid:NO, name:"mpmissions\TheCommunity.enoch\storage_666\data\dynamic_008.bin"
11:31:57.239 [CE][Storage] ver:24 stamp:4426, valid:yes, name:"mpmissions\TheCommunity.enoch\storage_666\data\dynamic_008.001"
11:31:57.239 [CE][Storage] ver:24 stamp:4427, valid:yes, name:"mpmissions\TheCommunity.enoch\storage_666\data\dynamic_008.002"
11:31:57.239 [CE][Storage] Restoring file "mpmissions\TheCommunity.enoch\storage_666\data\dynamic_008.002" 1014 items.
11:31:57.489   1014 items loaded.
11:31:57.489 [CE][Storage] ver:0 stamp:0, valid:NO, name:"mpmissions\TheCommunity.enoch\storage_666\data\dynamic_009.bin"
11:31:57.489 [CE][Storage] ver:24 stamp:4426, valid:yes, name:"mpmissions\TheCommunity.enoch\storage_666\data\dynamic_009.001"
11:31:57.489 [CE][Storage] ver:24 stamp:4427, valid:yes, name:"mpmissions\TheCommunity.enoch\storage_666\data\dynamic_009.002"
11:31:57.505 [CE][Storage] Restoring file "mpmissions\TheCommunity.enoch\storage_666\data\dynamic_009.002" 1002 items.
11:31:57.786   1002 items loaded.
11:31:57.786 [CE][Storage] ver:0 stamp:0, valid:NO, name:"mpmissions\TheCommunity.enoch\storage_666\data\dynamic_010.bin"
11:31:57.786 [CE][Storage] ver:24 stamp:4426, valid:yes, name:"mpmissions\TheCommunity.enoch\storage_666\data\dynamic_010.001"
11:31:57.786 [CE][Storage] ver:24 stamp:4427, valid:yes, name:"mpmissions\TheCommunity.enoch\storage_666\data\dynamic_010.002"
11:31:57.786 [CE][Storage] Restoring file "mpmissions\TheCommunity.enoch\storage_666\data\dynamic_010.002" 2107 items.
11:31:58.302   2107 items loaded.
11:31:58.302 [CE][Storage] ver:0 stamp:0, valid:NO, name:"mpmissions\TheCommunity.enoch\storage_666\data\dynamic_011.bin"
11:31:58.302 [CE][Storage] ver:24 stamp:4426, valid:yes, name:"mpmissions\TheCommunity.enoch\storage_666\data\dynamic_011.001"
11:31:58.302 [CE][Storage] ver:24 stamp:4427, valid:yes, name:"mpmissions\TheCommunity.enoch\storage_666\data\dynamic_011.002"
11:31:58.302 [CE][Storage] Restoring file "mpmissions\TheCommunity.enoch\storage_666\data\dynamic_011.002" 281 items.
11:31:58.364   281 items loaded.
11:31:58.396 [CE][Hive] :: Storage load took:4.80 seconds, recovery stamp:4428
11:31:58.396   entity: 14450, building: 0
11:31:58.396   no lifetime: 40
11:31:58.396 [CE][Hive] :: Initializing ... 
11:31:58.411 [CE][InitializeMap] :: initialized: 0
11:31:58.411 [CE][Hive] :: Initializing spawners ... 
11:32:00.615 [CE][LootRespawner] (PRIDummy) :: Item [0] causing search overtime: "Mag_Nailgun_50n"
11:32:00.615 [CE][LootRespawner] (PRIDummy) :: Item [1] causing search overtime: "Mag_Nailgun_50n"
11:32:00.615 [CE][LootRespawner] (PRIDummy) :: Item [2] causing search overtime: "Mag_Nailgun_50n"
11:32:00.615 [CE][LootRespawner] (PRIDummy) :: Item [3] causing search overtime: "Mag_Nailgun_50n"
11:32:00.615 [CE][LootRespawner] (PRIDummy) :: Item [4] causing search overtime: "Mag_Nailgun_50n"
11:32:00.615 [CE][LootRespawner] (PRIDummy) :: Item [5] causing search overtime: "Mag_Nailgun_50n"
11:32:00.615 [CE][LootRespawner] (PRIDummy) :: Item [6] causing search overtime: "Mag_Nailgun_50n"
11:32:00.615 [CE][LootRespawner] (PRIDummy) :: Item [7] causing search overtime: "Mag_Nailgun_50n"
11:32:00.615 [CE][LootRespawner] (PRIDummy) :: Item [8] causing search overtime: "Mag_Nailgun_50n"
11:32:00.615 [CE][LootRespawner] (PRIDummy) :: Item [9] causing search overtime: "Mag_Nailgun_50n"
11:32:00.615 [CE][LootRespawner] (PRIDummy) :: Item [10] causing search overtime: "Mag_Nailgun_50n"
11:32:00.615 [CE][LootRespawner] (PRIDummy) :: Item [11] causing search overtime: "Mag_Nailgun_50n"
11:32:00.615 [CE][LootRespawner] (PRIDummy) :: Item [12] causing search overtime: "Mag_Nailgun_50n"
11:32:00.615 [CE][LootRespawner] (PRIDummy) :: Item [13] causing search overtime: "Mag_Nailgun_50n"
11:32:00.615 [CE][LootRespawner] (PRIDummy) :: Item [14] causing search overtime: "Mag_Nailgun_50n"
11:32:00.615 [CE][LootRespawner] (PRIDummy) :: Item [15] causing search overtime: "Mag_Nailgun_50n"
11:32:00.615 [CE][LootRespawner] (PRIDummy) :: Item [16] causing search overtime: "Mag_Nailgun_50n"
11:32:00.615 [CE][LootRespawner] (PRIDummy) :: Item [17] causing search overtime: "Mag_Nailgun_50n"
11:32:00.615 [CE][LootRespawner] (PRIDummy) :: Item [18] causing search overtime: "AmmoBox_762x25_25Rnd"
11:32:00.615 [CE][LootRespawner] (PRIDummy) :: Item [19] causing search overtime: "AmmoBox_762x25_25Rnd"
11:32:00.833 [CE][LootRespawner] (PRIDummy) :: Item [0] is hard to place, performance drops: "HighCapacityVest_Black"
11:32:00.865 [CE][LootRespawner] (PRIDummy) :: Item [1] is hard to place, performance drops: "Winchester70"
11:32:00.865 [CE][LootRespawner] (PRIDummy) :: Item [2] is hard to place, performance drops: "Winchester70"
11:32:00.865 [CE][LootRespawner] (PRIDummy) :: Item [3] is hard to place, performance drops: "Winchester70"
11:32:00.865 [CE][LootRespawner] (PRIDummy) :: Item [4] is hard to place, performance drops: "Winchester70"
11:32:00.865 [CE][LootRespawner] (PRIDummy) :: Item [5] is hard to place, performance drops: "Winchester70"
11:32:00.865 [CE][LootRespawner] (PRIDummy) :: Item [6] is hard to place, performance drops: "Winchester70"
11:32:00.880 [CE][LootRespawner] (PRIDummy) :: Item [7] is hard to place, performance drops: "GorkaEJacket_PautRev"
11:32:01.99 [CE][LootRespawner] (PRIDummy) :: Item [8] is hard to place, performance drops: "Hatchback_02_Door_2_2_BlackRust"
11:32:01.99 [CE][LootRespawner] (PRIDummy) :: Item [9] is hard to place, performance drops: "Hatchback_02_Door_2_2_BlackRust"
11:32:01.99 [CE][LootRespawner] (PRIDummy) :: Item [10] is hard to place, performance drops: "Hatchback_02_Door_2_2_BlackRust"
11:32:01.99 [CE][LootRespawner] (PRIDummy) :: Item [11] is hard to place, performance drops: "Hatchback_02_Door_2_2_BlackRust"
11:32:01.99 [CE][LootRespawner] (PRIDummy) :: Item [12] is hard to place, performance drops: "Hatchback_02_Door_2_2_BlackRust"
11:32:01.99 [CE][LootRespawner] (PRIDummy) :: Item [13] is hard to place, performance drops: "Hatchback_02_Door_2_2_BlackRust"
11:32:01.99 [CE][LootRespawner] (PRIDummy) :: Item [14] is hard to place, performance drops: "Hatchback_02_Door_2_2_BlackRust"
11:32:01.130 [CE][LootRespawner] (PRIDummy) :: Initially (re)spawned:200, Nominal:22572, Total in Map: 14691 at 0 (sec)
11:32:01.130   tests:216, repeats:1 fails:15, overtime:5556
11:32:01.130 [CE][DynEvent] :: 33 types
11:32:01.130 [00] AmbientHen
11:32:01.130   Primary Spawner: "Ambient", active: yes, repeat: 1
11:32:01.130 [01] AnimalBear
11:32:01.130   Primary Spawner: "Animal", active: yes, repeat: 1
11:32:01.130 [02] AnimalCow
11:32:01.130   Primary Spawner: "Animal", active: yes, repeat: 1
11:32:01.130 [03] AnimalDeer
11:32:01.130   Primary Spawner: "Animal", active: yes, repeat: 1
11:32:01.130 [04] AnimalGoat
11:32:01.130   Primary Spawner: "Animal", active: yes, repeat: 1
11:32:01.130 [05] AnimalPig
11:32:01.130   Primary Spawner: "Animal", active: yes, repeat: 1
11:32:01.130 [06] AnimalRoeDeer
11:32:01.130   Primary Spawner: "Animal", active: yes, repeat: 1
11:32:01.130 [07] AnimalSheep
11:32:01.130   Primary Spawner: "Animal", active: yes, repeat: 1
11:32:01.130 [08] AnimalWildBoar
11:32:01.130   Primary Spawner: "Animal", active: yes, repeat: 1
11:32:01.130 [09] AnimalWolf
11:32:01.130   Primary Spawner: "Animal", active: yes, repeat: 1
11:32:01.130 [10] InfectedArmy
11:32:01.130   Primary Spawner: "Infected", active: yes, repeat: 1
11:32:01.130 [11] InfectedCity
11:32:01.130   Primary Spawner: "Infected", active: yes, repeat: 1
11:32:01.130 [12] InfectedFirefighter
11:32:01.130   Primary Spawner: "Infected", active: yes, repeat: 1
11:32:01.130 [13] InfectedIndustrial
11:32:01.130   Primary Spawner: "Infected", active: yes, repeat: 1
11:32:01.130 [14] InfectedMedic
11:32:01.130   Primary Spawner: "Infected", active: yes, repeat: 1
11:32:01.130 [15] InfectedPolice
11:32:01.130   Primary Spawner: "Infected", active: yes, repeat: 1
11:32:01.130 [16] InfectedPrisoner
11:32:01.130   Primary Spawner: "Infected", active: yes, repeat: 1
11:32:01.130 [17] InfectedReligious
11:32:01.130   Primary Spawner: "Infected", active: yes, repeat: 1
11:32:01.130 [18] InfectedSolitude
11:32:01.130   Primary Spawner: "Infected", active: yes, repeat: 1
11:32:01.130 [19] InfectedVillage
11:32:01.130   Primary Spawner: "Infected", active: yes, repeat: 1
11:32:01.130 [20] ItemPlanks
