

=====================================================================
== D:\DayZServers\TheCommunity_enochTest\EnochTestServer_x64.exe
== "D:\DayZServers\TheCommunity_enochTest\EnochTestServer_x64.exe"  -port=2442 "-mod=@CF;@Community-Online-Tools;@BuildAnywhere;@BaseBuildingLogs;@Trader;@BaseBuildingPlus;" -config=D:\DayZServers\TheCommunity_enochTest\TheCommunityDZTest.cfg -profiles=TheEnochTestServer -BEPath=D:\DayZServers\TheCommunity_enochTest\battleye -filePatching -adminlog -netlog -freezecheck -scrAllowFileWrite
=====================================================================
Exe timestamp: 2020/03/14 00:03:02
Current time:  2020/03/20 21:17:18

Version 1.07.153006
21:17:18.623 [Inputs] Loading inputs default "bin/constants.xml"
21:17:18.623 [Inputs] Loading inputs default "bin/specific.xml"
21:17:18.623 !!! [Inputs] Invalid input name used "UAUIInspectItem" for context "ui" in "bin/specific.xml"
21:17:18.623 [Inputs] Loading inputs default "JM/COT/scripts/Data/Inputs.xml"
21:17:18.623 [Inputs] Loading inputs default "BaseBuildingPlus/Scripts/Data/Inputs.xml"
21:17:18.623 [Inputs] Loading inputs cfg "TheEnochTestServer\Users\Survivor\Server.core.xml"
21:17:18.639 [Inputs] Exporting inputs cfg "TheEnochTestServer\Users\Survivor\Server.core.xml"
21:18:01.746 [CE][Hive] :: Initializing OFFLINE
21:18:01.746 [CE][Hive] :: Loading core data ... 
21:18:01.762 [CE][CoreData] :: 7 root classes, 19 defaults, 0 updaters...
21:18:04.602 [CE] :: WARNING :: Preset map "optics" is EMPTY.
21:18:04.602 [CE][TypeSetup] :: 408 classes setuped...
21:18:04.789 [CE][RegisterBind] :: 0 classes binded...
21:18:04.789 [CE][RegisterConfig] :: 3115 config classes registered, 1 sub-counters...
21:18:04.789 [CE][Hive] :: Loading map data ... 
21:18:04.867 !!! [CE] :: Unknown category: 'vehicleparts'.
21:18:04.867 !!! [CE] :: Unknown category: 'vehicleparts'.
21:18:04.867 !!! [CE] :: Unknown category: 'vehicleparts'.
21:18:04.867 !!! [CE] :: Unknown category: 'vehicleparts'.
21:18:04.867 !!! [CE] :: Unknown category: 'vehicleparts'.
21:18:04.867 !!! [CE] :: Unknown category: 'vehicleparts'.
21:18:04.867 !!! [CE] :: Unknown category: 'vehicleparts'.
21:18:04.867 !!! [CE] :: Unknown category: 'vehicleparts'.
21:18:04.867 !!! [CE] :: Unknown category: 'vehicleparts'.
21:18:04.867 !!! [CE] :: Unknown category: 'vehicleparts'.
21:18:04.867 !!! [CE] :: Unknown category: 'vehicleparts'.
21:18:04.867 !!! [CE] :: Unknown category: 'vehicleparts'.
21:18:04.867 !!! [CE] :: Unknown category: 'vehicleparts'.
21:18:04.867 !!! [CE] :: Unknown category: 'vehicleparts'.
21:18:04.867 !!! [CE] :: Unknown category: 'vehicleparts'.
21:18:04.867 !!! [CE] :: Unknown category: 'vehicleparts'.
21:18:04.867 !!! [CE] :: Unknown category: 'vehicleparts'.
21:18:04.867 !!! [CE] :: Unknown category: 'vehicleparts'.
21:18:04.867 !!! [CE] :: Unknown category: 'vehicleparts'.
21:18:04.867 !!! [CE] :: Unknown category: 'vehicleparts'.
21:18:04.867 !!! [CE] :: Unknown category: 'vehicleparts'.
21:18:04.867 !!! [CE] :: Unknown category: 'vehicleparts'.
21:18:04.867 !!! [CE] :: Unknown category: 'vehicleparts'.
21:18:04.867 !!! [CE] :: Unknown category: 'vehicleparts'.
21:18:04.867 [CE][LoadPrototype] :: loaded 330 prototypes
21:18:04.867   702 containers, 9116 points
21:18:04.867   24 dispatches, 90 proxies
21:18:04.867 !!! [CE][LoadPrototype] 12 groups have no points...
21:18:04.867 !!![CE][LoadPrototype]  3 groups have wrong points...
21:18:04.867 [CE][LoadPrototype] :: last group name: Land_Lunapark_Autodrome...
21:18:04.867 [CE][LoadPrototype] :: loaded 0 prototypes
21:18:04.867   0 containers, 0 points
21:18:04.867   0 dispatches, 0 proxies
21:18:04.867 [CE][LoadPrototype] :: last group name: PathD_7100...
21:18:05.477 [CE][LoadMap] "Group" :: loaded 5086 groups, largest group range: 26.9
21:18:05.477 [CE][LoadMap] "Dirt" :: loaded 0 groups, largest group range: 26.9
21:18:05.664 [CE][Links] found 354 total links between groups, of 5086
21:18:05.664 [CE][LoadClusters] "Cluster" :: Loading files...
21:18:05.945 [CE][LoadClusters] :: file: "mapgroupcluster.xml", 4 types, 50000 instances
21:18:06.180 [CE][LoadClusters] :: file: "mapgroupcluster01", 4 types, 50000 instances
21:18:06.555 [CE][LoadClusters] :: file: "mapgroupcluster02", 4 types, 50000 instances
21:18:06.836 [CE][LoadClusters] :: file: "mapgroupcluster03", 4 types, 50000 instances
21:18:06.961 [CE][LoadClusters] :: file: "mapgroupcluster04", 4 types, 21297 instances
21:18:06.961 [CE][Storage] ver:21 stamp:87, valid:yes, name:"mpmissions\TheCommunity.enoch\storage_666\data\types.bin"
21:18:06.961 [CE][Storage] ver:21 stamp:86, valid:yes, name:"mpmissions\TheCommunity.enoch\storage_666\data\types.001"
21:18:06.961 [CE][Storage] ver:21 stamp:82, valid:yes, name:"mpmissions\TheCommunity.enoch\storage_666\data\types.002"
21:18:06.961 [CE][Storage] Restoring file "mpmissions\TheCommunity.enoch\storage_666\data\types.bin".
21:18:06.992 [CE][offlineDB] :: Loaded 32 dynamic events 211 total types 0 total positions.
21:18:07.08 [CE][Storage] ver:21 stamp:87, valid:yes, name:"mpmissions\TheCommunity.enoch\storage_666\data\events.bin"
21:18:07.08 [CE][Storage] ver:21 stamp:86, valid:yes, name:"mpmissions\TheCommunity.enoch\storage_666\data\events.001"
21:18:07.08 [CE][Storage] ver:21 stamp:82, valid:yes, name:"mpmissions\TheCommunity.enoch\storage_666\data\events.002"
21:18:07.08 [CE][Storage] Restoring file "mpmissions\TheCommunity.enoch\storage_666\data\events.bin".
21:18:07.08 [CE][DynamicEvent] Load  Events:[32] Primary spawners: 32 Secondary spawners: 1
21:18:07.08 [CE][Storage] ver:24 stamp:87, valid:yes, name:"mpmissions\TheCommunity.enoch\storage_666\data\vehicles.bin"
21:18:07.08 [CE][Storage] ver:24 stamp:86, valid:yes, name:"mpmissions\TheCommunity.enoch\storage_666\data\vehicles.001"
21:18:07.08 [CE][Storage] ver:24 stamp:82, valid:yes, name:"mpmissions\TheCommunity.enoch\storage_666\data\vehicles.002"
21:18:07.08 [CE][Storage] Restoring file "mpmissions\TheCommunity.enoch\storage_666\data\vehicles.bin" 105 items.
21:18:07.117   105 items loaded.
21:18:07.117 [CE][Storage] ver:0 stamp:0, valid:NO, name:"mpmissions\TheCommunity.enoch\storage_666\data\dynamic_000.bin"
21:18:07.117 [CE][Storage] ver:24 stamp:86, valid:yes, name:"mpmissions\TheCommunity.enoch\storage_666\data\dynamic_000.001"
21:18:07.117 [CE][Storage] ver:24 stamp:82, valid:yes, name:"mpmissions\TheCommunity.enoch\storage_666\data\dynamic_000.002"
21:18:07.117 [CE][Storage] Restoring file "mpmissions\TheCommunity.enoch\storage_666\data\dynamic_000.001" 304 items.
21:18:07.336   304 items loaded.
21:18:07.336 [CE][Storage] ver:0 stamp:0, valid:NO, name:"mpmissions\TheCommunity.enoch\storage_666\data\dynamic_001.bin"
21:18:07.336 [CE][Storage] ver:24 stamp:86, valid:yes, name:"mpmissions\TheCommunity.enoch\storage_666\data\dynamic_001.001"
21:18:07.336 [CE][Storage] ver:24 stamp:82, valid:yes, name:"mpmissions\TheCommunity.enoch\storage_666\data\dynamic_001.002"
21:18:07.336 [CE][Storage] Restoring file "mpmissions\TheCommunity.enoch\storage_666\data\dynamic_001.001" 1910 items.
21:18:08.72   1910 items loaded.
21:18:08.72 [CE][Storage] ver:0 stamp:0, valid:NO, name:"mpmissions\TheCommunity.enoch\storage_666\data\dynamic_002.bin"
21:18:08.72 [CE][Storage] ver:24 stamp:86, valid:yes, name:"mpmissions\TheCommunity.enoch\storage_666\data\dynamic_002.001"
21:18:08.72 [CE][Storage] ver:24 stamp:82, valid:yes, name:"mpmissions\TheCommunity.enoch\storage_666\data\dynamic_002.002"
21:18:08.72 [CE][Storage] Restoring file "mpmissions\TheCommunity.enoch\storage_666\data\dynamic_002.001" 511 items.
21:18:08.181   511 items loaded.
21:18:08.181 [CE][Storage] ver:0 stamp:0, valid:NO, name:"mpmissions\TheCommunity.enoch\storage_666\data\dynamic_003.bin"
21:18:08.181 [CE][Storage] ver:24 stamp:86, valid:yes, name:"mpmissions\TheCommunity.enoch\storage_666\data\dynamic_003.001"
21:18:08.181 [CE][Storage] ver:24 stamp:82, valid:yes, name:"mpmissions\TheCommunity.enoch\storage_666\data\dynamic_003.002"
21:18:08.181 [CE][Storage] Restoring file "mpmissions\TheCommunity.enoch\storage_666\data\dynamic_003.001" 965 items.
21:18:08.462   965 items loaded.
21:18:08.462 [CE][Storage] ver:0 stamp:0, valid:NO, name:"mpmissions\TheCommunity.enoch\storage_666\data\dynamic_004.bin"
21:18:08.462 [CE][Storage] ver:24 stamp:86, valid:yes, name:"mpmissions\TheCommunity.enoch\storage_666\data\dynamic_004.001"
21:18:08.462 [CE][Storage] ver:24 stamp:82, valid:yes, name:"mpmissions\TheCommunity.enoch\storage_666\data\dynamic_004.002"
21:18:08.462 [CE][Storage] Restoring file "mpmissions\TheCommunity.enoch\storage_666\data\dynamic_004.001" 1148 items.
21:18:08.900   1148 items loaded.
21:18:08.900 [CE][Storage] ver:0 stamp:0, valid:NO, name:"mpmissions\TheCommunity.enoch\storage_666\data\dynamic_005.bin"
21:18:08.900 [CE][Storage] ver:24 stamp:86, valid:yes, name:"mpmissions\TheCommunity.enoch\storage_666\data\dynamic_005.001"
21:18:08.900 [CE][Storage] ver:24 stamp:82, valid:yes, name:"mpmissions\TheCommunity.enoch\storage_666\data\dynamic_005.002"
21:18:08.900 [CE][Storage] Restoring file "mpmissions\TheCommunity.enoch\storage_666\data\dynamic_005.001" 1458 items.
21:18:09.353   1458 items loaded.
21:18:09.353 [CE][Storage] ver:0 stamp:0, valid:NO, name:"mpmissions\TheCommunity.enoch\storage_666\data\dynamic_006.bin"
21:18:09.353 [CE][Storage] ver:24 stamp:86, valid:yes, name:"mpmissions\TheCommunity.enoch\storage_666\data\dynamic_006.001"
21:18:09.353 [CE][Storage] ver:24 stamp:85, valid:yes, name:"mpmissions\TheCommunity.enoch\storage_666\data\dynamic_006.002"
21:18:09.353 [CE][Storage] Restoring file "mpmissions\TheCommunity.enoch\storage_666\data\dynamic_006.001" 807 items.
21:18:09.650   807 items loaded.
21:18:09.650 [CE][Storage] ver:0 stamp:0, valid:NO, name:"mpmissions\TheCommunity.enoch\storage_666\data\dynamic_007.bin"
21:18:09.650 [CE][Storage] ver:24 stamp:86, valid:yes, name:"mpmissions\TheCommunity.enoch\storage_666\data\dynamic_007.001"
21:18:09.650 [CE][Storage] ver:24 stamp:85, valid:yes, name:"mpmissions\TheCommunity.enoch\storage_666\data\dynamic_007.002"
21:18:09.650 [CE][Storage] Restoring file "mpmissions\TheCommunity.enoch\storage_666\data\dynamic_007.001" 918 items.
21:18:09.963   918 items loaded.
21:18:09.963 [CE][Storage] ver:0 stamp:0, valid:NO, name:"mpmissions\TheCommunity.enoch\storage_666\data\dynamic_008.bin"
21:18:09.963 [CE][Storage] ver:24 stamp:86, valid:yes, name:"mpmissions\TheCommunity.enoch\storage_666\data\dynamic_008.001"
21:18:09.963 [CE][Storage] ver:24 stamp:85, valid:yes, name:"mpmissions\TheCommunity.enoch\storage_666\data\dynamic_008.002"
21:18:09.963 [CE][Storage] Restoring file "mpmissions\TheCommunity.enoch\storage_666\data\dynamic_008.001" 822 items.
21:18:10.244   822 items loaded.
21:18:10.244 [CE][Storage] ver:0 stamp:0, valid:NO, name:"mpmissions\TheCommunity.enoch\storage_666\data\dynamic_009.bin"
21:18:10.244 [CE][Storage] ver:24 stamp:86, valid:yes, name:"mpmissions\TheCommunity.enoch\storage_666\data\dynamic_009.001"
21:18:10.244 [CE][Storage] ver:24 stamp:85, valid:yes, name:"mpmissions\TheCommunity.enoch\storage_666\data\dynamic_009.002"
21:18:10.244 [CE][Storage] Restoring file "mpmissions\TheCommunity.enoch\storage_666\data\dynamic_009.001" 753 items.
21:18:10.572   753 items loaded.
21:18:10.572 [CE][Storage] ver:0 stamp:0, valid:NO, name:"mpmissions\TheCommunity.enoch\storage_666\data\dynamic_010.bin"
21:18:10.572 [CE][Storage] ver:24 stamp:86, valid:yes, name:"mpmissions\TheCommunity.enoch\storage_666\data\dynamic_010.001"
21:18:10.572 [CE][Storage] ver:24 stamp:85, valid:yes, name:"mpmissions\TheCommunity.enoch\storage_666\data\dynamic_010.002"
21:18:10.572 [CE][Storage] Restoring file "mpmissions\TheCommunity.enoch\storage_666\data\dynamic_010.001" 2020 items.
21:18:11.88   2020 items loaded.
21:18:11.88 [CE][Storage] ver:0 stamp:0, valid:NO, name:"mpmissions\TheCommunity.enoch\storage_666\data\dynamic_011.bin"
21:18:11.88 [CE][Storage] ver:24 stamp:86, valid:yes, name:"mpmissions\TheCommunity.enoch\storage_666\data\dynamic_011.001"
21:18:11.104 [CE][Storage] ver:24 stamp:85, valid:yes, name:"mpmissions\TheCommunity.enoch\storage_666\data\dynamic_011.002"
21:18:11.104 [CE][Storage] Restoring file "mpmissions\TheCommunity.enoch\storage_666\data\dynamic_011.001" 271 items.
21:18:11.150   271 items loaded.
21:18:11.182 [CE][Hive] :: Storage load took:4.17 seconds, recovery stamp:87
21:18:11.182   entity: 12827, building: 0
21:18:11.182   no lifetime: 40
21:18:11.182 [CE][Hive] :: Initializing ... 
21:18:11.182 [CE][InitializeMap] :: initialized: 0
21:18:11.182 [CE][Hive] :: Initializing spawners ... 
21:18:12.869 [CE][LootRespawner] (PRIDummy) :: Item [0] causing search overtime: "CivSedanHood_Wine"
21:18:12.869 [CE][LootRespawner] (PRIDummy) :: Item [1] causing search overtime: "CivSedanHood_Wine"
21:18:12.869 [CE][LootRespawner] (PRIDummy) :: Item [2] causing search overtime: "CivSedanHood_Wine"
21:18:12.869 [CE][LootRespawner] (PRIDummy) :: Item [3] causing search overtime: "CivSedanHood_Wine"
21:18:12.869 [CE][LootRespawner] (PRIDummy) :: Item [4] causing search overtime: "CivSedanHood_Wine"
21:18:12.885 [CE][LootRespawner] (PRIDummy) :: Item [5] causing search overtime: "CivSedanHood_Wine"
21:18:12.885 [CE][LootRespawner] (PRIDummy) :: Item [6] causing search overtime: "CivSedanHood_Wine"
21:18:12.885 [CE][LootRespawner] (PRIDummy) :: Item [7] causing search overtime: "CivSedanHood_Wine"
21:18:12.885 [CE][LootRespawner] (PRIDummy) :: Item [8] causing search overtime: "CivSedanHood_Wine"
21:18:12.885 [CE][LootRespawner] (PRIDummy) :: Item [9] causing search overtime: "CivSedanHood_Wine"
21:18:12.885 [CE][LootRespawner] (PRIDummy) :: Item [10] causing search overtime: "Sedan_02_Trunk_Grey"
21:18:12.885 [CE][LootRespawner] (PRIDummy) :: Item [11] causing search overtime: "Sedan_02_Trunk_Grey"
21:18:12.885 [CE][LootRespawner] (PRIDummy) :: Item [12] causing search overtime: "Sedan_02_Trunk_Grey"
21:18:12.885 [CE][LootRespawner] (PRIDummy) :: Item [13] causing search overtime: "Sedan_02_Trunk_Grey"
21:18:12.885 [CE][LootRespawner] (PRIDummy) :: Item [14] causing search overtime: "Sedan_02_Trunk_Grey"
21:18:12.885 [CE][LootRespawner] (PRIDummy) :: Item [15] causing search overtime: "Sedan_02_Trunk_Grey"
21:18:12.885 [CE][LootRespawner] (PRIDummy) :: Item [16] causing search overtime: "Sedan_02_Trunk_Grey"
21:18:12.885 [CE][LootRespawner] (PRIDummy) :: Item [17] causing search overtime: "Sedan_02_Trunk_Grey"
21:18:12.885 [CE][LootRespawner] (PRIDummy) :: Item [18] causing search overtime: "Sedan_02_Trunk_Grey"
21:18:12.885 [CE][LootRespawner] (PRIDummy) :: Item [19] causing search overtime: "Sedan_02_Trunk_Grey"
21:18:13.10 [CE][LootRespawner] (PRIDummy) :: Initially (re)spawned:0, Nominal:12429, Total in Map: 12031 at 0 (sec)
21:18:13.10   tests:0, repeats:0 fails:0, overtime:498
21:18:13.10 [CE][DynEvent] :: 32 types
21:18:13.10 [00] AmbientHen
21:18:13.10   Primary Spawner: "Ambient", active: yes, repeat: 1
21:18:13.10 [01] AnimalBear
21:18:13.10   Primary Spawner: "Animal", active: yes, repeat: 1
21:18:13.10 [02] AnimalCow
21:18:13.10   Primary Spawner: "Animal", active: yes, repeat: 1
21:18:13.10 [03] AnimalDeer
21:18:13.10   Primary Spawner: "Animal", active: yes, repeat: 1
21:18:13.10 [04] AnimalGoat
21:18:13.10   Primary Spawner: "Animal", active: yes, repeat: 1
21:18:13.10 [05] AnimalPig
21:18:13.10   Primary Spawner: "Animal", active: yes, repeat: 1
21:18:13.10 [06] AnimalRoeDeer
21:18:13.10   Primary Spawner: "Animal", active: yes, repeat: 1
21:18:13.10 [07] AnimalSheep
21:18:13.10   Primary Spawner: "Animal", active: yes, repeat: 1
21:18:13.10 [08] AnimalWildBoar
21:18:13.10   Primary Spawner: "Animal", active: yes, repeat: 1
21:18:13.10 [09] AnimalWolf
21:18:13.10   Primary Spawner: "Animal", active: yes, repeat: 1
21:18:13.10 [10] InfectedArmy
21:18:13.10   Primary Spawner: "Infected", active: yes, repeat: 1
21:18:13.10 [11] InfectedCity
21:18:13.10   Primary Spawner: "Infected", active: yes, repeat: 1
21:18:13.10 [12] InfectedFirefighter
21:18:13.10   Primary Spawner: "Infected", active: yes, repeat: 1
21:18:13.10 [13] InfectedIndustrial
21:18:13.10   Primary Spawner: "Infected", active: yes, repeat: 1
21:18:13.10 [14] InfectedMedic
21:18:13.10   Primary Spawner: "Infected", active: yes, repeat: 1
21:18:13.10 [15] InfectedPolice
21:18:13.10   Primary Spawner: "Infected", active: yes, repeat: 1
21:18:13.10 [16] InfectedPrisoner
21:18:13.10   Primary Spawner: "Infected", active: yes, repeat: 1
21:18:13.10 [17] InfectedReligious
21:18:13.10   Primary Spawner: "Infected", active: yes, repeat: 1
21:18:13.10 [18] InfectedSolitude
21:18:13.10   Primary Spawner: "Infected", active: yes, repeat: 1
21:18:13.10 [19] InfectedVillage
21:18:13.10   Primary Spawner: "Infected", active: yes, repeat: 1
21:18:13.10 [20] ItemPlanks
21:18:13.10   Primary Spawner: "Item", active: yes, repeat: 1
21:18:13.10 [21] Loot
21:18:13.10   Primary Spawner: "Loot", active: yes, repeat: 2
21:18:13.10 [22] StaticHeliCrash
21:18:13.10   Primary Spawner: "Vehicle", active: yes, repeat: 1
21:18:13.10   Secondary Spawner: "Infected", active: yes, repeat: 1
21:18:13.10 [23] StaticPoliceCar
21:18:13.10   Primary Spawner: "Vehicle", active: yes, repeat: 1
21:18:13.10 [24] TrajectoryConiferous
21:18:13.10   Primary Spawner: "Trajectory", active: yes, repeat: 1
21:18:13.10 [25] TrajectoryDeciduous
21:18:13.10   Primary Spawner: "Trajectory", active: yes, repeat: 1
21:18:13.10 [26] TrajectoryHumus
21:18:13.10   Primary Spawner: "Trajectory", active: yes, repeat: 1
21:18:13.10 [27] TrajectoryStones
21:18:13.10   Primary Spawner: "Trajectory", active: yes, repeat: 1
21:18:13.10 [28] VehicleCivilianSedan
21:18:13.10   Primary Spawner: "Vehicle", active: yes, repeat: 1
21:18:13.10 [29] VehicleHatchback02
21:18:13.10   Primary Spawner: "Vehicle", active: yes, repeat: 1
21:18:13.10 [30] VehicleOffroadHatchback
21:18:13.10   Primary Spawner: "Vehicle", active: yes, repeat: 1
21:18:13.10 [31] VehicleSedan02
21:18:13.10   Primary Spawner: "Vehicle", active: yes, repeat: 1
21:18:13.10 [CE][Hive] :: Initializing of spawners done.
21:18:13.10 [CE][Hive] :: Init sequence finished.
21:18:13.10 Player connect enabled
21:18:13.307 Average server FPS: 0.08 (measured interval: 30 s)
21:18:13.307 Used memory: 1165561 KB
21:18:13.307 Players: 0 in total
21:18:43.308 Average server FPS: 5853.40 (measured interval: 30 s)
21:18:43.308 Used memory: 1284615 KB
21:18:43.308 Players: 0 in total
21:19:13.311 Average server FPS: 8187.27 (measured interval: 30 s)
21:19:13.311 Used memory: 1301428 KB
21:19:13.311 Players: 0 in total
21:19:43.312 Average server FPS: 8117.97 (measured interval: 30 s)
21:19:43.312 Used memory: 1319172 KB
21:19:43.312 Players: 0 in total
21:20:13.298 Average server FPS: 8103.57 (measured interval: 30 s)
21:20:13.298 Used memory: 1335895 KB
21:20:13.298 Players: 0 in total
21:20:43.299 Average server FPS: 8286.03 (measured interval: 30 s)
21:20:43.299 Used memory: 1350378 KB
21:20:43.299 Players: 0 in total
21:21:13.301 Average server FPS: 8642.93 (measured interval: 30 s)
21:21:13.301 Used memory: 1353278 KB
21:21:13.301 Players: 0 in total
21:21:43.302 Average server FPS: 9423.30 (measured interval: 30 s)
21:21:43.302 Used memory: 1353242 KB
21:21:43.302 Players: 0 in total
21:22:13.304 Average server FPS: 9140.33 (measured interval: 30 s)
21:22:13.304 Used memory: 1353231 KB
21:22:13.304 Players: 0 in total
21:22:43.305 Average server FPS: 8561.80 (measured interval: 30 s)
21:22:43.305 Used memory: 1353228 KB
21:22:43.305 Players: 0 in total
21:23:13.306 Average server FPS: 9139.97 (measured interval: 30 s)
21:23:13.306 Used memory: 1353215 KB
21:23:13.306 Players: 0 in total
21:23:43.308 Average server FPS: 9298.70 (measured interval: 30 s)
21:23:43.308 Used memory: 1353236 KB
21:23:43.308 Players: 0 in total
21:24:13.309 Average server FPS: 8827.10 (measured interval: 30 s)
21:24:13.309 Used memory: 1353117 KB
21:24:13.309 Players: 0 in total
21:24:43.311 Average server FPS: 9126.20 (measured interval: 30 s)
21:24:43.311 Used memory: 1352601 KB
21:24:43.311 Players: 0 in total
21:25:13.312 Average server FPS: 9190.57 (measured interval: 30 s)
21:25:13.312 Used memory: 1352583 KB
21:25:13.312 Players: 0 in total
21:25:24.219 [CE][Links] found 0 total links between groups, of 1
21:25:24.219 [CE][SpawnRandomLoot] (StaticHeliCrash) :: ChildType: Wreck_Mi8, lootmin: 10, lootmax: 20, wanted: 15
21:25:24.235 [CE][Links] found 0 total links between groups, of 2
21:25:24.235 [CE][SpawnRandomLoot] (StaticHeliCrash) :: ChildType: Wreck_Mi8, lootmin: 10, lootmax: 20, wanted: 13
21:25:24.500 [CE][Links] found 0 total links between groups, of 3
21:25:24.500 [CE][SpawnRandomLoot] (StaticPoliceCar) :: ChildType: Land_Wreck_Volha_Police, lootmin: 3, lootmax: 5, wanted: 4
21:25:24.516 [CE][Links] found 0 total links between groups, of 4
21:25:24.516 [CE][SpawnRandomLoot] (StaticPoliceCar) :: ChildType: Land_Wreck_Volha_Police, lootmin: 3, lootmax: 5, wanted: 3
21:25:24.516 [CE][Links] found 0 total links between groups, of 5
21:25:24.516 [CE][SpawnRandomLoot] (StaticPoliceCar) :: ChildType: Land_Wreck_Volha_Police, lootmin: 3, lootmax: 5, wanted: 3
21:25:24.516 [CE][Links] found 0 total links between groups, of 6
21:25:24.516 [CE][SpawnRandomLoot] (StaticPoliceCar) :: ChildType: Land_Wreck_Volha_Police, lootmin: 3, lootmax: 5, wanted: 4
21:25:24.516 [CE][Links] found 0 total links between groups, of 7
21:25:24.516 [CE][SpawnRandomLoot] (StaticPoliceCar) :: ChildType: Land_Wreck_Volha_Police, lootmin: 3, lootmax: 5, wanted: 3
21:25:24.516 [CE][Links] found 0 total links between groups, of 8
21:25:24.516 [CE][SpawnRandomLoot] (StaticPoliceCar) :: ChildType: Land_Wreck_Volha_Police, lootmin: 3, lootmax: 5, wanted: 3
21:25:24.516 [CE][Links] found 0 total links between groups, of 9
21:25:24.516 [CE][SpawnRandomLoot] (StaticPoliceCar) :: ChildType: Land_Wreck_Volha_Police, lootmin: 3, lootmax: 5, wanted: 4
21:25:24.516 [CE][Links] found 0 total links between groups, of 10
21:25:24.516 [CE][SpawnRandomLoot] (StaticPoliceCar) :: ChildType: Land_Wreck_Volha_Police, lootmin: 3, lootmax: 5, wanted: 4
21:25:24.531 [CE][Links] found 0 total links between groups, of 11
21:25:24.531 [CE][SpawnRandomLoot] (StaticPoliceCar) :: ChildType: Land_Wreck_Volha_Police, lootmin: 3, lootmax: 5, wanted: 4
21:25:43.298 Average server FPS: 9006.30 (measured interval: 30 s)
21:25:43.298 Used memory: 1353271 KB
21:25:43.298 Players: 0 in total
21:26:13.299 Average server FPS: 9173.90 (measured interval: 30 s)
21:26:13.299 Used memory: 1353247 KB
21:26:13.299 Players: 0 in total
21:26:18.315 [CE][Links] found 0 total links between groups, of 12
21:26:18.315 [CE][SpawnRandomLoot] (StaticHeliCrash) :: ChildType: Wreck_Mi8, lootmin: 10, lootmax: 20, wanted: 19
21:26:42.973 [CE][Links] found 0 total links between groups, of 13
21:26:42.973 [CE][SpawnRandomLoot] (StaticPoliceCar) :: ChildType: Land_Wreck_Volha_Police, lootmin: 3, lootmax: 5, wanted: 4
21:26:43.301 Average server FPS: 9060.33 (measured interval: 30 s)
21:26:43.301 Used memory: 1353443 KB
21:26:43.301 Players: 0 in total
21:27:13.302 Average server FPS: 8984.03 (measured interval: 30 s)
21:27:13.302 Used memory: 1353503 KB
21:27:13.302 Players: 0 in total
21:27:43.304 Average server FPS: 9110.20 (measured interval: 30 s)
21:27:43.304 Used memory: 1353548 KB
21:27:43.304 Players: 0 in total
21:28:13.305 Average server FPS: 8791.30 (measured interval: 30 s)
21:28:13.305 Used memory: 1353588 KB
21:28:13.305 Players: 0 in total
21:28:43.307 Average server FPS: 7490.60 (measured interval: 30 s)
21:28:43.307 Used memory: 1353585 KB
21:28:43.307 Players: 0 in total
21:29:13.308 Average server FPS: 9249.13 (measured interval: 30 s)
21:29:13.308 Used memory: 1353510 KB
21:29:13.308 Players: 0 in total
21:29:43.309 Average server FPS: 8797.67 (measured interval: 30 s)
21:29:43.309 Used memory: 1353546 KB
21:29:43.309 Players: 0 in total
21:30:13.311 Average server FPS: 9157.63 (measured interval: 30 s)
21:30:13.311 Used memory: 1353530 KB
21:30:13.311 Players: 0 in total
21:30:43.312 Average server FPS: 8528.37 (measured interval: 30 s)
21:30:43.312 Used memory: 1353536 KB
21:30:43.312 Players: 0 in total
21:31:13.298 Average server FPS: 9165.30 (measured interval: 30 s)
21:31:13.298 Used memory: 1353639 KB
21:31:13.298 Players: 0 in total
21:31:43.315 Average server FPS: 9073.16 (measured interval: 30 s)
21:31:43.315 Used memory: 1353661 KB
21:31:43.315 Players: 0 in total
21:32:13.317 Average server FPS: 8836.82 (measured interval: 30 s)
21:32:13.317 Used memory: 1353685 KB
21:32:13.317 Players: 0 in total
21:32:43.318 Average server FPS: 8601.30 (measured interval: 30 s)
21:32:43.318 Used memory: 1353631 KB
21:32:43.318 Players: 0 in total
21:33:13.319 Average server FPS: 9064.99 (measured interval: 30 s)
21:33:13.319 Used memory: 1353669 KB
21:33:13.319 Players: 0 in total
21:33:43.321 Average server FPS: 8582.40 (measured interval: 30 s)
21:33:43.321 Used memory: 1353866 KB
21:33:43.321 Players: 0 in total
21:34:13.338 Average server FPS: 8582.87 (measured interval: 30 s)
21:34:13.338 Used memory: 1353968 KB
21:34:13.338 Players: 0 in total
21:34:43.339 Average server FPS: 8831.86 (measured interval: 30 s)
21:34:43.339 Used memory: 1354015 KB
21:34:43.339 Players: 0 in total
21:35:13.341 Average server FPS: 8966.27 (measured interval: 30 s)
21:35:13.341 Used memory: 1353969 KB
21:35:13.341 Players: 0 in total
21:35:43.342 Average server FPS: 8777.23 (measured interval: 30 s)
21:35:43.342 Used memory: 1353900 KB
21:35:43.342 Players: 0 in total
21:36:13.359 Average server FPS: 8761.45 (measured interval: 30 s)
21:36:13.359 Used memory: 1353836 KB
21:36:13.359 Players: 0 in total
21:36:43.361 Average server FPS: 9260.42 (measured interval: 30 s)
21:36:43.361 Used memory: 1353806 KB
21:36:43.361 Players: 0 in total
21:37:13.362 Average server FPS: 8806.17 (measured interval: 30 s)
21:37:13.362 Used memory: 1353705 KB
21:37:13.362 Players: 0 in total
21:37:43.363 Average server FPS: 9050.33 (measured interval: 30 s)
21:37:43.363 Used memory: 1353725 KB
21:37:43.363 Players: 0 in total
21:38:13.381 Average server FPS: 9188.67 (measured interval: 30 s)
21:38:13.381 Used memory: 1353559 KB
21:38:13.381 Players: 0 in total
21:38:22.68 [CE][LootRespawner] (PRIDummy) :: Item [0] is hard to place, performance drops: "RadarCap_Blue"
21:38:43.398 Average server FPS: 9312.77 (measured interval: 30 s)
21:38:43.398 Used memory: 1353616 KB
21:38:43.398 Players: 0 in total
21:39:13.399 Average server FPS: 9068.27 (measured interval: 30 s)
21:39:13.399 Used memory: 1353759 KB
21:39:13.399 Players: 0 in total
21:39:43.400 Average server FPS: 8759.60 (measured interval: 30 s)
21:39:43.400 Used memory: 1353678 KB
21:39:43.400 Players: 0 in total
21:40:13.402 Average server FPS: 9080.20 (measured interval: 30 s)
21:40:13.402 Used memory: 1353461 KB
21:40:13.402 Players: 0 in total
21:40:43.403 Average server FPS: 8768.88 (measured interval: 30 s)
21:40:43.403 Used memory: 1353523 KB
21:40:43.403 Players: 0 in total
21:41:13.405 Average server FPS: 8879.92 (measured interval: 30 s)
21:41:13.405 Used memory: 1353429 KB
21:41:13.405 Players: 0 in total
21:41:43.406 Average server FPS: 9029.03 (measured interval: 30 s)
21:41:43.406 Used memory: 1353400 KB
21:41:43.406 Players: 0 in total
21:42:13.408 Average server FPS: 8281.39 (measured interval: 30 s)
21:42:13.408 Used memory: 1353393 KB
21:42:13.408 Players: 0 in total
21:42:43.425 Average server FPS: 8253.76 (measured interval: 30 s)
21:42:43.425 Used memory: 1353357 KB
21:42:43.425 Players: 0 in total
21:43:13.426 Average server FPS: 8490.42 (measured interval: 30 s)
21:43:13.426 Used memory: 1353376 KB
21:43:13.426 Players: 0 in total
21:43:43.427 Average server FPS: 8907.68 (measured interval: 30 s)
21:43:43.427 Used memory: 1353371 KB
21:43:43.427 Players: 0 in total
21:44:13.429 Average server FPS: 8755.88 (measured interval: 30 s)
21:44:13.429 Used memory: 1353356 KB
21:44:13.429 Players: 0 in total
21:44:43.430 Average server FPS: 8696.01 (measured interval: 30 s)
21:44:43.430 Used memory: 1353354 KB
21:44:43.430 Players: 0 in total
21:45:13.447 Average server FPS: 9064.69 (measured interval: 30 s)
21:45:13.447 Used memory: 1353328 KB
21:45:13.447 Players: 0 in total
21:45:43.449 Average server FPS: 8767.06 (measured interval: 30 s)
21:45:43.449 Used memory: 1353332 KB
21:45:43.449 Players: 0 in total
21:46:13.466 Average server FPS: 8928.62 (measured interval: 30 s)
21:46:13.466 Used memory: 1353436 KB
21:46:13.466 Players: 0 in total
21:46:43.467 Average server FPS: 8603.27 (measured interval: 30 s)
21:46:43.467 Used memory: 1353608 KB
21:46:43.467 Players: 0 in total
21:47:13.469 Average server FPS: 8170.83 (measured interval: 30 s)
21:47:13.469 Used memory: 1353585 KB
21:47:13.469 Players: 0 in total
21:47:43.288  --- Termination successfully completed --- 
